adb server is out of date.  killing...
* daemon started successfully *
--------- beginning of system
V/HwWindowManagerService( 1306): setFocusedApp update app ops, mTaskChanged set to:false
W/ActivityManager( 1306): getRunningAppProcesses: caller 10156 does not hold REAL_GET_TASKS; limiting output
E/NetlinkEvent(  391): NetlinkEvent::FindParam(): Parameter 'UID' not found
W/SocketListener(  391): sending broadcast to Pid = 1306, Uid = 1000 
D/NetdConnector( 1306): RCV <- {613 IfaceClass active 0 1050754325994377}
D/NetdConnector( 1306): RCV <- {613 IfaceClass active 0 1050754325994377}
D/NetdConnector( 1306): RCV unsolicited event from native daemon, event = 613 IfaceClass active 0 1050754325994377
D/NetworkManagement( 1306): notifyInterfaceClassActivity: client is com.android.server.connectivity.Vpn$3@443cac
D/NetworkManagement( 1306): notifyInterfaceClassActivity: client is com.android.server.net.NetlinkTracker@c20bbb
D/NetworkManagement( 1306): notifyInterfaceClassActivity: client is com.android.server.net.NetworkPolicyManagerService$14@1ac690c
D/NetworkManagement( 1306): notifyInterfaceClassActivity: client is com.android.server.ConnectivityService$2@6172a79
I/ActivityManager( 1306): Config changes=480 {1.0 460mcc1mnc zh_CN ldltr sw360dp w598dp h336dp 480dpi nrml land finger -keyb/v/h -nav/h suim:1 s.128}
V/HwWindowManagerService( 1306): setNewConfiguration notify window callback
W/HwWindowManagerService( 1306): mIHwWindowCallback handleConfigurationChanged
W/HwWindowManagerService( 1306): android.os.DeadObjectException
W/HwWindowManagerService( 1306): 	at android.os.BinderProxy.transactNative(Native Method)
W/HwWindowManagerService( 1306): 	at android.os.BinderProxy.transact(Binder.java:505)
W/HwWindowManagerService( 1306): 	at huawei.android.app.IHwWindowCallback$Stub$Proxy.handleConfigurationChanged(IHwWindowCallback.java:107)
W/HwWindowManagerService( 1306): 	at com.android.server.wm.HwWindowManagerService.setNewConfiguration(HwWindowManagerService.java:523)
W/HwWindowManagerService( 1306): 	at com.android.server.am.ActivityManagerService.updateConfigurationLocked(ActivityManagerService.java:18544)
W/HwWindowManagerService( 1306): 	at com.android.server.am.ActivityStackSupervisor.realStartActivityLocked(ActivityStackSupervisor.java:1324)
W/HwWindowManagerService( 1306): 	at com.android.server.am.ActivityStackSupervisor.startSpecificActivityLocked(ActivityStackSupervisor.java:1525)
W/HwWindowManagerService( 1306): 	at com.android.server.am.ActivityStack.resumeTopActivityInnerLocked(ActivityStack.java:2722)
W/HwWindowManagerService( 1306): 	at com.android.server.am.ActivityStack.resumeTopActivityLocked(ActivityStack.java:2127)
W/HwWindowManagerService( 1306): 	at com.android.server.am.ActivityStackSupervisor.resumeTopActivitiesLocked(ActivityStackSupervisor.java:3340)
W/HwWindowManagerService( 1306): 	at com.android.server.am.ActivityStack.completePauseLocked(ActivityStack.java:1355)
W/HwWindowManagerService( 1306): 	at com.android.server.am.ActivityStack.activityPausedLocked(ActivityStack.java:1173)
W/HwWindowManagerService( 1306): 	at com.android.server.am.ActivityManagerService.activityPaused(ActivityManagerService.java:7018)
W/HwWindowManagerService( 1306): 	at android.app.ActivityManagerNative.onTransact(ActivityManagerNative.java:539)
W/HwWindowManagerService( 1306): 	at com.android.server.am.ActivityManagerService.onTransact(ActivityManagerService.java:2707)
W/HwWindowManagerService( 1306): 	at com.android.server.am.HwActivityManagerService.onTransact(HwActivityManagerService.java:393)
W/HwWindowManagerService( 1306): 	at android.os.Binder.execTransact(Binder.java:453)
I/ActivityManager( 1306): launch r: ActivityRecord{afc3274 u0 com.martin.ads.testopencv/.MainActivity t20533}, uid = 10167, r.info.applicationInfo.euid  = 0
D/HwWindowManagerService( 1306): setFocuedApp r: ActivityRecord{afc3274 u0 com.martin.ads.testopencv/.MainActivity t20533},pkgName=com.martin.ads.testopencv
D/HwWindowManagerService( 1306): setFocuedApp focusedAppChanged
W/HwWindowManagerService( 1306): mIHwWindowCallback focusedAppChanged
W/HwWindowManagerService( 1306): android.os.DeadObjectException
W/HwWindowManagerService( 1306): 	at android.os.BinderProxy.transactNative(Native Method)
W/HwWindowManagerService( 1306): 	at android.os.BinderProxy.transact(Binder.java:505)
W/HwWindowManagerService( 1306): 	at huawei.android.app.IHwWindowCallback$Stub$Proxy.focusedAppChanged(IHwWindowCallback.java:160)
W/HwWindowManagerService( 1306): 	at com.android.server.wm.HwWindowManagerService.setFocusedAppForNavi(HwWindowManagerService.java:495)
W/HwWindowManagerService( 1306): 	at com.android.server.am.HwActivityManagerService.setFocusedActivityLockedForNavi(HwActivityManagerService.java:938)
W/HwWindowManagerService( 1306): 	at com.android.server.am.ActivityStack.completeResumeLocked(ActivityStack.java:1439)
W/HwWindowManagerService( 1306): 	at com.android.server.am.ActivityStack.minimalResumeActivityLocked(ActivityStack.java:873)
W/HwWindowManagerService( 1306): 	at com.android.server.am.ActivityStackSupervisor.realStartActivityLocked(ActivityStackSupervisor.java:1477)
W/HwWindowManagerService( 1306): 	at com.android.server.am.ActivityStackSupervisor.startSpecificActivityLocked(ActivityStackSupervisor.java:1525)
W/HwWindowManagerService( 1306): 	at com.android.server.am.ActivityStack.resumeTopActivityInnerLocked(ActivityStack.java:2722)
W/HwWindowManagerService( 1306): 	at com.android.server.am.ActivityStack.resumeTopActivityLocked(ActivityStack.java:2127)
W/HwWindowManagerService( 1306): 	at com.android.server.am.ActivityStackSupervisor.resumeTopActivitiesLocked(ActivityStackSupervisor.java:3340)
W/HwWindowManagerService( 1306): 	at com.android.server.am.ActivityStack.completePauseLocked(ActivityStack.java:1355)
W/HwWindowManagerService( 1306): 	at com.android.server.am.ActivityStack.activityPausedLocked(ActivityStack.java:1173)
W/HwWindowManagerService( 1306): 	at com.android.server.am.ActivityManagerService.activityPaused(ActivityManagerService.java:7018)
W/HwWindowManagerService( 1306): 	at android.app.ActivityManagerNative.onTransact(ActivityManagerNative.java:539)
W/HwWindowManagerService( 1306): 	at com.android.server.am.ActivityManagerService.onTransact(ActivityManagerService.java:2707)
W/HwWindowManagerService( 1306): 	at com.android.server.am.HwActivityManagerService.onTransact(HwActivityManagerService.java:393)
W/HwWindowManagerService( 1306): 	at android.os.Binder.execTransact(Binder.java:453)
I/ActivityManager( 1306): collectReceiverComponents for intent: Intent { act=android.net.conn.DATA_ACTIVITY_CHANGE flg=0x10 (has extras) }, receivers: null
D/NetworkManagement( 1306): notifyInterfaceClassActivity: client is com.android.server.ethernet.EthernetNetworkFactory$InterfaceObserver@654c80a
D/NetworkManagement( 1306): notifyInterfaceClassActivity: client is com.android.server.connectivity.Tethering@7097b40
D/NetworkManagement( 1306): notifyInterfaceClassActivity: client is android.net.INetworkManagementEventObserver$Stub$Proxy@cd7b8c4
D/NetworkManagement( 1306): notifyInterfaceClassActivity: client is com.android.server.net.NetworkStatsService$7@eee0679
D/ToolboxContentView( 2101): update ToolBox when the Configuration is changed.
V/ActivityThread( 6746): ActivityThread,callActivityOnCreate
I/HwActivityManagerService( 1306): PackageName for pid 3186 is com.android.phone
V/HwPhoneWindowManager( 1306): updateSystemUiColorLw window=Window{b3cf1c5 u0 com.martin.ads.testopencv/com.martin.ads.testopencv.MainActivity},EmuiStyle=0,StatusBarColor=0xff000000,NavigationBarColor=0xff000000
D/CommandQueue( 2101): CommandQueue, onTransaction
D/CommandQueue( 2101): CommandQueue, setBarBackgroundColor
I/PermissionManager( 6746): camera remind result:true
V/WindowManager( 1306): Layouts looping: On entry to LockedInner, mPendingLayoutChanges = 0x1
V/WindowManager( 1306): Layouts looping: after finishPostLayoutPolicyLw, mPendingLayoutChanges = 0x0
V/WindowManager( 1306): Layouts looping: mLayoutNeeded, mPendingLayoutChanges = 0x1
V/WindowManager( 1306): Layouts looping: On entry to LockedInner, mPendingLayoutChanges = 0x1
V/WindowManager( 1306): Layouts looping: after finishPostLayoutPolicyLw, mPendingLayoutChanges = 0x0
V/WindowManager( 1306): Layouts looping: mLayoutNeeded, mPendingLayoutChanges = 0x1
E/WindowManager( 1306): Performed 6 layouts in a row. Skipping
I/HwMtmBroadcastResourceManager( 1306): removeReceiver mtm Broadcast
I/HwMtmBroadcastResourceManager( 1306): removeReceiver mtm Broadcast
I/WindowManager( 1306): Screen frozen for +873ms due to Window{b3cf1c5 u0 com.martin.ads.testopencv/com.martin.ads.testopencv.MainActivity}
W/ActivityManager( 1306): getRunningAppProcesses: caller 10156 does not hold REAL_GET_TASKS; limiting output
W/ActivityManager( 1306): getRunningAppProcesses: caller 10156 does not hold REAL_GET_TASKS; limiting output
I/ActivityManager( 1306): collectReceiverComponents for intent: Intent { act=android.intent.action.SIG_STR flg=0x20000010 (has extras) }, receivers: null
I/ActivityManager( 1306): collectReceiverComponents for intent: Intent { act=com.uc.base.rism.ACTION_RECEIVE_MESSAGE flg=0x10 pkg=com.UCMobile (has extras) }, receivers: [ResolveInfo{8ff7f72 com.UCMobile/com.uc.business.rism.RismReceiver m=0x108000 euid=0}]
D/WifiService( 1306): getWifiServiceMessenger, pid:6351, uid:10156
D/WifiService( 1306): New client listening to asynchronous messages
W/ActivityManager( 1306): getRunningAppProcesses: caller 10156 does not hold REAL_GET_TASKS; limiting output
W/ActivityManager( 1306): getRunningAppProcesses: caller 10156 does not hold REAL_GET_TASKS; limiting output
W/ActivityManager( 1306):   Force finishing activity com.martin.ads.testopencv/.MainActivity
W/DropBoxManagerService( 1306): Dropping: data_app_native_crash (10 > 0 bytes)
V/HwWindowManagerService( 1306): moveTaskToTop mTaskChanged:true
V/HwWindowManagerService( 1306): setFocusedApp update app ops, mTaskChanged set to:false
I/ActivityManager( 1306): collectReceiverComponents for intent: Intent { act=android.intent.action.DROPBOX_ENTRY_ADDED flg=0x10 (has extras) }, receivers: null
W/ActivityManager( 1306): Skipping native crash dialog of ProcessRecord{29a604f 6746:com.martin.ads.testopencv/u0a167}
I/BootReceiver( 1306): Copying /data/tombstones/tombstone_04 to DropBox (SYSTEM_TOMBSTONE)
W/DropBoxManagerService( 1306): Dropping: SYSTEM_TOMBSTONE (10 > 0 bytes)
I/ActivityManager( 1306): collectReceiverComponents for intent: Intent { act=android.intent.action.DROPBOX_ENTRY_ADDED flg=0x10 (has extras) }, receivers: null
W/ActivityManager( 1306): getRunningAppProcesses: caller 10156 does not hold REAL_GET_TASKS; limiting output
I/WindowState( 1306): WIN DEATH: Window{b3cf1c5 u0 com.martin.ads.testopencv/com.martin.ads.testopencv.MainActivity}
I/ActivityManager( 1306): Process com.martin.ads.testopencv (pid 6746) has died
D/ActivityManager( 1306): cleanUpApplicationRecord -- 6746
I/ActivityManager( 1306): cleanUpApplicationRecordLocked, reset pid: 6746, euid: 0
I/WindowState( 1306): WIN DEATH: Window{1f5c24b u0 SurfaceView}
I/ActivityManager( 1306): Config changes=480 {1.0 460mcc1mnc zh_CN ldltr sw360dp w360dp h568dp 480dpi nrml port finger -keyb/v/h -nav/h suim:1 s.129}
V/HwWindowManagerService( 1306): setNewConfiguration notify window callback
W/HwWindowManagerService( 1306): mIHwWindowCallback handleConfigurationChanged
W/HwWindowManagerService( 1306): android.os.DeadObjectException
W/HwWindowManagerService( 1306): 	at android.os.BinderProxy.transactNative(Native Method)
W/HwWindowManagerService( 1306): 	at android.os.BinderProxy.transact(Binder.java:505)
W/HwWindowManagerService( 1306): 	at huawei.android.app.IHwWindowCallback$Stub$Proxy.handleConfigurationChanged(IHwWindowCallback.java:107)
W/HwWindowManagerService( 1306): 	at com.android.server.wm.HwWindowManagerService.setNewConfiguration(HwWindowManagerService.java:523)
W/HwWindowManagerService( 1306): 	at com.android.server.am.ActivityManagerService.updateConfigurationLocked(ActivityManagerService.java:18544)
W/HwWindowManagerService( 1306): 	at com.android.server.am.ActivityStack.resumeTopActivityInnerLocked(ActivityStack.java:2549)
W/HwWindowManagerService( 1306): 	at com.android.server.am.ActivityStack.resumeTopActivityLocked(ActivityStack.java:2127)
W/HwWindowManagerService( 1306): 	at com.android.server.am.ActivityStackSupervisor.resumeTopActivitiesLocked(ActivityStackSupervisor.java:3340)
W/HwWindowManagerService( 1306): 	at com.android.server.am.ActivityStackSupervisor.resumeTopActivitiesLocked(ActivityStackSupervisor.java:3327)
W/HwWindowManagerService( 1306): 	at com.android.server.am.ActivityManagerService.handleAppDiedLocked(ActivityManagerService.java:4963)
W/HwWindowManagerService( 1306): 	at com.android.server.am.ActivityManagerService.appDiedLocked(ActivityManagerService.java:5118)
W/HwWindowManagerService( 1306): 	at com.android.server.am.ActivityManagerService$AppDeathRecipient.binderDied(ActivityManagerService.java:1424)
W/HwWindowManagerService( 1306): 	at android.os.BinderProxy.sendDeathNotice(Binder.java:569)
W/WindowState( 1306): Failed to report 'resized' to the client of Window{1f5c24b u0 SurfaceView}, removing this window.
W/WindowState( 1306): Failed to report 'resized' to the client of Window{b3cf1c5 u0 com.martin.ads.testopencv/com.martin.ads.testopencv.MainActivity}, removing this window.
D/HwWindowManagerService( 1306): setFocuedApp r: ActivityRecord{8e8843b u0 com.huawei.android.launcher/.Launcher t19385},pkgName=com.huawei.android.launcher
D/HwWindowManagerService( 1306): setFocuedApp focusedAppChanged
W/HwWindowManagerService( 1306): mIHwWindowCallback focusedAppChanged
W/HwWindowManagerService( 1306): android.os.DeadObjectException
W/HwWindowManagerService( 1306): 	at android.os.BinderProxy.transactNative(Native Method)
W/HwWindowManagerService( 1306): 	at android.os.BinderProxy.transact(Binder.java:505)
W/HwWindowManagerService( 1306): 	at huawei.android.app.IHwWindowCallback$Stub$Proxy.focusedAppChanged(IHwWindowCallback.java:160)
W/HwWindowManagerService( 1306): 	at com.android.server.wm.HwWindowManagerService.setFocusedAppForNavi(HwWindowManagerService.java:495)
W/HwWindowManagerService( 1306): 	at com.android.server.am.HwActivityManagerService.setFocusedActivityLockedForNavi(HwActivityManagerService.java:938)
W/HwWindowManagerService( 1306): 	at com.android.server.am.ActivityStack.completeResumeLocked(ActivityStack.java:1439)
W/HwWindowManagerService( 1306): 	at com.android.server.am.ActivityStack.resumeTopActivityInnerLocked(ActivityStack.java:2693)
W/HwWindowManagerService( 1306): 	at com.android.server.am.ActivityStack.resumeTopActivityLocked(ActivityStack.java:2127)
W/HwWindowManagerService( 1306): 	at com.android.server.am.ActivityStackSupervisor.resumeTopActivitiesLocked(ActivityStackSupervisor.java:3340)
W/HwWindowManagerService( 1306): 	at com.android.server.am.ActivityStackSupervisor.resumeTopActivitiesLocked(ActivityStackSupervisor.java:3327)
W/HwWindowManagerService( 1306): 	at com.android.server.am.ActivityManagerService.handleAppDiedLocked(ActivityManagerService.java:4963)
W/HwWindowManagerService( 1306): 	at com.android.server.am.ActivityManagerService.appDiedLocked(ActivityManagerService.java:5118)
W/HwWindowManagerService( 1306): 	at com.android.server.am.ActivityManagerService$AppDeathRecipient.binderDied(ActivityManagerService.java:1424)
W/HwWindowManagerService( 1306): 	at android.os.BinderProxy.sendDeathNotice(Binder.java:569)
D/ToolboxContentView( 2101): update ToolBox when the Configuration is changed.
V/HwPhoneWindowManager( 1306): updateSystemUiColorLw window=Window{c446d6 u0 com.huawei.android.launcher/com.huawei.android.launcher.Launcher},EmuiStyle=-1,StatusBarColor=0xfff0f0f0,NavigationBarColor=0x0
D/CommandQueue( 2101): CommandQueue, onTransaction
D/CommandQueue( 2101): CommandQueue, setBarBackgroundColor
W/InputMethodManagerService( 1306): Got RemoteException sending setActive(false) notification to pid 6746 uid 10167
I/WindowManager( 1306): Screen frozen for +193ms due to Window{c446d6 u0 com.huawei.android.launcher/com.huawei.android.launcher.Launcher}
I/ActivityManager( 1306): collectReceiverComponents for intent: Intent { act=com.baidu.input.entry.launcer flg=0x10 (has extras) }, receivers: null
I/ActivityManager( 1306): collectReceiverComponents for intent: Intent { act=android.intent.action.SIG_STR flg=0x20000010 (has extras) }, receivers: null
I/ActivityManager( 1306): collectReceiverComponents for intent: Intent { act=com.uc.base.rism.ACTION_RECEIVE_MESSAGE flg=0x10 pkg=com.UCMobile (has extras) }, receivers: [ResolveInfo{505e970 com.UCMobile/com.uc.business.rism.RismReceiver m=0x108000 euid=0}]
I/ActivityManager( 1306): resolve info: ResolveInfo{750740f com.huawei.android.launcher/.Launcher m=0x108000 euid=0}, euid: 0
I/ActivityManager( 1306): START u0 {act=android.intent.action.MAIN cat=[android.intent.category.HOME] flg=0x10200200 cmp=com.huawei.android.launcher/.Launcher (has extras)} from uid 1000 on display 0
I/ActivityManager( 1306): ActivityRecord info: ActivityInfo{3382c9c com.huawei.android.launcher.Launcher}, euid=0
V/HwWindowManagerService( 1306): moveTaskToTop mTaskChanged:true
W/ActivityManager( 1306): getRunningAppProcesses: caller 10156 does not hold REAL_GET_TASKS; limiting output
V/AlarmManager( 1306): sending alarm Alarm{3743a7a type 3 when 1050759242 android},repeatInterval = 0
I/ActivityManager( 1306): collectReceiverComponents for intent: Intent { flg=0x4000010 }, receivers: null
I/ActivityManager( 1306): collectReceiverComponents for intent: Intent { act=android.net.wifi.SCAN_RESULTS flg=0x4000010 (has extras) }, receivers: [ResolveInfo{6aa422b com.android.settings/.wifi.cmcc.ConnectSwitchReceiver m=0x108000 euid=0}]
I/ActivityManager( 1306): collectReceiverComponents for intent: Intent { act=android.intent.action.SIG_STR flg=0x20000010 (has extras) }, receivers: null
W/ActivityManager( 1306): getRunningAppProcesses: caller 10156 does not hold REAL_GET_TASKS; limiting output
V/AlarmManager( 1306): Alarm triggering (type 0 or 2): [Alarm{ee97688 type 2 when 1050763241 com.tencent.mm}]
V/AlarmManager( 1306): sending alarm Alarm{ee97688 type 2 when 1050763241 com.tencent.mm},repeatInterval = 0
I/ActivityManager( 1306): collectReceiverComponents for intent: Intent { act=ALARM_ACTION(18494) flg=0x14 (has extras) }, receivers: null
V/AlarmManager( 1306): Alarm triggering (type 0 or 2): [Alarm{b51821 type 2 when 1050763271 com.tencent.mm}]
V/AlarmManager( 1306): sending alarm Alarm{b51821 type 2 when 1050763271 com.tencent.mm},repeatInterval = 0
I/ActivityManager( 1306): collectReceiverComponents for intent: Intent { act=ALARM_ACTION(18127) flg=0x14 (has extras) }, receivers: null
D/HwBatteryService( 1306): onUEvent fcp_values = 0
D/WifiService( 1306): onReceive, action:android.intent.action.BATTERY_CHANGED
D/WifiService( 1306): ACTION_BATTERY_CHANGED pluggedType: 2
I/ActivityManager( 1306): collectReceiverComponents for intent: Intent { act=android.intent.action.SIG_STR flg=0x20000010 (has extras) }, receivers: null
I/ActivityManager( 1306): collectReceiverComponents for intent: Intent { act=android.intent.action.SIG_STR flg=0x20000010 (has extras) }, receivers: null
W/ActivityManager( 1306): getRunningAppProcesses: caller 10156 does not hold REAL_GET_TASKS; limiting output
D/WifiService( 1306): onReceive, action:android.intent.action.BATTERY_CHANGED
D/WifiService( 1306): ACTION_BATTERY_CHANGED pluggedType: 2
I/ActivityManager( 1306): collectReceiverComponents for intent: Intent { act=android.intent.action.SIG_STR flg=0x20000010 (has extras) }, receivers: null
D/UsbDebuggingManager( 1306): Received public key: QAAAAGGgdZtf/LpfkfRp0JvR6hAcjsUeJHbzPTlMMS1Qhm/T648ggbekmQYSgoBw+h/Y3WboH8nSrddxH4Ly93XdMoFZwKyRiitiCID42egwpV/wlmgupDuI1MYOTDPPhKdVhGbX/3Tx3bun9iG5cJUXUWvl6JRmllrNYUhbPtipbHtJlWoPsp/P3t1RuW3/LsKqq0kOOX6KAv33QMxHgG/uNC4RdcpwT5Yc+W5NkjhzepwaNOFbeGB97yK9wu0Aug2sHqnz1CYBXdS2a4zff6ozX8bhZ30EM7EVddETVRZ2rz2ovXpe3JquHu1b6SzVlC6K4Z8417iNpfH5kfHrHDjF7+a9SsXA2kPwe0dr89RjxKKqvGyjuB3hK7DMNCElxJbiWcqigUax1uD3KE1DaZlvpu1oW6ZEx8RxJBSlu2gJrB8odt2u52L8bJKA3mB2B+PdO8QOPNmzy5h8iI+eYjyMBjuV8Z+EyogjK0LtrncuXFgCjZUlpAMmjXf3M2Xunnc82H1J5nQH1lI1iB4pv/ubViewy7osgkakCAkO6J7rT/cawYcCOs1iM/kYpH0+KdHHCOrXMTF+BSLYMBle+z4pd7ajElofFUDvHu9g26cQw+ehh+/Q5D24nIWA+oQzx1mv2PNMEGYMYG9+BxaUEDnkLRF7fCLV/eLNTyE6VaeYA0B+5T3uXwEAAQA= ternence@ternence-Latitude-E6540
I/ActivityManager( 1306): resolve info: ResolveInfo{4fb8446 com.android.systemui/.usb.UsbDebuggingActivity m=0x0 euid=0}, euid: 0
I/ActivityManager( 1306): START u0 {flg=0x10000000 cmp=com.android.systemui/.usb.UsbDebuggingActivity (has extras)} from uid 1000 on display 0
I/ActivityManager( 1306): ActivityRecord info: ActivityInfo{fd733b3 com.android.systemui.usb.UsbDebuggingActivity}, euid=0
V/HwWindowManagerService( 1306): moveTaskToTop mTaskChanged:true
I/ActivityManager( 1306): create new task record, multiLaunchId: 0, intent = Intent { flg=0x10800000 cmp=com.android.systemui/.usb.UsbDebuggingActivity (has extras) }
V/HwWindowManagerService( 1306): moveTaskToTop mTaskChanged:true
V/HwWindowManagerService( 1306): moveTaskToTop mTaskChanged:true
V/HwWindowManagerService( 1306): setFocusedApp update app ops, mTaskChanged set to:false
I/ActivityManager( 1306): launch r: ActivityRecord{588d607 u0 com.android.systemui/.usb.UsbDebuggingActivity t20534}, uid = 10029, r.info.applicationInfo.euid  = 0
D/HwWindowManagerService( 1306): setFocuedApp r: ActivityRecord{588d607 u0 com.android.systemui/.usb.UsbDebuggingActivity t20534},pkgName=com.android.systemui
D/HwWindowManagerService( 1306): setFocuedApp focusedAppChanged
W/HwWindowManagerService( 1306): mIHwWindowCallback focusedAppChanged
W/HwWindowManagerService( 1306): android.os.DeadObjectException
W/HwWindowManagerService( 1306): 	at android.os.BinderProxy.transactNative(Native Method)
W/HwWindowManagerService( 1306): 	at android.os.BinderProxy.transact(Binder.java:505)
W/HwWindowManagerService( 1306): 	at huawei.android.app.IHwWindowCallback$Stub$Proxy.focusedAppChanged(IHwWindowCallback.java:160)
W/HwWindowManagerService( 1306): 	at com.android.server.wm.HwWindowManagerService.setFocusedAppForNavi(HwWindowManagerService.java:495)
W/HwWindowManagerService( 1306): 	at com.android.server.am.HwActivityManagerService.setFocusedActivityLockedForNavi(HwActivityManagerService.java:938)
W/HwWindowManagerService( 1306): 	at com.android.server.am.ActivityStack.completeResumeLocked(ActivityStack.java:1439)
W/HwWindowManagerService( 1306): 	at com.android.server.am.ActivityStack.minimalResumeActivityLocked(ActivityStack.java:873)
W/HwWindowManagerService( 1306): 	at com.android.server.am.ActivityStackSupervisor.realStartActivityLocked(ActivityStackSupervisor.java:1477)
W/HwWindowManagerService( 1306): 	at com.android.server.am.ActivityStackSupervisor.startSpecificActivityLocked(ActivityStackSupervisor.java:1525)
W/HwWindowManagerService( 1306): 	at com.android.server.am.ActivityStack.resumeTopActivityInnerLocked(ActivityStack.java:2722)
W/HwWindowManagerService( 1306): 	at com.android.server.am.ActivityStack.resumeTopActivityLocked(ActivityStack.java:2127)
W/HwWindowManagerService( 1306): 	at com.android.server.am.ActivityStackSupervisor.resumeTopActivitiesLocked(ActivityStackSupervisor.java:3340)
W/HwWindowManagerService( 1306): 	at com.android.server.am.ActivityStack.completePauseLocked(ActivityStack.java:1355)
W/HwWindowManagerService( 1306): 	at com.android.server.am.ActivityStack.activityPausedLocked(ActivityStack.java:1173)
W/HwWindowManagerService( 1306): 	at com.android.server.am.ActivityManagerService.activityPaused(ActivityManagerService.java:7018)
W/HwWindowManagerService( 1306): 	at android.app.ActivityManagerNative.onTransact(ActivityManagerNative.java:539)
W/HwWindowManagerService( 1306): 	at com.android.server.am.ActivityManagerService.onTransact(ActivityManagerService.java:2707)
W/HwWindowManagerService( 1306): 	at com.android.server.am.HwActivityManagerService.onTransact(HwActivityManagerService.java:393)
W/HwWindowManagerService( 1306): 	at android.os.Binder.execTransact(Binder.java:453)
V/ActivityThread( 2101): ActivityThread,callActivityOnCreate
I/ActivityManager( 1306): collectReceiverComponents for intent: Intent { flg=0x4000010 }, receivers: null
I/ActivityManager( 1306): collectReceiverComponents for intent: Intent { act=android.net.wifi.SCAN_RESULTS flg=0x4000010 (has extras) }, receivers: [ResolveInfo{76f9315 com.android.settings/.wifi.cmcc.ConnectSwitchReceiver m=0x108000 euid=0}]
I/ActivityManager( 1306): collectReceiverComponents for intent: Intent { act=android.intent.action.SIG_STR flg=0x20000010 (has extras) }, receivers: null
I/ActivityManager( 1306): collectReceiverComponents for intent: Intent { act=android.intent.action.SIG_STR flg=0x20000010 (has extras) }, receivers: null
E/NetlinkEvent(  391): NetlinkEvent::FindParam(): Parameter 'UID' not found
W/SocketListener(  391): sending broadcast to Pid = 1306, Uid = 1000 
D/NetdConnector( 1306): RCV <- {613 IfaceClass idle 0 1050781105426033}
D/NetdConnector( 1306): RCV <- {613 IfaceClass idle 0 1050781105426033}
D/NetdConnector( 1306): RCV unsolicited event from native daemon, event = 613 IfaceClass idle 0 1050781105426033
D/NetworkManagement( 1306): notifyInterfaceClassActivity: client is com.android.server.connectivity.Vpn$3@443cac
D/NetworkManagement( 1306): notifyInterfaceClassActivity: client is com.android.server.net.NetlinkTracker@c20bbb
D/NetworkManagement( 1306): notifyInterfaceClassActivity: client is com.android.server.net.NetworkPolicyManagerService$14@1ac690c
D/NetworkManagement( 1306): notifyInterfaceClassActivity: client is com.android.server.ConnectivityService$2@6172a79
I/ActivityManager( 1306): collectReceiverComponents for intent: Intent { act=android.net.conn.DATA_ACTIVITY_CHANGE flg=0x10 (has extras) }, receivers: null
D/NetworkManagement( 1306): notifyInterfaceClassActivity: client is com.android.server.ethernet.EthernetNetworkFactory$InterfaceObserver@654c80a
D/NetworkManagement( 1306): notifyInterfaceClassActivity: client is com.android.server.connectivity.Tethering@7097b40
D/NetworkManagement( 1306): notifyInterfaceClassActivity: client is android.net.INetworkManagementEventObserver$Stub$Proxy@cd7b8c4
D/NetworkManagement( 1306): notifyInterfaceClassActivity: client is com.android.server.net.NetworkStatsService$7@eee0679
W/InputMethodManagerService( 1306): Window already focused, ignoring focus gain of: com.android.internal.view.IInputMethodClient$Stub$Proxy@90362a attribute=null, token = android.os.BinderProxy@b940af1
V/HwWindowManagerService( 1306): moveTaskToTop mTaskChanged:true
V/HwWindowManagerService( 1306): setFocusedApp update app ops, mTaskChanged set to:false
D/HwWindowManagerService( 1306): setFocuedApp r: ActivityRecord{8e8843b u0 com.huawei.android.launcher/.Launcher t19385},pkgName=com.huawei.android.launcher
D/HwWindowManagerService( 1306): setFocuedApp focusedAppChanged
W/HwWindowManagerService( 1306): mIHwWindowCallback focusedAppChanged
W/HwWindowManagerService( 1306): android.os.DeadObjectException
W/HwWindowManagerService( 1306): 	at android.os.BinderProxy.transactNative(Native Method)
W/HwWindowManagerService( 1306): 	at android.os.BinderProxy.transact(Binder.java:505)
W/HwWindowManagerService( 1306): 	at huawei.android.app.IHwWindowCallback$Stub$Proxy.focusedAppChanged(IHwWindowCallback.java:160)
W/HwWindowManagerService( 1306): 	at com.android.server.wm.HwWindowManagerService.setFocusedAppForNavi(HwWindowManagerService.java:495)
W/HwWindowManagerService( 1306): 	at com.android.server.am.HwActivityManagerService.setFocusedActivityLockedForNavi(HwActivityManagerService.java:938)
W/HwWindowManagerService( 1306): 	at com.android.server.am.ActivityStack.completeResumeLocked(ActivityStack.java:1439)
W/HwWindowManagerService( 1306): 	at com.android.server.am.ActivityStack.resumeTopActivityInnerLocked(ActivityStack.java:2693)
W/HwWindowManagerService( 1306): 	at com.android.server.am.ActivityStack.resumeTopActivityLocked(ActivityStack.java:2127)
W/HwWindowManagerService( 1306): 	at com.android.server.am.ActivityStackSupervisor.resumeTopActivitiesLocked(ActivityStackSupervisor.java:3340)
W/HwWindowManagerService( 1306): 	at com.android.server.am.ActivityStack.completePauseLocked(ActivityStack.java:1355)
W/HwWindowManagerService( 1306): 	at com.android.server.am.ActivityStack.activityPausedLocked(ActivityStack.java:1173)
W/HwWindowManagerService( 1306): 	at com.android.server.am.ActivityManagerService.activityPaused(ActivityManagerService.java:7018)
W/HwWindowManagerService( 1306): 	at android.app.ActivityManagerNative.onTransact(ActivityManagerNative.java:539)
W/HwWindowManagerService( 1306): 	at com.android.server.am.ActivityManagerService.onTransact(ActivityManagerService.java:2707)
W/HwWindowManagerService( 1306): 	at com.android.server.am.HwActivityManagerService.onTransact(HwActivityManagerService.java:393)
W/HwWindowManagerService( 1306): 	at android.os.Binder.execTransact(Binder.java:453)
I/HwMtmBroadcastResourceManager( 1306): removeReceiver mtm Broadcast
I/ActivityManager( 1306): collectReceiverComponents for intent: Intent { act=android.intent.action.SIG_STR flg=0x20000010 (has extras) }, receivers: null
I/ActivityManager( 1306): collectReceiverComponents for intent: Intent { act=android.intent.action.SIG_STR flg=0x20000010 (has extras) }, receivers: null
I/ActivityManager( 1306): collectReceiverComponents for intent: Intent { flg=0x4000010 }, receivers: null
I/ActivityManager( 1306): collectReceiverComponents for intent: Intent { act=android.net.wifi.SCAN_RESULTS flg=0x4000010 (has extras) }, receivers: [ResolveInfo{7434b91 com.android.settings/.wifi.cmcc.ConnectSwitchReceiver m=0x108000 euid=0}]
I/ActivityManager( 1306): collectReceiverComponents for intent: Intent { act=android.intent.action.SIG_STR flg=0x20000010 (has extras) }, receivers: null
E/NetlinkEvent(  391): NetlinkEvent::FindParam(): Parameter 'UID' not found
W/SocketListener(  391): sending broadcast to Pid = 1306, Uid = 1000 
D/NetdConnector( 1306): RCV <- {613 IfaceClass active 0 1050790423680665}
D/NetdConnector( 1306): RCV <- {613 IfaceClass active 0 1050790423680665}
D/NetdConnector( 1306): RCV unsolicited event from native daemon, event = 613 IfaceClass active 0 1050790423680665
D/NetworkManagement( 1306): notifyInterfaceClassActivity: client is com.android.server.connectivity.Vpn$3@443cac
D/NetworkManagement( 1306): notifyInterfaceClassActivity: client is com.android.server.net.NetlinkTracker@c20bbb
D/NetworkManagement( 1306): notifyInterfaceClassActivity: client is com.android.server.net.NetworkPolicyManagerService$14@1ac690c
D/NetworkManagement( 1306): notifyInterfaceClassActivity: client is com.android.server.ConnectivityService$2@6172a79
I/ActivityManager( 1306): collectReceiverComponents for intent: Intent { act=android.net.conn.DATA_ACTIVITY_CHANGE flg=0x10 (has extras) }, receivers: null
D/NetworkManagement( 1306): notifyInterfaceClassActivity: client is com.android.server.ethernet.EthernetNetworkFactory$InterfaceObserver@654c80a
D/NetworkManagement( 1306): notifyInterfaceClassActivity: client is com.android.server.connectivity.Tethering@7097b40
D/NetworkManagement( 1306): notifyInterfaceClassActivity: client is android.net.INetworkManagementEventObserver$Stub$Proxy@cd7b8c4
D/NetworkManagement( 1306): notifyInterfaceClassActivity: client is com.android.server.net.NetworkStatsService$7@eee0679
I/HwActivityManagerService( 1306): PackageName for pid 3186 is com.android.phone
V/AlarmManager( 1306): Alarm triggering (type 0 or 2): [Alarm{dad4ef7 type 2 when 1050793435 com.tencent.mm}]
V/AlarmManager( 1306): sending alarm Alarm{dad4ef7 type 2 when 1050793435 com.tencent.mm},repeatInterval = 0
I/ActivityManager( 1306): collectReceiverComponents for intent: Intent { act=ALARM_ACTION(18127) flg=0x14 (has extras) }, receivers: null
I/HwActivityManagerService( 1306): PackageName for pid 18127 is com.tencent.mm
V/AlarmManager( 1306): set(PendingIntent{ae41164: PendingIntentRecord{7c00fcd com.tencent.mm broadcastIntent}}) : type=2 triggerAtTime=1050801441 win=0 tElapsed=1050801441 maxElapsed=1050801441 interval=0 flags=0x9
I/HwActivityManagerService( 1306): PackageName for pid 18127 is com.tencent.mm
V/AlarmManager( 1306): set(PendingIntent{7256082: PendingIntentRecord{4dde393 com.tencent.mm broadcastIntent}}) : type=2 triggerAtTime=1051373451 win=0 tElapsed=1051373451 maxElapsed=1051373451 interval=0 flags=0x9
I/HwActivityManagerService( 1306): PackageName for pid 18127 is com.tencent.mm
V/AlarmManager( 1306): set(PendingIntent{482dfd0: PendingIntentRecord{6cadbc9 com.tencent.mm broadcastIntent}}) : type=2 triggerAtTime=1051373459 win=0 tElapsed=1051373459 maxElapsed=1051373459 interval=0 flags=0x9
D/HwBatteryService( 1306): onUEvent fcp_values = 0
D/WifiService( 1306): onReceive, action:android.intent.action.BATTERY_CHANGED
D/WifiService( 1306): ACTION_BATTERY_CHANGED pluggedType: 2
I/ActivityManager( 1306): collectReceiverComponents for intent: Intent { act=android.intent.action.SIG_STR flg=0x20000010 (has extras) }, receivers: null
I/ActivityManager( 1306): collectReceiverComponents for intent: Intent { act=android.intent.action.SIG_STR flg=0x20000010 (has extras) }, receivers: null
I/ActivityManager( 1306): collectReceiverComponents for intent: Intent { act=android.intent.action.SIG_STR flg=0x20000010 (has extras) }, receivers: null
E/NetlinkEvent(  391): NetlinkEvent::FindParam(): Parameter 'UID' not found
W/SocketListener(  391): sending broadcast to Pid = 1306, Uid = 1000 
D/NetdConnector( 1306): RCV <- {613 IfaceClass idle 0 1050804815829462}
D/NetdConnector( 1306): RCV <- {613 IfaceClass idle 0 1050804815829462}
D/NetdConnector( 1306): RCV unsolicited event from native daemon, event = 613 IfaceClass idle 0 1050804815829462
D/NetworkManagement( 1306): notifyInterfaceClassActivity: client is com.android.server.connectivity.Vpn$3@443cac
D/NetworkManagement( 1306): notifyInterfaceClassActivity: client is com.android.server.net.NetlinkTracker@c20bbb
D/NetworkManagement( 1306): notifyInterfaceClassActivity: client is com.android.server.net.NetworkPolicyManagerService$14@1ac690c
D/NetworkManagement( 1306): notifyInterfaceClassActivity: client is com.android.server.ConnectivityService$2@6172a79
I/ActivityManager( 1306): collectReceiverComponents for intent: Intent { act=android.net.conn.DATA_ACTIVITY_CHANGE flg=0x10 (has extras) }, receivers: null
D/NetworkManagement( 1306): notifyInterfaceClassActivity: client is com.android.server.ethernet.EthernetNetworkFactory$InterfaceObserver@654c80a
D/NetworkManagement( 1306): notifyInterfaceClassActivity: client is com.android.server.connectivity.Tethering@7097b40
D/NetworkManagement( 1306): notifyInterfaceClassActivity: client is android.net.INetworkManagementEventObserver$Stub$Proxy@cd7b8c4
D/NetworkManagement( 1306): notifyInterfaceClassActivity: client is com.android.server.net.NetworkStatsService$7@eee0679
I/ActivityManager( 1306): collectReceiverComponents for intent: Intent { flg=0x4000010 }, receivers: null
I/ActivityManager( 1306): collectReceiverComponents for intent: Intent { act=android.net.wifi.SCAN_RESULTS flg=0x4000010 (has extras) }, receivers: [ResolveInfo{9cd02ce com.android.settings/.wifi.cmcc.ConnectSwitchReceiver m=0x108000 euid=0}]
W/ActivityManager( 1306): getRunningAppProcesses: caller 10100 does not hold REAL_GET_TASKS; limiting output
D/HwBatteryService( 1306): onUEvent fcp_values = 0
D/WifiService( 1306): onReceive, action:android.intent.action.BATTERY_CHANGED
D/WifiService( 1306): ACTION_BATTERY_CHANGED pluggedType: 2
D/HwBatteryService( 1306): onUEvent fcp_values = 0
D/WifiService( 1306): onReceive, action:android.intent.action.BATTERY_CHANGED
D/WifiService( 1306): ACTION_BATTERY_CHANGED pluggedType: 2
D/HwBatteryService( 1306): onUEvent fcp_values = 0
D/WifiService( 1306): onReceive, action:android.intent.action.BATTERY_CHANGED
D/WifiService( 1306): ACTION_BATTERY_CHANGED pluggedType: 2
I/ActivityManager( 1306): collectReceiverComponents for intent: Intent { act=android.hardware.usb.action.USB_STATE flg=0x30000010 (has extras) }, receivers: [ResolveInfo{c7925ef com.android.providers.media/.MtpReceiver m=0x108000 euid=0}, ResolveInfo{efe28fc com.android.settings/.deviceinfo.UsbReceiver m=0x108000 euid=0}]
I/HwMtmBroadcastResourceManager( 1306): removeReceiver mtm Broadcast
I/ActivityManager( 1306): Killing 31894:com.android.deskclock/u0a46 (adj 15): empty #16
W/ContextImpl(22481): Calling a method in the system process without a qualified user: android.app.ContextImpl.startService:1378 android.content.ContextWrapper.startService:581 android.content.ContextWrapper.startService:581 com.android.settings.deviceinfo.UsbReceiver.onUsbStateReceive:153 com.android.settings.deviceinfo.UsbReceiver.onReceive:73 
D/ActivityManager( 1306): cleanUpApplicationRecord -- 31894
I/ActivityManager( 1306): cleanUpApplicationRecordLocked, reset pid: 31894, euid: 0
I/ActivityManager( 1306): collectReceiverComponents for intent: Intent { act=android.hardware.usb.action.USB_STATE flg=0x30000010 (has extras) }, receivers: [ResolveInfo{19c6b85 com.android.providers.media/.MtpReceiver m=0x108000 euid=0}, ResolveInfo{63a7dda com.android.settings/.deviceinfo.UsbReceiver m=0x108000 euid=0}]
I/ActivityManager( 1306): retrieveServiceLocked, callerApp: ProcessRecord{5c92970 12558:android.process.media/u0a4}, flags: 400
W/ContextImpl(22481): Calling a method in the system process without a qualified user: android.app.ContextImpl.startService:1378 android.content.ContextWrapper.startService:581 android.content.ContextWrapper.startService:581 com.android.settings.deviceinfo.UsbReceiver.onUsbStateReceive:153 com.android.settings.deviceinfo.UsbReceiver.onReceive:73 
I/ActivityManager( 1306): collectReceiverComponents for intent: Intent { act=android.hardware.usb.action.USB_STATE flg=0x30000010 (has extras) }, receivers: [ResolveInfo{9dc320b com.android.providers.media/.MtpReceiver m=0x108000 euid=0}, ResolveInfo{982d8e8 com.android.settings/.deviceinfo.UsbReceiver m=0x108000 euid=0}]
I/ActivityManager( 1306): retrieveServiceLocked, callerApp: ProcessRecord{5c92970 12558:android.process.media/u0a4}, flags: 400
I/ActivityManager( 1306): bindServiceLocked, r: ServiceRecord{63d3b01 u0 euid: 0 com.android.providers.media/.MtpService}, euid: 0
W/ContextImpl(22481): Calling a method in the system process without a qualified user: android.app.ContextImpl.startService:1378 android.content.ContextWrapper.startService:581 android.content.ContextWrapper.startService:581 com.android.settings.deviceinfo.UsbReceiver.onUsbStateReceive:153 com.android.settings.deviceinfo.UsbReceiver.onReceive:73 
I/HwMtmBroadcastResourceManager( 1306): removeReceiver mtm Broadcast
W/ActivityManager( 1306): getRunningAppProcesses: caller 10156 does not hold REAL_GET_TASKS; limiting output
V/AlarmManager( 1306): Alarm triggering (type 0 or 2): [Alarm{66568df type 2 when 1050809211 android}]
V/AlarmManager( 1306): sending alarm Alarm{66568df type 2 when 1050809211 android},repeatInterval = 0
I/ActivityManager( 1306): collectReceiverComponents for intent: Intent { act=android.content.syncmanager.SYNC_ALARM flg=0x14 (has extras) }, receivers: null
V/AlarmManager( 1306): set(PendingIntent{6fa0862: PendingIntentRecord{4cf9df3 android broadcastIntent}}) : type=2 triggerAtTime=1051630247 win=0 tElapsed=1051630247 maxElapsed=1051630247 interval=0 flags=0x9
E/ActivityThread(30336): Failed to find provider info for com.huawei.android.hicloud.loginProvider
V/AlarmManager( 1306): set(PendingIntent{6fa0862: PendingIntentRecord{4cf9df3 android broadcastIntent}}) : type=2 triggerAtTime=1051630241 win=0 tElapsed=1051630241 maxElapsed=1051630241 interval=0 flags=0x9
I/ActivityManager( 1306): collectReceiverComponents for intent: Intent { act=android.intent.action.SIG_STR flg=0x20000010 (has extras) }, receivers: null
W/ActivityManager( 1306): getRunningAppProcesses: caller 10156 does not hold REAL_GET_TASKS; limiting output
I/ActivityManager( 1306): collectReceiverComponents for intent: Intent { act=android.intent.action.SIG_STR flg=0x20000010 (has extras) }, receivers: null
V/AlarmManager( 1306): sending alarm Alarm{a9bc92c type 3 when 1050819242 android},repeatInterval = 0
I/ActivityManager( 1306): collectReceiverComponents for intent: Intent { flg=0x4000010 }, receivers: null
I/ActivityManager( 1306): collectReceiverComponents for intent: Intent { act=android.net.wifi.SCAN_RESULTS flg=0x4000010 (has extras) }, receivers: [ResolveInfo{fa83ff5 com.android.settings/.wifi.cmcc.ConnectSwitchReceiver m=0x108000 euid=0}]
W/ActivityManager( 1306): getRunningAppProcesses: caller 10118 does not hold REAL_GET_TASKS; limiting output
W/ActivityManager( 1306): getRunningAppProcesses: caller 10118 does not hold REAL_GET_TASKS; limiting output
W/ActivityManager( 1306): getRunningAppProcesses: caller 10118 does not hold REAL_GET_TASKS; limiting output
E/NetlinkEvent(  391): NetlinkEvent::FindParam(): Parameter 'UID' not found
W/SocketListener(  391): sending broadcast to Pid = 1306, Uid = 1000 
D/NetdConnector( 1306): RCV <- {613 IfaceClass active 0 1050820858999560}
D/NetdConnector( 1306): RCV <- {613 IfaceClass active 0 1050820858999560}
D/NetdConnector( 1306): RCV unsolicited event from native daemon, event = 613 IfaceClass active 0 1050820858999560
D/NetworkManagement( 1306): notifyInterfaceClassActivity: client is com.android.server.connectivity.Vpn$3@443cac
D/NetworkManagement( 1306): notifyInterfaceClassActivity: client is com.android.server.net.NetlinkTracker@c20bbb
D/NetworkManagement( 1306): notifyInterfaceClassActivity: client is com.android.server.net.NetworkPolicyManagerService$14@1ac690c
D/NetworkManagement( 1306): notifyInterfaceClassActivity: client is com.android.server.ConnectivityService$2@6172a79
I/ActivityManager( 1306): collectReceiverComponents for intent: Intent { act=android.net.conn.DATA_ACTIVITY_CHANGE flg=0x10 (has extras) }, receivers: null
D/NetworkManagement( 1306): notifyInterfaceClassActivity: client is com.android.server.ethernet.EthernetNetworkFactory$InterfaceObserver@654c80a
D/NetworkManagement( 1306): notifyInterfaceClassActivity: client is com.android.server.connectivity.Tethering@7097b40
D/NetworkManagement( 1306): notifyInterfaceClassActivity: client is android.net.INetworkManagementEventObserver$Stub$Proxy@cd7b8c4
D/NetworkManagement( 1306): notifyInterfaceClassActivity: client is com.android.server.net.NetworkStatsService$7@eee0679
I/HwActivityManagerService( 1306): PackageName for pid 3186 is com.android.phone
I/ActivityManager( 1306): resolve info: ResolveInfo{a9e118a com.martin.ads.testopencv/.HomeActivity m=0x0 euid=0}, euid: 0
I/ActivityManager( 1306): START u0 {act=android.intent.action.MAIN cat=[android.intent.category.LAUNCHER] flg=0x10200000 cmp=com.martin.ads.testopencv/.HomeActivity bnds=[540,656][804,939]} from uid 10053 on display 0
I/HwUserBehaviourRecord( 1306): appEnterRecord---com.martin.ads.testopencv
I/ActivityManager( 1306): ActivityRecord info: ActivityInfo{8234ec4 com.martin.ads.testopencv.HomeActivity}, euid=0
V/HwWindowManagerService( 1306): moveTaskToTop mTaskChanged:true
I/ActivityManager( 1306): create new task record, multiLaunchId: 0, intent = Intent { act=android.intent.action.MAIN cat=[android.intent.category.LAUNCHER] flg=0x10200000 cmp=com.martin.ads.testopencv/.HomeActivity }
V/HwWindowManagerService( 1306): moveTaskToTop mTaskChanged:true
V/HwWindowManagerService( 1306): moveTaskToTop mTaskChanged:true
V/HwWindowManagerService( 1306): setFocusedApp update app ops, mTaskChanged set to:false
I/ActivityManager( 1306): mService.startProcessLocked for activity: ActivityRecord{961b3fb u0 com.martin.ads.testopencv/.HomeActivity t20535}, appinfo euid: 0
D/ActivityManager( 1306): Clearing bad pkg: com.martin.ads.testopencv
I/ActivityManager( 1306): new Process app=ProcessRecord{aadf2a9 0:com.martin.ads.testopencv/u0a167}, name: com.martin.ads.testopencv, euid: 0
I/ActivityManager( 1306): Start proc 7068:com.martin.ads.testopencv/u0a167 for activity com.martin.ads.testopencv/.HomeActivity
D/ActivityThread( 7068): ActivityThread,attachApplication
D/ActivityManager( 1306): ActivityManagerService,attachApplication,callingPid = 7068
V/ActivityManager( 1306): New app record ProcessRecord{aadf2a9 7068:com.martin.ads.testopencv/u0a167} thread=android.os.BinderProxy@a2047cf pid=7068
I/ActivityManager( 1306): launch r: ActivityRecord{961b3fb u0 com.martin.ads.testopencv/.HomeActivity t20535}, uid = 10167, r.info.applicationInfo.euid  = 0
V/AppWindowAnimator( 1306): Can't get Looper return 0
D/HwWindowManagerService( 1306): setFocuedApp r: ActivityRecord{961b3fb u0 com.martin.ads.testopencv/.HomeActivity t20535},pkgName=com.martin.ads.testopencv
D/HwWindowManagerService( 1306): setFocuedApp focusedAppChanged
W/HwWindowManagerService( 1306): mIHwWindowCallback focusedAppChanged
W/HwWindowManagerService( 1306): android.os.DeadObjectException
W/HwWindowManagerService( 1306): 	at android.os.BinderProxy.transactNative(Native Method)
W/HwWindowManagerService( 1306): 	at android.os.BinderProxy.transact(Binder.java:505)
W/HwWindowManagerService( 1306): 	at huawei.android.app.IHwWindowCallback$Stub$Proxy.focusedAppChanged(IHwWindowCallback.java:160)
W/HwWindowManagerService( 1306): 	at com.android.server.wm.HwWindowManagerService.setFocusedAppForNavi(HwWindowManagerService.java:495)
W/HwWindowManagerService( 1306): 	at com.android.server.am.HwActivityManagerService.setFocusedActivityLockedForNavi(HwActivityManagerService.java:938)
W/HwWindowManagerService( 1306): 	at com.android.server.am.ActivityStack.completeResumeLocked(ActivityStack.java:1439)
W/HwWindowManagerService( 1306): 	at com.android.server.am.ActivityStack.minimalResumeActivityLocked(ActivityStack.java:873)
W/HwWindowManagerService( 1306): 	at com.android.server.am.ActivityStackSupervisor.realStartActivityLocked(ActivityStackSupervisor.java:1477)
W/HwWindowManagerService( 1306): 	at com.android.server.am.ActivityStackSupervisor.attachApplicationLocked(ActivityStackSupervisor.java:698)
W/HwWindowManagerService( 1306): 	at com.android.server.am.ActivityManagerService.attachApplicationLocked(ActivityManagerService.java:6678)
W/HwWindowManagerService( 1306): 	at com.android.server.am.ActivityManagerService.attachApplication(ActivityManagerService.java:6744)
W/HwWindowManagerService( 1306): 	at android.app.ActivityManagerNative.onTransact(ActivityManagerNative.java:507)
W/HwWindowManagerService( 1306): 	at com.android.server.am.ActivityManagerService.onTransact(ActivityManagerService.java:2707)
W/HwWindowManagerService( 1306): 	at com.android.server.am.HwActivityManagerService.onTransact(HwActivityManagerService.java:393)
W/HwWindowManagerService( 1306): 	at android.os.Binder.execTransact(Binder.java:453)
I/ActivityManager( 1306): collectReceiverComponents for intent: Intent { act=com.uc.base.rism.ACTION_RECEIVE_MESSAGE flg=0x10 pkg=com.UCMobile (has extras) }, receivers: [ResolveInfo{eb9d55c com.UCMobile/com.uc.business.rism.RismReceiver m=0x108000 euid=0}]
I/ActivityManager( 1306): collectReceiverComponents for intent: Intent { act=android.intent.action.SIG_STR flg=0x20000010 (has extras) }, receivers: null
W/ActivityManager( 1306): getRunningAppProcesses: caller 10167 does not hold REAL_GET_TASKS; limiting output
V/ActivityThread( 7068): ActivityThread,callActivityOnCreate
I/ActivityManager( 1306): resolve info: ResolveInfo{54a1065 com.martin.ads.testopencv/.MainActivity m=0x0 euid=0}, euid: 0
I/ActivityManager( 1306): START u0 {cmp=com.martin.ads.testopencv/.MainActivity} from uid 10167 on display 0
I/ActivityManager( 1306): ActivityRecord info: ActivityInfo{eaa22cb com.martin.ads.testopencv.MainActivity}, euid=0
V/HwWindowManagerService( 1306): moveTaskToTop mTaskChanged:true
V/HwWindowManagerService( 1306): moveTaskToTop mTaskChanged:true
I/HwWindowManagerService( 1306): setFocusedApp token: Token{70391eb ActivityRecord{4a5f13a u0 com.martin.ads.testopencv/.MainActivity t20535}} requestedOrientation: 0
V/HwWindowManagerService( 1306): setFocusedApp update app ops, mTaskChanged set to:false
I/ActivityManager( 1306): Config changes=480 {1.0 460mcc1mnc zh_CN ldltr sw360dp w598dp h336dp 480dpi nrml land finger -keyb/v/h -nav/h suim:1 s.130}
V/HwWindowManagerService( 1306): setNewConfiguration notify window callback
W/HwWindowManagerService( 1306): mIHwWindowCallback handleConfigurationChanged
W/HwWindowManagerService( 1306): android.os.DeadObjectException
W/HwWindowManagerService( 1306): 	at android.os.BinderProxy.transactNative(Native Method)
W/HwWindowManagerService( 1306): 	at android.os.BinderProxy.transact(Binder.java:505)
W/HwWindowManagerService( 1306): 	at huawei.android.app.IHwWindowCallback$Stub$Proxy.handleConfigurationChanged(IHwWindowCallback.java:107)
W/HwWindowManagerService( 1306): 	at com.android.server.wm.HwWindowManagerService.setNewConfiguration(HwWindowManagerService.java:523)
W/HwWindowManagerService( 1306): 	at com.android.server.am.ActivityManagerService.updateConfigurationLocked(ActivityManagerService.java:18544)
W/HwWindowManagerService( 1306): 	at com.android.server.am.ActivityStackSupervisor.realStartActivityLocked(ActivityStackSupervisor.java:1324)
W/HwWindowManagerService( 1306): 	at com.android.server.am.ActivityStackSupervisor.startSpecificActivityLocked(ActivityStackSupervisor.java:1525)
W/HwWindowManagerService( 1306): 	at com.android.server.am.ActivityStack.resumeTopActivityInnerLocked(ActivityStack.java:2722)
W/HwWindowManagerService( 1306): 	at com.android.server.am.ActivityStack.resumeTopActivityLocked(ActivityStack.java:2127)
W/HwWindowManagerService( 1306): 	at com.android.server.am.ActivityStackSupervisor.resumeTopActivitiesLocked(ActivityStackSupervisor.java:3340)
W/HwWindowManagerService( 1306): 	at com.android.server.am.ActivityStack.completePauseLocked(ActivityStack.java:1355)
