I/HwCustMobileSignalControllerImpl( 2101): subId:1 phoneType:1 networktype:13 targetClass:3 masterLevel:4 slaveLevel:-1
D/NetworkController.MobileSignalController(1)( 2101): origin typeIcon:2130838281 icons.mName:4G isSuspend:false
D/HwCustMobileSignalControllerImpl( 2101): sub =1,strMccMnc =null,hashMccMnc =[],strPlmn =hw_customized_networkType_entry
D/HwCustMobileSignalControllerImpl( 2101): isCurrentBySim()=false
D/HwCustMobileSignalControllerImpl( 2101): sub =1,strMccMnc =null,hashMccMnc =[],strPlmn =hw_mcc_mnc
D/HwCustMobileSignalControllerImpl( 2101): isCurrentBySim()=false
D/HwCustMobileSignalControllerImpl( 2101): sub =1,strMccMnc =null,hashMccMnc =[],strPlmn =hw_show_4g
D/HwCustMobileSignalControllerImpl( 2101): isCurrentBySim()=false
D/HwCustMobileSignalControllerImpl( 2101): sub =1,strMccMnc =null,hashMccMnc =[],strPlmn =hw_show_lte
D/HwCustMobileSignalControllerImpl( 2101): isCurrentBySim()=false
D/HwCustMobileSignalControllerImpl( 2101): sub =1,strMccMnc =null,hashMccMnc =[],strPlmn =hw_hspap_show_4g
D/HwCustMobileSignalControllerImpl( 2101): isCurrentBySim()=false
I/MSM-irqbalance(  511): Decided to move IRQ104 from CPU5 to CPU6
E/HwPowerMonitor.Utils( 3207): ERROR reading null
E/HwPowerMonitor.Utils( 3207): ERROR reading null
E/HwPowerMonitor.Utils( 3207): ERROR reading null
D/WifiHW  ( 1306): wifi_send_command: cmd:'IFNAME=wlan0 SET pno 0'
D/wpa_supplicant( 2520): wlan0: Control interface command 'SET pno 0'
D/wpa_supplicant( 2520): CTRL_IFACE SET 'pno'='0'
D/wpa_supplicant( 2520): CTRL-DEBUG: global_ctrl_sock-sendto: sock=16 sndbuf=212992 outq=0 send_len=3
D/WifiHW  ( 1306): wifi_send_command: cmd:'IFNAME=wlan0 SCAN TYPE=ONLY'
D/wpa_supplicant( 2520): wlan0: Control interface command 'SCAN TYPE=ONLY'
D/wpa_supplicant( 2520): wlan0: Setting scan request: 0.000000 sec
D/wpa_supplicant( 2520): CTRL-DEBUG: global_ctrl_sock-sendto: sock=16 sndbuf=212992 outq=0 send_len=3
D/wpa_supplicant( 2520): wlan0: Starting AP scan for wildcard SSID
D/wpa_supplicant( 2520): wlan0: Add radio work 'scan'@0x558dbe0550
D/wpa_supplicant( 2520): wlan0: First radio work item in the queue - schedule start immediately
D/wpa_supplicant( 2520): wlan0: Starting radio work 'scan'@0x558dbe0550 after 0.000063 second wait
D/wpa_supplicant( 2520): wlan0: nl80211: scan request
D/wpa_supplicant( 2520): Scan requested (ret=0) - scan timeout 30 seconds
D/wpa_supplicant( 2520): nl80211: Drv Event 33 (NL80211_CMD_TRIGGER_SCAN) received for wlan0
D/wpa_supplicant( 2520): wlan0: nl80211: Scan trigger
D/wpa_supplicant( 2520): wlan0: Event SCAN_STARTED (47) received
D/wpa_supplicant( 2520): wlan0: Own scan request started a scan in 0.000155 seconds
D/wpa_supplicant( 2520): CTRL-DEBUG: ctrl_sock-sendmsg: sock=16 sndbuf=212992 outq=0 send_len=24
I/MQoS    ( 1306): MSG_QUERY_TCP_INFO called,count:983
I/WifiProJNI( 1306): ######### CMD_QUERY_PKTS ########
D/WifiProJNI( 1306): send_cmd_kernel: cmd=1
D/WifiProJNI( 1306): Received kernel message payload: event 0
I/QosMonitor( 1306): postEventFromNative: msg=100,arg1=0,arg2=9
W/WifiProJNI( 1306): poll before: g_monitor_fd =174
D/HuaweiWifiWatchdogStateMachine( 1306):  not in link monitoring mode, ignore TCP result .
I/MQoS    ( 1306): rtt=100,tcp_tx_pkts=206933,tcp_rx_pkts=251741
I/TrafficMonitor( 1306): getStatic,count:0,work status:false
I/MQoS    ( 1306): QOS_level:5(5),use RAT:4G;signalLvl:5
E/HwPowerMonitor.Utils( 3207): ERROR reading null
E/HwPowerMonitor.Utils( 3207): ERROR reading null
E/HwPowerMonitor.Utils( 3207): ERROR reading null
I/MSM-irqbalance(  511): Decided to move IRQ178 from CPU5 to CPU6
D/wpa_supplicant( 2520): nl80211: Drv Event 34 (NL80211_CMD_NEW_SCAN_RESULTS) received for wlan0
D/wpa_supplicant( 2520): wlan0: nl80211: New scan results available
D/wpa_supplicant( 2520): nl80211: Scan included frequencies: 2412 2417 2422 2427 2432 2437 2442 2447 2452 2457 2462 2467 2472
D/wpa_supplicant( 2520): wlan0: Event SCAN_RESULTS (3) received
D/wpa_supplicant( 2520): wlan0: Scan completed in 0.612363 seconds
D/wpa_supplicant( 2520): nl80211: Received scan results (11 BSSes)
D/wpa_supplicant( 2520): wlan0: BSS: Start scan result update 7344
D/wpa_supplicant( 2520): wlan0: BSS: Remove id 14448 BSSID 38:20:56:7f:4c:e0 SSID 'BUAA-QYY' due to no match in scan
D/wpa_supplicant( 2520): CTRL-DEBUG: ctrl_sock-sendmsg: sock=16 sndbuf=212992 outq=0 send_len=46
D/wpa_supplicant( 2520): BSS: last_scan_res_used=11/64
D/wpa_supplicant( 2520): wlan0: Scan-only results received
D/wpa_supplicant( 2520): CTRL-DEBUG: ctrl_sock-sendmsg: sock=16 sndbuf=212992 outq=0 send_len=24
D/wpa_supplicant( 2520): wlan0: Radio work 'scan'@0x558dbe0550 done in 0.617910 seconds
D/wpa_supplicant( 2520): CTRL-DEBUG: global_ctrl_sock-sendto: sock=16 sndbuf=212992 outq=0 send_len=3752
D/wpa_supplicant( 2520): CTRL-DEBUG: global_ctrl_sock-sendto: sock=16 sndbuf=212992 outq=0 send_len=3956
D/WifiAutoJoinController ( 1306): newSupplicantResults size=13 known=0 true
D/WifiHW  ( 1306): wifi_send_command: cmd:'IFNAME=wlan0 STATUS-NO_EVENTS'
D/wpa_supplicant( 2520): EAPOL: EAP Session-Id not available
D/wpa_supplicant( 2520): CTRL-DEBUG: global_ctrl_sock-sendto: sock=16 sndbuf=212992 outq=0 send_len=124
D/WifiAutoJoinController ( 1306): attemptAutoJoin() num recent config 0 ---> suppNetId=-1
D/WifiAutoJoinController ( 1306): look up all config networks done, chosen candidate = null
I/SendBroadcastPermission( 1306): action:null, mPermissionType:0
I/SendBroadcastPermission( 1306): action:android.net.wifi.SCAN_RESULTS, mPermissionType:0
E/hwintelligencewifi( 1306): DisconnectedState MSG_WIFI_UPDATE_SCAN_RESULT mIsAutoCloseSearch = false
I/ActivityManager( 1306): collectReceiverComponents for intent: Intent { flg=0x4000010 }, receivers: null
I/ActivityManager( 1306): collectReceiverComponents for intent: Intent { act=android.net.wifi.SCAN_RESULTS flg=0x4000010 (has extras) }, receivers: [ResolveInfo{6b0d923 com.android.settings/.wifi.cmcc.ConnectSwitchReceiver m=0x108000 euid=0}]
I/SendBroadcastPermission( 1306): action:android.intent.action.SIG_STR, mPermissionType:0
D/NetworkController.MobileSignalController(1)( 2101): mSimSubId:1 onSignalStrengthsChanged signalStrength=SignalStrength: -1 0 -1 255 -1 255 -1 255 255 24 -98 -12 16 2147483647 false gw|lte level=3
D/NetworkController.MobileSignalController(1)( 2101):  mDataNetType:13 indexOfkey:11 iconGroup.mName:4G roaming:false
I/MQoS    ( 1306): onSignal: mSubId=1,currDataSubID=1
I/MQoS    ( 1306): received cell-signal:4
I/TrafficMonitor( 1306): getStatic,count:0,work status:false
I/MQoS    ( 1306): QOS_level:4(4),use RAT:4G;signalLvl:4
I/HwCustMobileSignalControllerImpl( 2101): subId:1 phoneType:1 networktype:13 targetClass:3 masterLevel:3 slaveLevel:-1
D/NetworkController.MobileSignalController(1)( 2101): origin typeIcon:2130838281 icons.mName:4G isSuspend:false
I/ActivityManager( 1306): collectReceiverComponents for intent: Intent { act=android.intent.action.SIG_STR flg=0x20000010 (has extras) }, receivers: null
D/HwCustMobileSignalControllerImpl( 2101): sub =1,strMccMnc =null,hashMccMnc =[],strPlmn =hw_customized_networkType_entry
D/HwCustMobileSignalControllerImpl( 2101): isCurrentBySim()=false
D/HwCustMobileSignalControllerImpl( 2101): sub =1,strMccMnc =null,hashMccMnc =[],strPlmn =hw_mcc_mnc
D/HwCustMobileSignalControllerImpl( 2101): isCurrentBySim()=false
D/HwCustMobileSignalControllerImpl( 2101): sub =1,strMccMnc =null,hashMccMnc =[],strPlmn =hw_show_4g
D/HwCustMobileSignalControllerImpl( 2101): isCurrentBySim()=false
D/HwCustMobileSignalControllerImpl( 2101): sub =1,strMccMnc =null,hashMccMnc =[],strPlmn =hw_show_lte
D/HwCustMobileSignalControllerImpl( 2101): isCurrentBySim()=false
D/HwCustMobileSignalControllerImpl( 2101): sub =1,strMccMnc =null,hashMccMnc =[],strPlmn =hw_hspap_show_4g
D/HwCustMobileSignalControllerImpl( 2101): isCurrentBySim()=false
I/SendBroadcastPermission( 1306): action:android.net.conn.DATA_ACTIVITY_CHANGE, mPermissionType:0
E/NetlinkEvent(  391): NetlinkEvent::FindParam(): Parameter 'UID' not found
W/SocketListener(  391): sending broadcast to Pid = 1306, Uid = 1000 
D/NetdConnector( 1306): RCV <- {613 IfaceClass idle 0 1051255745957362}
D/NetdConnector( 1306): RCV <- {613 IfaceClass idle 0 1051255745957362}
D/NetdConnector( 1306): RCV unsolicited event from native daemon, event = 613 IfaceClass idle 0 1051255745957362
D/NetworkManagement( 1306): notifyInterfaceClassActivity: client is com.android.server.connectivity.Vpn$3@443cac
D/NetworkManagement( 1306): notifyInterfaceClassActivity: client is com.android.server.net.NetlinkTracker@c20bbb
D/NetworkManagement( 1306): notifyInterfaceClassActivity: client is com.android.server.net.NetworkPolicyManagerService$14@1ac690c
D/NetworkManagement( 1306): notifyInterfaceClassActivity: client is com.android.server.ConnectivityService$2@6172a79
I/ActivityManager( 1306): collectReceiverComponents for intent: Intent { act=android.net.conn.DATA_ACTIVITY_CHANGE flg=0x10 (has extras) }, receivers: null
D/NetworkManagement( 1306): notifyInterfaceClassActivity: client is com.android.server.ethernet.EthernetNetworkFactory$InterfaceObserver@654c80a
D/NetworkManagement( 1306): notifyInterfaceClassActivity: client is com.android.server.connectivity.Tethering@7097b40
D/NetworkManagement( 1306): notifyInterfaceClassActivity: client is android.net.INetworkManagementEventObserver$Stub$Proxy@cd7b8c4
D/NetworkManagement( 1306): notifyInterfaceClassActivity: client is com.android.server.net.NetworkStatsService$7@eee0679
D/NetworkController.MobileSignalController(1)( 2101): mSimSubId:1 onDataActivity: direction=0
D/NetworkController.MobileSignalController(1)( 2101): mSimSubId:1 onDataActivity: direction=4
D/NetworkController.MobileSignalController(1)( 2101): origin typeIcon:2130838281 icons.mName:4G isSuspend:false
D/HwCustMobileSignalControllerImpl( 2101): sub =1,strMccMnc =null,hashMccMnc =[],strPlmn =hw_customized_networkType_entry
D/HwCustMobileSignalControllerImpl( 2101): isCurrentBySim()=false
D/HwCustMobileSignalControllerImpl( 2101): sub =1,strMccMnc =null,hashMccMnc =[],strPlmn =hw_mcc_mnc
D/HwCustMobileSignalControllerImpl( 2101): isCurrentBySim()=false
D/HwCustMobileSignalControllerImpl( 2101): sub =1,strMccMnc =null,hashMccMnc =[],strPlmn =hw_show_4g
D/HwCustMobileSignalControllerImpl( 2101): isCurrentBySim()=false
D/HwCustMobileSignalControllerImpl( 2101): sub =1,strMccMnc =null,hashMccMnc =[],strPlmn =hw_show_lte
D/HwCustMobileSignalControllerImpl( 2101): isCurrentBySim()=false
D/HwCustMobileSignalControllerImpl( 2101): sub =1,strMccMnc =null,hashMccMnc =[],strPlmn =hw_hspap_show_4g
D/HwCustMobileSignalControllerImpl( 2101): isCurrentBySim()=false
D/NetworkController.MobileSignalController(1)( 2101): origin typeIcon:2130838281 icons.mName:4G isSuspend:false
D/HwCustMobileSignalControllerImpl( 2101): sub =1,strMccMnc =null,hashMccMnc =[],strPlmn =hw_customized_networkType_entry
D/HwCustMobileSignalControllerImpl( 2101): isCurrentBySim()=false
D/HwCustMobileSignalControllerImpl( 2101): sub =1,strMccMnc =null,hashMccMnc =[],strPlmn =hw_mcc_mnc
D/HwCustMobileSignalControllerImpl( 2101): isCurrentBySim()=false
D/HwCustMobileSignalControllerImpl( 2101): sub =1,strMccMnc =null,hashMccMnc =[],strPlmn =hw_show_4g
D/HwCustMobileSignalControllerImpl( 2101): isCurrentBySim()=false
D/HwCustMobileSignalControllerImpl( 2101): sub =1,strMccMnc =null,hashMccMnc =[],strPlmn =hw_show_lte
D/HwCustMobileSignalControllerImpl( 2101): isCurrentBySim()=false
D/HwCustMobileSignalControllerImpl( 2101): sub =1,strMccMnc =null,hashMccMnc =[],strPlmn =hw_hspap_show_4g
D/HwCustMobileSignalControllerImpl( 2101): isCurrentBySim()=false
I/SendBroadcastPermission( 1306): action:android.intent.action.SIG_STR, mPermissionType:0
I/MQoS    ( 1306): onSignal: mSubId=1,currDataSubID=1
I/MQoS    ( 1306): received cell-signal:4
I/ActivityManager( 1306): collectReceiverComponents for intent: Intent { act=android.intent.action.SIG_STR flg=0x20000010 (has extras) }, receivers: null
D/NetworkController.MobileSignalController(1)( 2101): mSimSubId:1 onSignalStrengthsChanged signalStrength=SignalStrength: -1 0 -1 255 -1 255 -1 255 255 23 -98 -12 30 2147483647 false gw|lte level=3
D/NetworkController.MobileSignalController(1)( 2101):  mDataNetType:13 indexOfkey:11 iconGroup.mName:4G roaming:false
I/HwCustMobileSignalControllerImpl( 2101): subId:1 phoneType:1 networktype:13 targetClass:3 masterLevel:3 slaveLevel:-1
D/HwBatteryService( 1306): onUEvent fcp_values = 0
D/WifiService( 1306): onReceive, action:android.intent.action.BATTERY_CHANGED
D/WifiService( 1306): ACTION_BATTERY_CHANGED pluggedType: 2
D/HwGpsPowerTracker( 1306): ACTION_BATTERY_CHANGED pluggedType: 2
D/HwPowerMonitor.Utils( 3207): ScrOff setChargingState mIsCharging = true
I/HwPowerMonitor.PowerExceptionObservable( 3207): unhandled onEvent actionID: 3002
W/HwPowerMonitor.DayActObserver( 3207): mModemLogStatsTimes = 0, ModemLogState = 0
W/HwPowerMonitor.DayActObserver( 3207): BAT_CHANGED, mIsScrnOffBatStatsEnabled = true, mIsCharging = true, mIsScrnOfBatDropMonitorStart = false
I/Bluetooth( 3718): HeadsetStateMachine:Disconnected process message: 10, size: 0
D/PowerUI ( 2101): level:97-->97 status:2-->2 plugType:2-->2 invalidCharger:0-->0 bucket:1-->1 plugged:true-->true
E/TempMonitor.TempLogCollector(19655): getTempInfo error: null, 0
E/TempMonitor.TempLogCollector(19655): getTempInfo error: null, 0
E/TempMonitor.TempLogCollector(19655): getTempInfo error: null, 0
E/TempMonitor.TempLogCollector(19655): getTempInfo error: null, 0
E/TempMonitor.TempLogCollector(19655): getTempInfo error: null, 0
E/TempMonitor.TempLogCollector(19655): getTempInfo error: null, 0
E/TempMonitor.TempLogCollector(19655): getTempInfo error: null, 0
E/TempMonitor.TempLogCollector(19655): getTempInfo error: null, 0
E/TempMonitor.TempLogCollector(19655): getTempInfo error: null, 0
E/TempMonitor.TempLogCollector(19655): getTempInfo error: null, 0
D/ThermalStateManager( 3174): Thermal type: 0 cur_temperature:39
E/HwPowerMonitor.Utils( 3207): ERROR reading null
E/HwPowerMonitor.Utils( 3207): ERROR reading null
E/HwPowerMonitor.Utils( 3207): ERROR reading null
E/HwPowerMonitor.Utils( 3207): ERROR reading null
E/HwPowerMonitor.Utils( 3207): ERROR reading null
E/HwPowerMonitor.Utils( 3207): ERROR reading null
E/HwPowerMonitor.Utils( 3207): ERROR reading null
E/HwPowerMonitor.Utils( 3207): ERROR reading null
E/HwPowerMonitor.Utils( 3207): ERROR reading null
E/HwPowerMonitor.Utils( 3207): ERROR reading null
E/HwPowerMonitor.Utils( 3207): ERROR reading null
E/HwPowerMonitor.Utils( 3207): ERROR reading null
E/HwPowerMonitor.Utils( 3207): ERROR reading null
E/HwPowerMonitor.Utils( 3207): ERROR reading null
E/HwPowerMonitor.Utils( 3207): ERROR reading null
E/HwPowerMonitor.Utils( 3207): ERROR reading null
E/HwPowerMonitor.Utils( 3207): ERROR reading null
E/HwPowerMonitor.Utils( 3207): ERROR reading null
E/HwPowerMonitor.Utils( 3207): ERROR reading null
E/HwPowerMonitor.Utils( 3207): ERROR reading null
E/HwPowerMonitor.Utils( 3207): ERROR reading null
E/HwPowerMonitor.Utils( 3207): ERROR reading null
E/HwPowerMonitor.Utils( 3207): ERROR reading null
E/HwPowerMonitor.Utils( 3207): ERROR reading null
E/HwPowerMonitor.Utils( 3207): ERROR reading null
E/HwPowerMonitor.Utils( 3207): ERROR reading null
E/HwPowerMonitor.Utils( 3207): ERROR reading null
E/HwPowerMonitor.Utils( 3207): ERROR reading null
E/HwPowerMonitor.Utils( 3207): ERROR reading null
E/HwPowerMonitor.Utils( 3207): ERROR reading null
E/HwPowerMonitor.Utils( 3207): ERROR reading null
E/HwPowerMonitor.Utils( 3207): ERROR reading null
E/HwPowerMonitor.Utils( 3207): ERROR reading null
I/MSM-irqbalance(  511): Decided to move IRQ130 from CPU5 to CPU6
W/PowerMonitor.PeriodCheckItem( 3207): powergenie_mode, put to hashmap: key = 1527563902241, value = 2, length = 1
E/PowerMonitor.PeriodCheckItem( 3207): backlight, Error, failed to get raw data for: PowerMonitor.PeriodCheckItem
E/PowerMonitor.PeriodCheckItem( 3207): discharging, Error, failed to get raw data for: PowerMonitor.PeriodCheckItem
I/SendBroadcastPermission( 1306): action:android.intent.action.SIG_STR, mPermissionType:0
I/MQoS    ( 1306): onSignal: mSubId=1,currDataSubID=1
I/MQoS    ( 1306): received cell-signal:4
D/NetworkController.MobileSignalController(1)( 2101): mSimSubId:1 onSignalStrengthsChanged signalStrength=SignalStrength: -1 0 -1 255 -1 255 -1 255 255 23 -98 -12 30 2147483647 false gw|lte level=3
D/NetworkController.MobileSignalController(1)( 2101):  mDataNetType:13 indexOfkey:11 iconGroup.mName:4G roaming:false
I/HwCustMobileSignalControllerImpl( 2101): subId:1 phoneType:1 networktype:13 targetClass:3 masterLevel:3 slaveLevel:-1
I/ActivityManager( 1306): collectReceiverComponents for intent: Intent { act=android.intent.action.SIG_STR flg=0x20000010 (has extras) }, receivers: null
E/HwPowerMonitor.Utils( 3207): ERROR reading null
E/HwPowerMonitor.Utils( 3207): ERROR reading null
E/HwPowerMonitor.Utils( 3207): ERROR reading null
I/MQoS    ( 1306): MSG_QUERY_TCP_INFO called,count:984
I/WifiProJNI( 1306): ######### CMD_QUERY_PKTS ########
D/WifiProJNI( 1306): send_cmd_kernel: cmd=1
D/WifiProJNI( 1306): Received kernel message payload: event 0
I/QosMonitor( 1306): postEventFromNative: msg=100,arg1=0,arg2=9
W/WifiProJNI( 1306): poll before: g_monitor_fd =174
D/HuaweiWifiWatchdogStateMachine( 1306):  not in link monitoring mode, ignore TCP result .
I/MQoS    ( 1306): rtt=100,tcp_tx_pkts=206933,tcp_rx_pkts=251741
I/TrafficMonitor( 1306): getStatic,count:0,work status:false
I/MQoS    ( 1306): QOS_level:4(4),use RAT:4G;signalLvl:4
E/HwPowerMonitor.Utils( 3207): ERROR reading null
E/HwPowerMonitor.Utils( 3207): ERROR reading null
E/HwPowerMonitor.Utils( 3207): ERROR reading null
I/MSM-irqbalance(  511): Decided to move IRQ166 from CPU5 to CPU6
I/SendBroadcastPermission( 1306): action:android.intent.action.SIG_STR, mPermissionType:0
I/MQoS    ( 1306): onSignal: mSubId=1,currDataSubID=1
I/MQoS    ( 1306): received cell-signal:5
D/NetworkController.MobileSignalController(1)( 2101): mSimSubId:1 onSignalStrengthsChanged signalStrength=SignalStrength: -1 0 -1 255 -1 255 -1 255 255 24 -96 -10 26 2147483647 false gw|lte level=4
D/NetworkController.MobileSignalController(1)( 2101):  mDataNetType:13 indexOfkey:11 iconGroup.mName:4G roaming:false
I/ActivityManager( 1306): collectReceiverComponents for intent: Intent { act=android.intent.action.SIG_STR flg=0x20000010 (has extras) }, receivers: null
I/TrafficMonitor( 1306): getStatic,count:0,work status:false
I/MQoS    ( 1306): QOS_level:5(5),use RAT:4G;signalLvl:5
I/HwCustMobileSignalControllerImpl( 2101): subId:1 phoneType:1 networktype:13 targetClass:3 masterLevel:4 slaveLevel:-1
D/NetworkController.MobileSignalController(1)( 2101): origin typeIcon:2130838281 icons.mName:4G isSuspend:false
D/HwCustMobileSignalControllerImpl( 2101): sub =1,strMccMnc =null,hashMccMnc =[],strPlmn =hw_customized_networkType_entry
D/HwCustMobileSignalControllerImpl( 2101): isCurrentBySim()=false
D/HwCustMobileSignalControllerImpl( 2101): sub =1,strMccMnc =null,hashMccMnc =[],strPlmn =hw_mcc_mnc
D/HwCustMobileSignalControllerImpl( 2101): isCurrentBySim()=false
D/HwCustMobileSignalControllerImpl( 2101): sub =1,strMccMnc =null,hashMccMnc =[],strPlmn =hw_show_4g
D/HwCustMobileSignalControllerImpl( 2101): isCurrentBySim()=false
D/HwCustMobileSignalControllerImpl( 2101): sub =1,strMccMnc =null,hashMccMnc =[],strPlmn =hw_show_lte
D/HwCustMobileSignalControllerImpl( 2101): isCurrentBySim()=false
D/HwCustMobileSignalControllerImpl( 2101): sub =1,strMccMnc =null,hashMccMnc =[],strPlmn =hw_hspap_show_4g
D/HwCustMobileSignalControllerImpl( 2101): isCurrentBySim()=false
E/InputReader( 1306): QEEXO fs_classify_touch NULL, not calling FingerSense
I/HwLauncher(18159):  FPSMonitor [Launcher , dispatchTouchEvent begin, false, true] down event  x = 995 y = 995
I/HwLauncher(18159): Launcher  while lockScreenOrientation,isRotationEnabled is false!
I/HwLauncher(18159):  FPSMonitor [PagedView , onIntercept] down event  x = 995 y = 995
I/HwLauncher(18159):  FPSMonitor [Launcher , dispatchTouchEvent end, false, true] down event  x = 995 y = 995
I/HwLauncher(18159):  FPSMonitor startScroll xMoved = true  xPaged = true xDiff =  46
E/InputReader( 1306): QEEXO fs_touch_up NULL, not calling FingerSense
I/HwLauncher(18159):  FPSMonitor [Launcher , dispatchTouchEvent begin, false, true] up event  x = 727 y = 727
I/HwLauncher(18159):  FPSMonitor [PagedView , onTouchEvent] up event  x = 727 y = 727
I/HwLauncher(18159):  FPSMonitor snapToPage whichPage = 2 delta = 739 duration = 464
I/HwLauncher(18159): Launcher mUnlockScreenRunnbale  getOrientationEnabled false 
I/HwLauncher(18159):  FPSMonitor [Launcher , dispatchTouchEvent end, false, true] up event  x = 727 y = 727
D/ThermalStateManager( 3174): Thermal type: 0 cur_temperature:38
I/ThermalStateManager( 3174): triggerLevel = 1, triggerAction :{cpu=1497600, battery=1500}
I/ThermalStateManager( 3174): sensor name: cpu temperature: 38 , thermal action: battery policy:1500
I/ThermalStateManager( 3174): not config low temperature policy, not to handle.
W/HwLauncher(18159): Workspace workspace notfiyPageSwitchListener clingContoller is NULL
I/HwLauncher(18159):  FPSMonitor endScroll
E/HwPowerMonitor.Utils( 3207): ERROR reading null
E/HwPowerMonitor.Utils( 3207): ERROR reading null
E/HwPowerMonitor.Utils( 3207): ERROR reading null
E/HwPowerMonitor.Utils( 3207): ERROR reading null
E/HwPowerMonitor.Utils( 3207): ERROR reading null
E/HwPowerMonitor.Utils( 3207): ERROR reading null
E/HwPowerMonitor.Utils( 3207): ERROR reading null
E/HwPowerMonitor.Utils( 3207): ERROR reading null
E/HwPowerMonitor.Utils( 3207): ERROR reading null
E/HwPowerMonitor.Utils( 3207): ERROR reading null
E/HwPowerMonitor.Utils( 3207): ERROR reading null
E/HwPowerMonitor.Utils( 3207): ERROR reading null
E/HwPowerMonitor.Utils( 3207): ERROR reading null
E/HwPowerMonitor.Utils( 3207): ERROR reading null
E/HwPowerMonitor.Utils( 3207): ERROR reading null
E/HwPowerMonitor.Utils( 3207): ERROR reading null
E/HwPowerMonitor.Utils( 3207): ERROR reading null
E/HwPowerMonitor.Utils( 3207): ERROR reading null
E/HwPowerMonitor.Utils( 3207): ERROR reading null
E/HwPowerMonitor.Utils( 3207): ERROR reading null
E/HwPowerMonitor.Utils( 3207): ERROR reading null
E/HwPowerMonitor.Utils( 3207): ERROR reading null
E/HwPowerMonitor.Utils( 3207): ERROR reading null
E/HwPowerMonitor.Utils( 3207): ERROR reading null
E/HwPowerMonitor.Utils( 3207): ERROR reading null
E/HwPowerMonitor.Utils( 3207): ERROR reading null
E/HwPowerMonitor.Utils( 3207): ERROR reading null
E/HwPowerMonitor.Utils( 3207): ERROR reading null
E/HwPowerMonitor.Utils( 3207): ERROR reading null
E/HwPowerMonitor.Utils( 3207): ERROR reading null
E/hwintelligencewifi( 1306): onCellLocationChanged
W/PhoneInterfaceManager( 3186): shouldBlockLocation running ...
I/PhoneInterfaceManager( 3186): shouldBlockLocation  ret:false
E/hwintelligencewifi( 1306): processCellIDChange
W/PhoneInterfaceManager( 3186): shouldBlockLocation running ...
I/PhoneInterfaceManager( 3186): shouldBlockLocation  ret:false
E/hwintelligencewifi( 1306): getCurrentCellid type type = PHONE_TYPE_GSM
E/hwintelligencewifi( 1306): getCurrentCellid type is PHONE_TYPE_GSM
E/hwintelligencewifi( 1306): getCurrentCellid PHONE_TYPE_GSM cellidString = 4600157295117
E/hwintelligencewifi( 1306): isMonitorCellId mInfos.size() = 4
W/hwintelligencewifi( 1306): getAutoOpenValue  value = 0
E/HwPowerMonitor.Utils( 3207): ERROR reading null
E/HwPowerMonitor.Utils( 3207): ERROR reading null
E/HwPowerMonitor.Utils( 3207): ERROR reading null
E/InputReader( 1306): QEEXO fs_classify_touch NULL, not calling FingerSense
I/HwLauncher(18159):  FPSMonitor [Launcher , dispatchTouchEvent begin, false, true] down event  x = 705 y = 705
I/HwLauncher(18159): Launcher  while lockScreenOrientation,isRotationEnabled is false!
I/HwLauncher(18159):  FPSMonitor [PagedView , onIntercept] down event  x = 705 y = 705
I/HwLauncher(18159):  FPSMonitor [Launcher , dispatchTouchEvent end, false, true] down event  x = 705 y = 705
I/HwLauncher(18159):  FPSMonitor startScroll xMoved = true  xPaged = false xDiff =  23
E/InputReader( 1306): QEEXO fs_touch_up NULL, not calling FingerSense
I/HwLauncher(18159):  FPSMonitor [Launcher , dispatchTouchEvent begin, false, true] up event  x = 1001 y = 1001
I/HwLauncher(18159):  FPSMonitor [PagedView , onTouchEvent] up event  x = 1001 y = 1001
I/HwLauncher(18159):  FPSMonitor snapToPage whichPage = 1 delta = -807 duration = 428
W/HwLauncher(18159): Workspace workspace notfiyPageSwitchListener clingContoller is NULL
I/HwLauncher(18159): Launcher mUnlockScreenRunnbale  getOrientationEnabled false 
I/HwLauncher(18159):  FPSMonitor [Launcher , dispatchTouchEvent end, false, true] up event  x = 1001 y = 1001
I/HwLauncher(18159):  FPSMonitor endScroll
D/WifiHW  ( 1306): wifi_send_command: cmd:'IFNAME=wlan0 SET pno 0'
D/wpa_supplicant( 2520): wlan0: Control interface command 'SET pno 0'
D/wpa_supplicant( 2520): CTRL_IFACE SET 'pno'='0'
D/wpa_supplicant( 2520): CTRL-DEBUG: global_ctrl_sock-sendto: sock=16 sndbuf=212992 outq=0 send_len=3
D/WifiHW  ( 1306): wifi_send_command: cmd:'IFNAME=wlan0 SCAN TYPE=ONLY'
D/wpa_supplicant( 2520): wlan0: Control interface command 'SCAN TYPE=ONLY'
D/wpa_supplicant( 2520): wlan0: Setting scan request: 0.000000 sec
D/wpa_supplicant( 2520): CTRL-DEBUG: global_ctrl_sock-sendto: sock=16 sndbuf=212992 outq=0 send_len=3
D/wpa_supplicant( 2520): wlan0: Starting AP scan for wildcard SSID
D/wpa_supplicant( 2520): wlan0: Add radio work 'scan'@0x558dbd8910
D/wpa_supplicant( 2520): wlan0: First radio work item in the queue - schedule start immediately
D/wpa_supplicant( 2520): wlan0: Starting radio work 'scan'@0x558dbd8910 after 0.000063 second wait
D/wpa_supplicant( 2520): wlan0: nl80211: scan request
D/wpa_supplicant( 2520): Scan requested (ret=0) - scan timeout 30 seconds
D/wpa_supplicant( 2520): nl80211: Drv Event 33 (NL80211_CMD_TRIGGER_SCAN) received for wlan0
D/wpa_supplicant( 2520): wlan0: nl80211: Scan trigger
D/wpa_supplicant( 2520): wlan0: Event SCAN_STARTED (47) received
D/wpa_supplicant( 2520): wlan0: Own scan request started a scan in 0.000118 seconds
D/wpa_supplicant( 2520): CTRL-DEBUG: ctrl_sock-sendmsg: sock=16 sndbuf=212992 outq=768 send_len=24
E/InputReader( 1306): QEEXO fs_classify_touch NULL, not calling FingerSense
I/HwLauncher(18159):  FPSMonitor [Launcher , dispatchTouchEvent begin, false, true] down event  x = 712 y = 712
I/HwLauncher(18159): Launcher  while lockScreenOrientation,isRotationEnabled is false!
I/HwLauncher(18159):  FPSMonitor [PagedView , onIntercept] down event  x = 712 y = 712
I/HwLauncher(18159):  FPSMonitor [Launcher , dispatchTouchEvent end, false, true] down event  x = 712 y = 712
E/InputReader( 1306): QEEXO fs_touch_up NULL, not calling FingerSense
I/HwLauncher(18159):  FPSMonitor [Launcher , dispatchTouchEvent begin, false, true] up event  x = 712 y = 712
I/HwLauncher(18159):  FPSMonitor [PagedView , onIntercept] up event  x = 712 y = 712
I/HwLauncher(18159): QuickActionView hide() animated = true, fromSticky = true
I/HwLauncher(18159): QuickActionView hide() action view has already hidden, return.
I/HwLauncher(18159): Launcher mUnlockScreenRunnbale  getOrientationEnabled false 
I/HwLauncher(18159):  FPSMonitor [Launcher , dispatchTouchEvent end, false, true] up event  x = 712 y = 712
V/AudioManager(18159): playSoundEffect   effectType: 0
V/AudioManager(18159): querySoundEffectsEnabled...
W/ResourceType(18159): No known package when getting name for resource number 0x9c020202
I/HwLauncher(18159): Launcher onclick begin com.huawei.android.launcher.BubbleTextView{dcc31a6 VFED..CL. ...P..ID 528,686-792,969 #9c020202}
I/HwLauncher(18159): Launcher.Utilities  startActivitySafely useLaunchAnimation = true
I/HwLauncher(18159): Launcher.Utilities  startActivitySafely begin startActivity() for current user
I/ActivityManager( 1306): resolve info: ResolveInfo{f874e20 com.martin.ads.testopencv/.HomeActivity m=0x0 euid=0}, euid: 0
I/ActivityManager( 1306): START u0 {act=android.intent.action.MAIN cat=[android.intent.category.LAUNCHER] flg=0x10200000 cmp=com.martin.ads.testopencv/.HomeActivity bnds=[540,656][804,939]} from uid 10053 on display 0
I/HwUserBehaviourRecord( 1306): appEnterRecord---com.martin.ads.testopencv
I/ActivityManager( 1306): ActivityRecord info: ActivityInfo{5da919d com.martin.ads.testopencv.HomeActivity}, euid=0
D/HwCust  ( 1306): Create obj success use class android.content.res.HwCustHwResourcesImpl
V/HwWindowManagerService( 1306): moveTaskToTop mTaskChanged:true
I/ActivityManager( 1306): create new task record, multiLaunchId: 0, intent = Intent { act=android.intent.action.MAIN cat=[android.intent.category.LAUNCHER] flg=0x10200000 cmp=com.martin.ads.testopencv/.HomeActivity }
V/HwWindowManagerService( 1306): moveTaskToTop mTaskChanged:true
I/HwLauncher(18159): Launcher.Utilities  startActivitySafely end startActivity() for current user
I/HwLauncher(18159): Launcher onclick end
I/HwLauncher(18159): Launcher onPause()
I/HwLauncher(18159): Launcher.MotionManager stopMotionAppsReco begin,flg = 402
D/MotionDetectionManager(18159): stopMotionAppsReco motionApps: 402
D/MotionDetectionManager(18159): stopMotionAppsReco not recognition motionApps 402
W/HwLauncher(18159): Launcher.MotionManager stopMotionAppsReco service flg 402 is unavailable
V/HwWindowManagerService( 1306): moveTaskToTop mTaskChanged:true
V/HwWindowManagerService( 1306): setFocusedApp update app ops, mTaskChanged set to:false
I/HwLauncher(18159): Launcher.MotionManager stopMotionAppsReco begin,flg = 403
D/MotionDetectionManager(18159): stopMotionAppsReco motionApps: 403
D/MotionDetectionManager(18159): stopMotionAppsReco not recognition motionApps 403
W/HwLauncher(18159): Launcher.MotionManager stopMotionAppsReco service flg 403 is unavailable
D/wpa_supplicant( 2520): nl80211: Drv Event 34 (NL80211_CMD_NEW_SCAN_RESULTS) received for wlan0
D/wpa_supplicant( 2520): wlan0: nl80211: New scan results available
D/wpa_supplicant( 2520): nl80211: Scan included frequencies: 2412 2417 2422 2427 2432 2437 2442 2447 2452 2457 2462 2467 2472
D/wpa_supplicant( 2520): wlan0: Event SCAN_RESULTS (3) received
D/wpa_supplicant( 2520): wlan0: Scan completed in 0.647483 seconds
D/wpa_supplicant( 2520): nl80211: Received scan results (10 BSSes)
D/wpa_supplicant( 2520): wlan0: BSS: Start scan result update 7345
D/wpa_supplicant( 2520): wlan0: BSS: Remove id 14450 BSSID 80:e8:6f:d7:00:e0 SSID 'BUAA-QYY' due to no match in scan
D/wpa_supplicant( 2520): CTRL-DEBUG: ctrl_sock-sendmsg: sock=16 sndbuf=212992 outq=0 send_len=46
D/wpa_supplicant( 2520): BSS: last_scan_res_used=10/64
D/wpa_supplicant( 2520): wlan0: Scan-only results received
D/wpa_supplicant( 2520): CTRL-DEBUG: ctrl_sock-sendmsg: sock=16 sndbuf=212992 outq=0 send_len=24
D/wpa_supplicant( 2520): wlan0: Radio work 'scan'@0x558dbd8910 done in 0.648713 seconds
D/wpa_supplicant( 2520): CTRL-DEBUG: global_ctrl_sock-sendto: sock=16 sndbuf=212992 outq=0 send_len=3752
D/wpa_supplicant( 2520): CTRL-DEBUG: global_ctrl_sock-sendto: sock=16 sndbuf=212992 outq=0 send_len=3384
D/WifiAutoJoinController ( 1306): newSupplicantResults size=13 known=0 true
D/WifiHW  ( 1306): wifi_send_command: cmd:'IFNAME=wlan0 STATUS-NO_EVENTS'
D/wpa_supplicant( 2520): EAPOL: EAP Session-Id not available
D/wpa_supplicant( 2520): CTRL-DEBUG: global_ctrl_sock-sendto: sock=16 sndbuf=212992 outq=0 send_len=124
D/WifiAutoJoinController ( 1306): attemptAutoJoin() num recent config 0 ---> suppNetId=-1
D/WifiAutoJoinController ( 1306): look up all config networks done, chosen candidate = null
I/SendBroadcastPermission( 1306): action:null, mPermissionType:0
I/ActivityManager( 1306): mService.startProcessLocked for activity: ActivityRecord{32a33d9 u0 com.martin.ads.testopencv/.HomeActivity t20538}, appinfo euid: 0
D/ActivityManager( 1306): Clearing bad pkg: com.martin.ads.testopencv
I/ActivityManager( 1306): new Process app=ProcessRecord{435e477 0:com.martin.ads.testopencv/u0a167}, name: com.martin.ads.testopencv, euid: 0
D/Zygote  ( 8178): CtrlSocket libc.so ctrl_sockets_set_addr pfunc is not exist!
V/BoostFramework( 1306): BoostFramework() : mPerf = com.qualcomm.qti.Performance@198b8e4
I/SendBroadcastPermission( 1306): action:android.net.wifi.SCAN_RESULTS, mPermissionType:0
I/ActivityManager( 1306): Start proc 8178:com.martin.ads.testopencv/u0a167 for activity com.martin.ads.testopencv/.HomeActivity
I/ActivityManager( 1306): collectReceiverComponents for intent: Intent { flg=0x4000010 }, receivers: null
I/ActivityManager( 1306): collectReceiverComponents for intent: Intent { act=android.net.wifi.SCAN_RESULTS flg=0x4000010 (has extras) }, receivers: [ResolveInfo{ab4614d com.android.settings/.wifi.cmcc.ConnectSwitchReceiver m=0x108000 euid=0}]
I/        ( 8178): power log dlsym ok
E/hwintelligencewifi( 1306): DisconnectedState MSG_WIFI_UPDATE_SCAN_RESULT mIsAutoCloseSearch = false
I/art     ( 8178): Late-enabling -Xcheck:jni
D/ActivityThread( 8178): ActivityThread,attachApplication
D/ActivityManager( 1306): ActivityManagerService,attachApplication,callingPid = 8178
V/SMCSAMSHelper( 1306): SMCSAMSHelper.addSTPEvent: cost 0 ms end.
V/SMCSAMSHelper( 1306): SMCSAMSHelper.smartTrimProcessPackageResume: cost time 0 ms end.
W/PGApi_client( 3174): recv actoionId = 10000, action = com.huawei.pgmng.PGAction@6edfa6a actionId =10000 pkg =com.martin.ads.testopencv extend1 =28937 extend2 = flag =3 type =1
W/PGMiddleWare( 3174): in handleAction method, action = 10000
W/PGMiddleWare( 3174): in handleAction, invoke client = com.huawei.pgmng.middleware.AudioEffectLowPowerImpl@a4b263e, action = com.huawei.pgmng.PGAction@6edfa6a actionId =10000 pkg =com.martin.ads.testopencv extend1 =28937 extend2 = flag =3 type =1
V/AudioManager( 3174): isMusicActive...
V/ActivityManager( 1306): New app record ProcessRecord{435e477 8178:com.martin.ads.testopencv/u0a167} thread=android.os.BinderProxy@3011402 pid=8178
I/ActivityManager( 1306): launch r: ActivityRecord{32a33d9 u0 com.martin.ads.testopencv/.HomeActivity t20538}, uid = 10167, r.info.applicationInfo.euid  = 0
V/AppWindowAnimator( 1306): Can't get Looper return 0
W/qdhwcomposer(  356): eglGpuPerfHintQCOM failed for Built in display
I/HwSystemManager( 2205): NotificationGuideService:handle MSG_ACTIVIY_FOREGROUND, uid:10167
D/PhoneStatusBar( 2101): setSystemUiVisibility vis=8600 mask=ffffffff oldVal=c0000700 newVal=8600 diff=c0008100
D/PhoneStatusBar( 2101): sbMode=5, nbMode=5mStatusBarMode=2, mNavigationBarMode=2
D/BarTransitions.PhoneStatusBarView( 2101): MODE_TRANSLUCENT -> MODE_TRANSPARENT animate=false
D/BarTransitions.PhoneStatusBarView( 2101): applyModeBackground MODE_TRANSPARENT animate=false,mGradientBackground=true
D/HwWindowManagerService( 1306): setFocuedApp r: ActivityRecord{32a33d9 u0 com.martin.ads.testopencv/.HomeActivity t20538},pkgName=com.martin.ads.testopencv
D/HwWindowManagerService( 1306): setFocuedApp focusedAppChanged
W/HwWindowManagerService( 1306): mIHwWindowCallback focusedAppChanged
W/HwWindowManagerService( 1306): android.os.DeadObjectException
W/HwWindowManagerService( 1306): 	at android.os.BinderProxy.transactNative(Native Method)
W/HwWindowManagerService( 1306): 	at android.os.BinderProxy.transact(Binder.java:505)
W/HwWindowManagerService( 1306): 	at huawei.android.app.IHwWindowCallback$Stub$Proxy.focusedAppChanged(IHwWindowCallback.java:160)
W/HwWindowManagerService( 1306): 	at com.android.server.wm.HwWindowManagerService.setFocusedAppForNavi(HwWindowManagerService.java:495)
W/HwWindowManagerService( 1306): 	at com.android.server.am.HwActivityManagerService.setFocusedActivityLockedForNavi(HwActivityManagerService.java:938)
W/HwWindowManagerService( 1306): 	at com.android.server.am.ActivityStack.completeResumeLocked(ActivityStack.java:1439)
W/HwWindowManagerService( 1306): 	at com.android.server.am.ActivityStack.minimalResumeActivityLocked(ActivityStack.java:873)
W/HwWindowManagerService( 1306): 	at com.android.server.am.ActivityStackSupervisor.realStartActivityLocked(ActivityStackSupervisor.java:1477)
W/HwWindowManagerService( 1306): 	at com.android.server.am.ActivityStackSupervisor.attachApplicationLocked(ActivityStackSupervisor.java:698)
W/HwWindowManagerService( 1306): 	at com.android.server.am.ActivityManagerService.attachApplicationLocked(ActivityManagerService.java:6678)
W/HwWindowManagerService( 1306): 	at com.android.server.am.ActivityManagerService.attachApplication(ActivityManagerService.java:6744)
W/HwWindowManagerService( 1306): 	at android.app.ActivityManagerNative.onTransact(ActivityManagerNative.java:507)
W/HwWindowManagerService( 1306): 	at com.android.server.am.ActivityManagerService.onTransact(ActivityManagerService.java:2707)
W/HwWindowManagerService( 1306): 	at com.android.server.am.HwActivityManagerService.onTransact(HwActivityManagerService.java:393)
W/HwWindowManagerService( 1306): 	at android.os.Binder.execTransact(Binder.java:453)
D/BarTransitions.PhoneStatusBarView( 2101): setColor = 00000000
D/BarTransitions.PhoneStatusBarView( 2101): Show color layer
D/BarTransitions.NavigationBarView( 2101): MODE_TRANSLUCENT -> MODE_TRANSPARENT animate=false
D/BarTransitions.NavigationBarView( 2101): applyModeBackground MODE_TRANSPARENT animate=false,mGradientBackground=true
D/BarTransitions.NavigationBarView( 2101): setColor = 00000000
D/BarTransitions.NavigationBarView( 2101): Show color layer
D/TintManager( 2101): updateBarTint
W/qdhwcomposer(  356): eglGpuPerfHintQCOM failed for Built in display
D/HwCust  ( 8178): Create obj success use class android.content.res.HwCustHwResourcesImpl
W/qdhwcomposer(  356): eglGpuPerfHintQCOM failed for Built in display
W/qdhwcomposer(  356): eglGpuPerfHintQCOM failed for Built in display
W/qdhwcomposer(  356): eglGpuPerfHintQCOM failed for Built in display
E/dex2oat ( 8193): Failed to create oat file: /data/dalvik-cache/arm64/data@app@com.martin.ads.testopencv-2@split_lib_dependencies_apk.apk@classes.dex: Permission denied
I/dex2oat ( 8193): dex2oat took 606.979us (threads: 4) 
W/art     ( 8178): Failed execv(/system/bin/dex2oat --runtime-arg -classpath --runtime-arg  --debuggable --instruction-set=arm64 --instruction-set-features=smp,a53 --runtime-arg -Xrelocate --boot-image=/system/framework/boot.art --runtime-arg -Xms64m --runtime-arg -Xmx512m --instruction-set-variant=generic --instruction-set-features=default --dex-file=/data/app/com.martin.ads.testopencv-2/split_lib_dependencies_apk.apk --oat-file=/data/dalvik-cache/arm64/data@app@com.martin.ads.testopencv-2@split_lib_dependencies_apk.apk@classes.dex) because non-0 exit status
W/qdhwcomposer(  356): eglGpuPerfHintQCOM failed for Built in display
W/qdhwcomposer(  356): eglGpuPerfHintQCOM failed for Built in display
W/qdhwcomposer(  356): eglGpuPerfHintQCOM failed for Built in display
W/qdhwcomposer(  356): eglGpuPerfHintQCOM failed for Built in display
W/qdhwcomposer(  356): eglGpuPerfHintQCOM failed for Built in display
W/qdhwcomposer(  356): eglGpuPerfHintQCOM failed for Built in display
W/qdhwcomposer(  356): eglGpuPerfHintQCOM failed for Built in display
W/qdhwcomposer(  356): eglGpuPerfHintQCOM failed for Built in display
W/qdhwcomposer(  356): eglGpuPerfHintQCOM failed for Built in display
D/ImageWallpaper( 2101): onVisibilityChanged: mVisible, visible=true, false
D/ImageWallpaper( 2101): Suppressed drawFrame since redraw is not needed and offsets have not changed. rotation new/old: 0/0, width new/old: 2160/2160, height new/old: 1920/1920, offsetChanged: false
E/dex2oat ( 8198): Failed to create oat file: /data/dalvik-cache/arm64/data@app@com.martin.ads.testopencv-2@split_lib_slice_0_apk.apk@classes.dex: Permission denied
I/dex2oat ( 8198): dex2oat took 389.531us (threads: 4) 
W/art     ( 8178): Failed execv(/system/bin/dex2oat --runtime-arg -classpath --runtime-arg  --debuggable --instruction-set=arm64 --instruction-set-features=smp,a53 --runtime-arg -Xrelocate --boot-image=/system/framework/boot.art --runtime-arg -Xms64m --runtime-arg -Xmx512m --instruction-set-variant=generic --instruction-set-features=default --dex-file=/data/app/com.martin.ads.testopencv-2/split_lib_slice_0_apk.apk --oat-file=/data/dalvik-cache/arm64/data@app@com.martin.ads.testopencv-2@split_lib_slice_0_apk.apk@classes.dex) because non-0 exit status
E/dex2oat ( 8203): Failed to create oat file: /data/dalvik-cache/arm64/data@app@com.martin.ads.testopencv-2@split_lib_slice_1_apk.apk@classes.dex: Permission denied
I/dex2oat ( 8203): dex2oat took 360.521us (threads: 4) 
W/art     ( 8178): Failed execv(/system/bin/dex2oat --runtime-arg -classpath --runtime-arg  --debuggable --instruction-set=arm64 --instruction-set-features=smp,a53 --runtime-arg -Xrelocate --boot-image=/system/framework/boot.art --runtime-arg -Xms64m --runtime-arg -Xmx512m --instruction-set-variant=generic --instruction-set-features=default --dex-file=/data/app/com.martin.ads.testopencv-2/split_lib_slice_1_apk.apk --oat-file=/data/dalvik-cache/arm64/data@app@com.martin.ads.testopencv-2@split_lib_slice_1_apk.apk@classes.dex) because non-0 exit status
D/VM_BMS  (  490): wake_lock acquired
D/VM_BMS  (  490): New BMS data - Size=56
D/VM_BMS  (  490): Start process_bms_data
D/VM_BMS  (  490): For batt_temp=342 fcc_mah=3050
D/VM_BMS  (  490): For ocv=4274996 batt_temp=342 soc=97
D/VM_BMS  (  490): fifo_count=5 acc_count=0
D/VM_BMS  (  490): INIT: ocv=4274996 last_ocv=4274996 batt_temp=342 soc=97
D/VM_BMS  (  490): For soc=97 batt_temp=342 slope=12000
D/VM_BMS  (  490): For soc=97 batt_temp=342 rbatt_sf=89
D/VM_BMS  (  490): rbatt_mohm_default=139, rbatt_mohm=123, sf=89 batt_temp=342
D/VM_BMS  (  490): For ocv=4275089 batt_temp=342 soc=97
D/VM_BMS  (  490): FIFO=0 fifo_avg=4.286808 rbatt=0.123000 slope=1.200000 ibatt=-0.095653 ocv=4.275089 soc=97 fcc_ah=3.050000 sample_count=128 sample_interval=70 seq_num=32255
D/VM_BMS  (  490): For soc=97 batt_temp=342 slope=12000
D/VM_BMS  (  490): For soc=97 batt_temp=342 rbatt_sf=89
D/VM_BMS  (  490): rbatt_mohm_default=139, rbatt_mohm=123, sf=89 batt_temp=342
D/VM_BMS  (  490): For ocv=4275223 batt_temp=342 soc=97
D/VM_BMS  (  490): FIFO=1 fifo_avg=4.292106 rbatt=0.123000 slope=1.200000 ibatt=-0.137804 ocv=4.275224 soc=97 fcc_ah=3.050000 sample_count=128 sample_interval=70 seq_num=32255
D/VM_BMS  (  490): For soc=97 batt_temp=342 slope=12000
D/VM_BMS  (  490): For soc=97 batt_temp=342 rbatt_sf=89
D/VM_BMS  (  490): rbatt_mohm_default=139, rbatt_mohm=123, sf=89 batt_temp=342
D/VM_BMS  (  490): For ocv=4275349 batt_temp=342 soc=97
D/VM_BMS  (  490): FIFO=2 fifo_avg=4.291224 rbatt=0.123000 slope=1.200000 ibatt=-0.129575 ocv=4.275350 soc=97 fcc_ah=3.050000 sample_count=128 sample_interval=70 seq_num=32255
D/VM_BMS  (  490): For soc=97 batt_temp=342 slope=12000
D/VM_BMS  (  490): For soc=97 batt_temp=342 rbatt_sf=89
D/VM_BMS  (  490): rbatt_mohm_default=139, rbatt_mohm=123, sf=89 batt_temp=342
D/VM_BMS  (  490): For ocv=4275554 batt_temp=342 soc=97
D/VM_BMS  (  490): FIFO=3 fifo_avg=4.301229 rbatt=0.123000 slope=1.200000 ibatt=-0.209571 ocv=4.275554 soc=97 fcc_ah=3.050000 sample_count=128 sample_interval=70 seq_num=32255
D/VM_BMS  (  490): For soc=97 batt_temp=342 slope=12000
D/VM_BMS  (  490): For soc=97 batt_temp=342 rbatt_sf=89
D/VM_BMS  (  490): rbatt_mohm_default=139, rbatt_mohm=123, sf=89 batt_temp=342
D/VM_BMS  (  490): For ocv=4275758 batt_temp=342 soc=97
D/VM_BMS  (  490): FIFO=4 fifo_avg=4.301229 rbatt=0.123000 slope=1.200000 ibatt=-0.207911 ocv=4.275758 soc=97 fcc_ah=3.050000 sample_count=128 sample_interval=70 seq_num=32255
I/VM_BMS  (  490): power_supply_update: ocv_uv=4275758 ibatt=-207910 soc=97 seq_num=32255
D/VM_BMS  (  490): End process_bms_data
D/VM_BMS  (  490): wake_lock released
E/dex2oat ( 8208): Failed to create oat file: /data/dalvik-cache/arm64/data@app@com.martin.ads.testopencv-2@split_lib_slice_2_apk.apk@classes.dex: Permission denied
I/dex2oat ( 8208): dex2oat took 346.615us (threads: 4) 
W/art     ( 8178): Failed execv(/system/bin/dex2oat --runtime-arg -classpath --runtime-arg  --debuggable --instruction-set=arm64 --instruction-set-features=smp,a53 --runtime-arg -Xrelocate --boot-image=/system/framework/boot.art --runtime-arg -Xms64m --runtime-arg -Xmx512m --instruction-set-variant=generic --instruction-set-features=default --dex-file=/data/app/com.martin.ads.testopencv-2/split_lib_slice_2_apk.apk --oat-file=/data/dalvik-cache/arm64/data@app@com.martin.ads.testopencv-2@split_lib_slice_2_apk.apk@classes.dex) because non-0 exit status
E/dex2oat ( 8213): Failed to create oat file: /data/dalvik-cache/arm64/data@app@com.martin.ads.testopencv-2@split_lib_slice_3_apk.apk@classes.dex: Permission denied
I/dex2oat ( 8213): dex2oat took 3.385ms (threads: 4) 
W/art     ( 8178): Failed execv(/system/bin/dex2oat --runtime-arg -classpath --runtime-arg  --debuggable --instruction-set=arm64 --instruction-set-features=smp,a53 --runtime-arg -Xrelocate --boot-image=/system/framework/boot.art --runtime-arg -Xms64m --runtime-arg -Xmx512m --instruction-set-variant=generic --instruction-set-features=default --dex-file=/data/app/com.martin.ads.testopencv-2/split_lib_slice_3_apk.apk --oat-file=/data/dalvik-cache/arm64/data@app@com.martin.ads.testopencv-2@split_lib_slice_3_apk.apk@classes.dex) because non-0 exit status
E/dex2oat ( 8217): Failed to create oat file: /data/dalvik-cache/arm64/data@app@com.martin.ads.testopencv-2@split_lib_slice_4_apk.apk@classes.dex: Permission denied
I/dex2oat ( 8217): dex2oat took 356.667us (threads: 4) 
W/art     ( 8178): Failed execv(/system/bin/dex2oat --runtime-arg -classpath --runtime-arg  --debuggable --instruction-set=arm64 --instruction-set-features=smp,a53 --runtime-arg -Xrelocate --boot-image=/system/framework/boot.art --runtime-arg -Xms64m --runtime-arg -Xmx512m --instruction-set-variant=generic --instruction-set-features=default --dex-file=/data/app/com.martin.ads.testopencv-2/split_lib_slice_4_apk.apk --oat-file=/data/dalvik-cache/arm64/data@app@com.martin.ads.testopencv-2@split_lib_slice_4_apk.apk@classes.dex) because non-0 exit status
E/dex2oat ( 8221): Failed to create oat file: /data/dalvik-cache/arm64/data@app@com.martin.ads.testopencv-2@split_lib_slice_5_apk.apk@classes.dex: Permission denied
I/dex2oat ( 8221): dex2oat took 343.229us (threads: 4) 
W/art     ( 8178): Failed execv(/system/bin/dex2oat --runtime-arg -classpath --runtime-arg  --debuggable --instruction-set=arm64 --instruction-set-features=smp,a53 --runtime-arg -Xrelocate --boot-image=/system/framework/boot.art --runtime-arg -Xms64m --runtime-arg -Xmx512m --instruction-set-variant=generic --instruction-set-features=default --dex-file=/data/app/com.martin.ads.testopencv-2/split_lib_slice_5_apk.apk --oat-file=/data/dalvik-cache/arm64/data@app@com.martin.ads.testopencv-2@split_lib_slice_5_apk.apk@classes.dex) because non-0 exit status
E/dex2oat ( 8225): Failed to create oat file: /data/dalvik-cache/arm64/data@app@com.martin.ads.testopencv-2@split_lib_slice_6_apk.apk@classes.dex: Permission denied
I/dex2oat ( 8225): dex2oat took 358.281us (threads: 4) 
W/art     ( 8178): Failed execv(/system/bin/dex2oat --runtime-arg -classpath --runtime-arg  --debuggable --instruction-set=arm64 --instruction-set-features=smp,a53 --runtime-arg -Xrelocate --boot-image=/system/framework/boot.art --runtime-arg -Xms64m --runtime-arg -Xmx512m --instruction-set-variant=generic --instruction-set-features=default --dex-file=/data/app/com.martin.ads.testopencv-2/split_lib_slice_6_apk.apk --oat-file=/data/dalvik-cache/arm64/data@app@com.martin.ads.testopencv-2@split_lib_slice_6_apk.apk@classes.dex) because non-0 exit status
E/dex2oat ( 8229): Failed to create oat file: /data/dalvik-cache/arm64/data@app@com.martin.ads.testopencv-2@split_lib_slice_7_apk.apk@classes.dex: Permission denied
I/dex2oat ( 8229): dex2oat took 580.990us (threads: 4) 
W/art     ( 8178): Failed execv(/system/bin/dex2oat --runtime-arg -classpath --runtime-arg  --debuggable --instruction-set=arm64 --instruction-set-features=smp,a53 --runtime-arg -Xrelocate --boot-image=/system/framework/boot.art --runtime-arg -Xms64m --runtime-arg -Xmx512m --instruction-set-variant=generic --instruction-set-features=default --dex-file=/data/app/com.martin.ads.testopencv-2/split_lib_slice_7_apk.apk --oat-file=/data/dalvik-cache/arm64/data@app@com.martin.ads.testopencv-2@split_lib_slice_7_apk.apk@classes.dex) because non-0 exit status
E/dex2oat ( 8234): Failed to create oat file: /data/dalvik-cache/arm64/data@app@com.martin.ads.testopencv-2@split_lib_slice_8_apk.apk@classes.dex: Permission denied
I/dex2oat ( 8234): dex2oat took 423.750us (threads: 4) 
W/art     ( 8178): Failed execv(/system/bin/dex2oat --runtime-arg -classpath --runtime-arg  --debuggable --instruction-set=arm64 --instruction-set-features=smp,a53 --runtime-arg -Xrelocate --boot-image=/system/framework/boot.art --runtime-arg -Xms64m --runtime-arg -Xmx512m --instruction-set-variant=generic --instruction-set-features=default --dex-file=/data/app/com.martin.ads.testopencv-2/split_lib_slice_8_apk.apk --oat-file=/data/dalvik-cache/arm64/data@app@com.martin.ads.testopencv-2@split_lib_slice_8_apk.apk@classes.dex) because non-0 exit status
E/dex2oat ( 8239): Failed to create oat file: /data/dalvik-cache/arm64/data@app@com.martin.ads.testopencv-2@split_lib_slice_9_apk.apk@classes.dex: Permission denied
I/dex2oat ( 8239): dex2oat took 366.302us (threads: 4) 
W/art     ( 8178): Failed execv(/system/bin/dex2oat --runtime-arg -classpath --runtime-arg  --debuggable --instruction-set=arm64 --instruction-set-features=smp,a53 --runtime-arg -Xrelocate --boot-image=/system/framework/boot.art --runtime-arg -Xms64m --runtime-arg -Xmx512m --instruction-set-variant=generic --instruction-set-features=default --dex-file=/data/app/com.martin.ads.testopencv-2/split_lib_slice_9_apk.apk --oat-file=/data/dalvik-cache/arm64/data@app@com.martin.ads.testopencv-2@split_lib_slice_9_apk.apk@classes.dex) because non-0 exit status
W/ActivityManager( 1306): getRunningAppProcesses: caller 10167 does not hold REAL_GET_TASKS; limiting output
