V/QCameraParameters(  590): int32_t qcamera::QCameraParameters::setSensorDebugMask(): ctrl mask :0
D/QCameraParameters(  590): setMultifocusMode, E
D/QCameraParameters(  590): setQuickSnapshotMode, E
D/QCameraParameters(  590): [procam_mode]: int32_t qcamera::QCameraParameters::setProfessionalMode(qcamera::QCameraParameters&) str = (null); prev_str = (null)
D/QCameraParameters(  590): [procam_mode]: int32_t qcamera::QCameraParameters::setSensorISOValue(const qcamera::QCameraParameters&), str = (null); prev_str = (null) mProfessionalMode = 0
D/QCameraParameters(  590): [procam_mode]: int32_t qcamera::QCameraParameters::setSensorISOValue(const qcamera::QCameraParameters&), non professional mode, str = (null); prev_str = (null)
D/QCameraParameters(  590): [procam_mode]: int32_t qcamera::QCameraParameters::setWhiteBalanceCCT(const qcamera::QCameraParameters&), str = (null); prev_str = (null) mProfessionalMode = 0
E/[HWCamera] AutoDetectPlatInterface(  590): updateSceneModeParameter() Invalid rotation value: -1
V/QCamera2HWI(  590): int qcamera::QCamera2HardwareInterface::updateParameters(const char*, bool&): updateParameter
D/QCamera2HWI(  590): int qcamera::QCamera2HardwareInterface::updateParameters(const char*, bool&) hwPostImg = (null)
D/mm-camera(  482): mct_pipeline_process_set:command=800000e
V/QCamera2HWI(  590): int qcamera::QCamera2HardwareInterface::commitParameterChanges(): commitParameter
D/QCameraParameters(  590): int32_t qcamera::QCameraParameters::setNumOfSnapshot(): nBurstNum = 1, nExpnum = 1
D/QCamera2HWI(  590): int qcamera::QCamera2HardwareInterface::enableMsgType(int32_t) (0x10) : mMsgEnabled = 0x30c1d
D/WindowBlur( 2101): similitudeRate = 1976
D/WindowBlur( 2101): notifyBlurResult bitmap = android.graphics.Bitmap@6b22499
D/JavaCameraView( 8178): startPreview
I/CameraClient(  590): startChatPreviewBeauty
I/CameraClient(  590): startChatPreviewBeauty(), chat face beauty is only available for front camera
D/QCamera2HWI(  590): int qcamera::QCamera2HardwareInterface::enableMsgType(int32_t) (0x10000) : mMsgEnabled = 0x30c1d
D/QCamera2HWI(  590): int qcamera::QCamera2HardwareInterface::enableMsgType(int32_t) (0x100000) : mMsgEnabled = 0x130c1d
D/QCamera2HWI(  590): int qcamera::QCamera2HardwareInterface::enableMsgType(int32_t) (0x200000) : mMsgEnabled = 0x330c1d
D/FlipSensorManager(  590): flipPreviewIfNeeded: flip sensor does not ready!
D/QCamera2HWI(  590): int qcamera::QCamera2HardwareInterface::enableMsgType(int32_t) (0x800000) : mMsgEnabled = 0xb30c1d
D/QCamera2HWI(  590): [KPI Perf] static int qcamera::QCamera2HardwareInterface::start_preview(camera_device*): E PROFILE_START_PREVIEW
D/QCameraHWI_Mem(  590): void qcamera::QCameraMemory::traceLogAllocStart(size_t, int, const char*) : alloc E count=1 size=932
D/QCameraHWI_Mem(  590): void qcamera::QCameraMemory::traceLogAllocStart(size_t, int, const char*) : alloc E count=1 size=932
D/QCameraHWI_Mem(  590): int qcamera::QCameraMemory::alloc(int, size_t, unsigned int) : No memory pool available and So allocate new buffer
D/QCameraHWI_Mem(  590): static int qcamera::QCameraMemory::allocOneBuffer(qcamera::QCameraMemory::QCameraMemInfo&, unsigned int, size_t, bool) : ION buffer 1 with size 4096 allocated
D/QCameraHWI_Mem(  590):  void qcamera::QCameraMemory::traceLogAllocEnd(size_t) : X
D/QCameraHWI_Mem(  590):  void qcamera::QCameraMemory::traceLogAllocEnd(size_t) : X
D/QCamera2HWI(  590): uint8_t qcamera::QCamera2HardwareInterface::getBufNumRequired(cam_stream_type_t): Allocating 1 buffers for streamtype 3
D/QCamera2HWI(  590): virtual qcamera::QCameraHeapMemory* qcamera::QCamera2HardwareInterface::allocateStreamInfoBuf(cam_stream_type_t): stream_type 3, stream format 2,stream dimension 320x240, num_bufs 1
D/QCamera2HWI(  590): uint8_t qcamera::QCamera2HardwareInterface::getBufNumRequired(cam_stream_type_t): Allocating 1 buffers for streamtype 3
D/mm-camera(  482): mct_pipeline_process_set:command=800000a
D/mm-camera(  482): mct_pipeline_process_set:command=8000012
D/mm-camera(  482): mct_pipeline_add_stream_to_linked_streams: linked streams: 0x8
D/mm-camera(  482): mct_stream_start_link: Starting snapshot stream linking 
D/mm-camera(  482): mct_stream_start_link: Regular snapshot
D/mm-camera(  482): aecawb_thread_handler thread_id is -1
D/mm-camera(  482): af_thread_handler thread_id is -1
D/mm-camera(  482): afd_thread_handler thread_id is -1
D/mm-camera(  482): asd_thread_handler thread_id is -1
E/mm-camera(  482): is_thread_handler thread_id is -1
E/mm-camera(  482): is_thread_handler: Starting IS thread handler
D/mm-camera(  482): mct_pipeline_process_set:command=8000004
D/QCameraHWI_Mem(  590): void qcamera::QCameraMemory::traceLogAllocStart(size_t, int, const char*) : alloc E count=1 size=932
D/QCameraHWI_Mem(  590): void qcamera::QCameraMemory::traceLogAllocStart(size_t, int, const char*) : alloc E count=1 size=932
D/QCameraHWI_Mem(  590): int qcamera::QCameraMemory::alloc(int, size_t, unsigned int) : No memory pool available and So allocate new buffer
D/QCameraHWI_Mem(  590): static int qcamera::QCameraMemory::allocOneBuffer(qcamera::QCameraMemory::QCameraMemInfo&, unsigned int, size_t, bool) : ION buffer 1 with size 4096 allocated
D/QCameraHWI_Mem(  590):  void qcamera::QCameraMemory::traceLogAllocEnd(size_t) : X
D/QCameraHWI_Mem(  590):  void qcamera::QCameraMemory::traceLogAllocEnd(size_t) : X
D/QCamera2HWI(  590): uint8_t qcamera::QCamera2HardwareInterface::getBufNumRequired(cam_stream_type_t): Allocating 9 buffers for streamtype 4
D/QCamera2HWI(  590): virtual qcamera::QCameraHeapMemory* qcamera::QCamera2HardwareInterface::allocateStreamInfoBuf(cam_stream_type_t): stream_type 4, stream format 1,stream dimension 1280x960, num_bufs 9
D/QCamera2HWI(  590): uint8_t qcamera::QCamera2HardwareInterface::getBufNumRequired(cam_stream_type_t): Allocating 9 buffers for streamtype 4
D/mm-camera(  482): mct_pipeline_process_set:command=800000a
D/mm-camera(  482): mct_pipeline_process_set:command=8000012
D/mm-camera(  482): mct_pipeline_add_stream_to_linked_streams: linked streams: 0x18
E/mm-camera(  482): isp_reserve_src_port: Error given src port cannot be used to reserve
E/mm-camera(  482): isp_reserve_src_port: Error given src port cannot be used to reserve
E/mm-camera(  482): isp_reserve_src_port: Error given src port cannot be used to reserve
E/mm-camera(  482): isp_util_find_matched_existing_src_port#160: X
D/mm-camera(  482): cpp_port_check_caps_reserve:144, identity=0x10002, reserved
D/mm-camera(  482): cpp_module_notify_add_stream:1542, info: success, identity=0x10002
D/mm-camera(  482): cpp_port_check_caps_reserve:144, identity=0x10002, reserved
D/mm-camera(  482): c2d_port_check_caps_reserve:143, identity=0x10002, reserved
D/mm-camera(  482): c2d_module_notify_add_stream:1360, info: success, identity=0x10002
D/mm-camera(  482): mct_pipeline_process_set:command=8000004
D/QCameraHWI_Mem(  590): void qcamera::QCameraMemory::traceLogAllocStart(size_t, int, const char*) : alloc E count=1 size=932
D/QCameraHWI_Mem(  590): void qcamera::QCameraMemory::traceLogAllocStart(size_t, int, const char*) : alloc E count=1 size=932
D/QCameraHWI_Mem(  590): int qcamera::QCameraMemory::alloc(int, size_t, unsigned int) : No memory pool available and So allocate new buffer
D/QCameraHWI_Mem(  590): static int qcamera::QCameraMemory::allocOneBuffer(qcamera::QCameraMemory::QCameraMemInfo&, unsigned int, size_t, bool) : ION buffer 1 with size 4096 allocated
D/QCameraHWI_Mem(  590):  void qcamera::QCameraMemory::traceLogAllocEnd(size_t) : X
D/QCameraHWI_Mem(  590):  void qcamera::QCameraMemory::traceLogAllocEnd(size_t) : X
D/QCamera2HWI(  590): uint8_t qcamera::QCamera2HardwareInterface::getBufNumRequired(cam_stream_type_t): Allocating 8 buffers for streamtype 7
D/QCamera2HWI(  590): virtual qcamera::QCameraHeapMemory* qcamera::QCamera2HardwareInterface::allocateStreamInfoBuf(cam_stream_type_t): stream_type 7, stream format 99,stream dimension 454076x1, num_bufs 8
D/QCamera2HWI(  590): uint8_t qcamera::QCamera2HardwareInterface::getBufNumRequired(cam_stream_type_t): Allocating 8 buffers for streamtype 7
D/mm-camera(  482): mct_pipeline_process_set:command=800000a
D/mm-camera(  482): mct_pipeline_process_set:command=8000012
D/mm-camera(  482): mct_pipeline_add_stream_to_linked_streams: linked streams: 0x98
D/mm-camera(  482): mct_stream_start_link: Starting meta stream linking: do nothing 
E/mm-camera-intf(  590): mm_stream_get_v4l2_fmt: Unknown fmt=99
D/mm-camera(  482): mct_pipeline_process_set:command=8000004
D/QCameraHWI_Mem(  590): void qcamera::QCameraMemory::traceLogAllocStart(size_t, int, const char*) : alloc E count=1 size=932
D/QCameraHWI_Mem(  590): void qcamera::QCameraMemory::traceLogAllocStart(size_t, int, const char*) : alloc E count=1 size=932
D/QCameraHWI_Mem(  590): int qcamera::QCameraMemory::alloc(int, size_t, unsigned int) : No memory pool available and So allocate new buffer
D/QCameraHWI_Mem(  590): static int qcamera::QCameraMemory::allocOneBuffer(qcamera::QCameraMemory::QCameraMemInfo&, unsigned int, size_t, bool) : ION buffer 1 with size 4096 allocated
D/QCameraHWI_Mem(  590):  void qcamera::QCameraMemory::traceLogAllocEnd(size_t) : X
D/QCameraHWI_Mem(  590):  void qcamera::QCameraMemory::traceLogAllocEnd(size_t) : X
D/QCamera2HWI(  590): uint8_t qcamera::QCamera2HardwareInterface::getBufNumRequired(cam_stream_type_t): Allocating 7 buffers for streamtype 1
D/QCamera2HWI(  590): virtual qcamera::QCameraHeapMemory* qcamera::QCamera2HardwareInterface::allocateStreamInfoBuf(cam_stream_type_t): stream_type 1, stream format 2,stream dimension 1280x960, num_bufs 7
D/QCamera2HWI(  590): uint8_t qcamera::QCamera2HardwareInterface::getBufNumRequired(cam_stream_type_t): Allocating 7 buffers for streamtype 1
D/mm-camera(  482): mct_pipeline_process_set:command=800000a
D/mm-camera(  482): mct_pipeline_process_set:command=8000012
D/mm-camera(  482): mct_pipeline_add_stream_to_linked_streams: linked streams: 0x9a
D/mm-camera(  482): mct_stream_start_link: Starting preview/postview stream linking 
E/mm-camera(  482): isp_reserve_src_port: Error given src port cannot be used to reserve
E/mm-camera(  482): isp_reserve_src_port: Error given src port cannot be used to reserve
E/mm-camera(  482): isp_reserve_src_port: Error given src port cannot be used to reserve
D/mm-camera(  482): cpp_port_check_caps_reserve:144, identity=0x10004, reserved
D/mm-camera(  482): cpp_module_notify_add_stream:1542, info: success, identity=0x10004
D/mm-camera(  482): cpp_port_check_caps_reserve:144, identity=0x10004, reserved
D/mm-camera(  482): c2d_port_check_caps_reserve:143, identity=0x10004, reserved
D/mm-camera(  482): c2d_module_notify_add_stream:1360, info: success, identity=0x10004
D/mm-camera(  482): c2d_port_check_caps_reserve:143, identity=0x10004, reserved
E/mm-camera(  482): module_faceproc_client_create:977] Face proc feature mask e 0
E/mm-camera(  482): mct_pipeline_send_ctrl_events: Send Set Parm events
E/mm-camera(  482): Fail,cpphw=0xab1ad8f8, hw_params=0xab239e60, chromatix_ptr=0x0, trigger=0xab1b56e0
E/mm-camera(  482): Fail,cpphw=0xab1ad8f8, hw_params=0xab2c8df0, chromatix_ptr=0x0, trigger=0xab1b56e0
E/mm-camera(  482): Fail,cpphw=0xab1ad8f8, hw_params=0xab239e60, chromatix_ptr=0x0, trigger=0xab1b56e0
E/mm-camera(  482): Fail,cpphw=0xab1ad8f8, hw_params=0xab2c8df0, chromatix_ptr=0x0, trigger=0xab1b56e0
E/mm-camera(  482): af_port_handle_module_event: HFR Mode: 0!
E/mm-camera-sensor(  482): module_sensor_event_control_set_parm:3712 CAM_INTF_PARM_REFOCUS is_enable=0, max_snapshot_num=0
E/mm-camera(  482): stats_port_proc_downstream_set_parm Enable AEC & AWB subsampling optimizations
D/mm-camera(  482): mct_pipeline_process_set:command=8000004
D/QCamera2HWI(  590): int qcamera::QCamera2HardwareInterface::startPreview(): E
D/QCamera2HWI(  590): int qcamera::QCamera2HardwareInterface::calcThermalLevel(qcamera::qcamera_thermal_level_enum_t, int, int, cam_fps_range_t&, msm_vfe_frame_skip_pattern&): level: 0, preview minfps 7500.000000, preview maxfpS 30000.000000, video minfps 7500.000000, video maxfpS 30000.000000
D/QCamera2HWI(  590): int qcamera::QCamera2HardwareInterface::calcThermalLevel(qcamera::qcamera_thermal_level_enum_t, int, int, cam_fps_range_t&, msm_vfe_frame_skip_pattern&): Thermal level 0, FPS [7.50,30.00, 7.50,30.00], frameskip 0
D/mm-camera(  482): mct_pipeline_process_set:command=800000e
E/mm-camera(  482): mct_pipeline_send_ctrl_events: Send Set Parm events
D/QCameraHWI_Mem(  590): void qcamera::QCameraMemory::traceLogAllocStart(size_t, int, const char*) : alloc E count=8 size=454080
E/QCameraHWI_Mem(  590): void qcamera::QCameraMemory::traceLogAllocStart(size_t, int, const char*):StreamMemsize 454080
D/QCameraHWI_Mem(  590): void qcamera::QCameraMemory::traceLogAllocStart(size_t, int, const char*) : alloc E count=8 size=454080
E/QCameraHWI_Mem(  590): void qcamera::QCameraMemory::traceLogAllocStart(size_t, int, const char*):Memsize 454080
E/QCameraHWI_Mem(  590): int qcamera::QCameraMemoryPool::allocateBuffer(qcamera::QCameraMemory::QCameraMemInfo&, unsigned int, size_t, bool, cam_stream_type_t) : Buffer not found!
D/QCameraHWI_Mem(  590): static int qcamera::QCameraMemory::allocOneBuffer(qcamera::QCameraMemory::QCameraMemInfo&, unsigned int, size_t, bool) : ION buffer 1 with size 454656 allocated
E/QCameraHWI_Mem(  590): int qcamera::QCameraMemoryPool::allocateBuffer(qcamera::QCameraMemory::QCameraMemInfo&, unsigned int, size_t, bool, cam_stream_type_t) : Buffer not found!
D/QCameraHWI_Mem(  590): static int qcamera::QCameraMemory::allocOneBuffer(qcamera::QCameraMemory::QCameraMemInfo&, unsigned int, size_t, bool) : ION buffer 1 with size 454656 allocated
E/QCameraHWI_Mem(  590): int qcamera::QCameraMemoryPool::allocateBuffer(qcamera::QCameraMemory::QCameraMemInfo&, unsigned int, size_t, bool, cam_stream_type_t) : Buffer not found!
D/QCameraHWI_Mem(  590): static int qcamera::QCameraMemory::allocOneBuffer(qcamera::QCameraMemory::QCameraMemInfo&, unsigned int, size_t, bool) : ION buffer 1 with size 454656 allocated
E/QCameraHWI_Mem(  590): int qcamera::QCameraMemoryPool::allocateBuffer(qcamera::QCameraMemory::QCameraMemInfo&, unsigned int, size_t, bool, cam_stream_type_t) : Buffer not found!
D/QCameraHWI_Mem(  590): static int qcamera::QCameraMemory::allocOneBuffer(qcamera::QCameraMemory::QCameraMemInfo&, unsigned int, size_t, bool) : ION buffer 1 with size 454656 allocated
E/QCameraHWI_Mem(  590): int qcamera::QCameraMemoryPool::allocateBuffer(qcamera::QCameraMemory::QCameraMemInfo&, unsigned int, size_t, bool, cam_stream_type_t) : Buffer not found!
D/QCameraHWI_Mem(  590): static int qcamera::QCameraMemory::allocOneBuffer(qcamera::QCameraMemory::QCameraMemInfo&, unsigned int, size_t, bool) : ION buffer 1 with size 454656 allocated
E/QCameraHWI_Mem(  590): int qcamera::QCameraMemoryPool::allocateBuffer(qcamera::QCameraMemory::QCameraMemInfo&, unsigned int, size_t, bool, cam_stream_type_t) : Buffer not found!
D/QCameraHWI_Mem(  590): static int qcamera::QCameraMemory::allocOneBuffer(qcamera::QCameraMemory::QCameraMemInfo&, unsigned int, size_t, bool) : ION buffer 1 with size 454656 allocated
E/QCameraHWI_Mem(  590): int qcamera::QCameraMemoryPool::allocateBuffer(qcamera::QCameraMemory::QCameraMemInfo&, unsigned int, size_t, bool, cam_stream_type_t) : Buffer not found!
D/QCameraHWI_Mem(  590): static int qcamera::QCameraMemory::allocOneBuffer(qcamera::QCameraMemory::QCameraMemInfo&, unsigned int, size_t, bool) : ION buffer 1 with size 454656 allocated
E/QCameraHWI_Mem(  590): int qcamera::QCameraMemoryPool::allocateBuffer(qcamera::QCameraMemory::QCameraMemInfo&, unsigned int, size_t, bool, cam_stream_type_t) : Buffer not found!
D/QCameraHWI_Mem(  590): static int qcamera::QCameraMemory::allocOneBuffer(qcamera::QCameraMemory::QCameraMemInfo&, unsigned int, size_t, bool) : ION buffer 1 with size 454656 allocated
D/QCameraHWI_Mem(  590):  void qcamera::QCameraMemory::traceLogAllocEnd(size_t) : X
E/QCameraHWI_Mem(  590): void qcamera::QCameraMemory::traceLogAllocEnd(size_t) 3632640
D/QCameraHWI_Mem(  590):  void qcamera::QCameraMemory::traceLogAllocEnd(size_t) : X
E/QCameraHWI_Mem(  590): void qcamera::QCameraMemory::traceLogAllocEnd(size_t) 3632640
E/mm-camera-intf(  590): mm_stream_request_buf: buf_num = 8, stream type = 7
D/mm-camera-intf(  590): mm_stream_qbuf: Starting poll on stream 0xab42e968 type: 7
D/mm-camera-intf(  590): mm_stream_qbuf: Started poll on stream 0xab42e968 type: 7
D/mm-camera-intf(  590): mm_stream_qbuf: VIDIOC_QBUF buf_index 0,stream type 7,frame_idx 0,queued cnt 1
D/mm-camera-intf(  590): mm_stream_qbuf: VIDIOC_QBUF buf_index 1,stream type 7,frame_idx 0,queued cnt 2
D/mm-camera-intf(  590): mm_stream_qbuf: VIDIOC_QBUF buf_index 2,stream type 7,frame_idx 0,queued cnt 3
D/mm-camera-intf(  590): mm_stream_qbuf: VIDIOC_QBUF buf_index 3,stream type 7,frame_idx 0,queued cnt 4
D/mm-camera-intf(  590): mm_stream_qbuf: VIDIOC_QBUF buf_index 4,stream type 7,frame_idx 0,queued cnt 5
D/mm-camera-intf(  590): mm_stream_qbuf: VIDIOC_QBUF buf_index 5,stream type 7,frame_idx 0,queued cnt 6
D/mm-camera-intf(  590): mm_stream_qbuf: VIDIOC_QBUF buf_index 6,stream type 7,frame_idx 0,queued cnt 7
D/mm-camera-intf(  590): mm_stream_qbuf: VIDIOC_QBUF buf_index 7,stream type 7,frame_idx 0,queued cnt 8
D/mm-camera(  482): mct_pipeline_process_set:command=8000008
D/mm-camera(  482): mct_pipeline_process_set: stream_type = 7
D/QCameraParameters(  590): int qcamera::QCameraParameters::getPreviewHalPixelFormat() const: format 17
D/QCameraHWI_Mem(  590): void qcamera::QCameraGrallocMemory::setMaxFPS(int): Setting max fps 30 to display
D/QCameraHWI_Mem(  590): void qcamera::QCameraMemory::traceLogAllocStart(size_t, int, const char*) : alloc E count=7 size=0
D/QCameraHWI_Mem(  590):  virtual int qcamera::QCameraGrallocMemory::allocate(uint8_t, size_t) : E 
D/QCameraHWI_Mem(  590): virtual int qcamera::QCameraGrallocMemory::allocate(uint8_t, size_t): usage = 1073872896, geometry: 0xab2f1880, 1280, 960, 1280, 960, 17
D/QCameraHWI_Mem(  590):  virtual int qcamera::QCameraGrallocMemory::allocate(uint8_t, size_t) : X 
D/QCameraHWI_Mem(  590):  void qcamera::QCameraMemory::traceLogAllocEnd(size_t) : X
E/mm-camera-intf(  590): mm_stream_request_buf: buf_num = 7, stream type = 1
D/mm-camera-intf(  590): mm_stream_qbuf: Starting poll on stream 0xab42eb50 type: 1
D/mm-camera-intf(  590): mm_stream_qbuf: Started poll on stream 0xab42eb50 type: 1
D/mm-camera-intf(  590): mm_stream_qbuf: VIDIOC_QBUF buf_index 2,stream type 1,frame_idx 0,queued cnt 1
D/mm-camera-intf(  590): mm_stream_qbuf: VIDIOC_QBUF buf_index 3,stream type 1,frame_idx 0,queued cnt 2
D/mm-camera-intf(  590): mm_stream_qbuf: VIDIOC_QBUF buf_index 4,stream type 1,frame_idx 0,queued cnt 3
D/mm-camera-intf(  590): mm_stream_qbuf: VIDIOC_QBUF buf_index 5,stream type 1,frame_idx 0,queued cnt 4
D/mm-camera-intf(  590): mm_stream_qbuf: VIDIOC_QBUF buf_index 6,stream type 1,frame_idx 0,queued cnt 5
D/mm-camera(  482): mct_pipeline_process_set:command=8000008
D/mm-camera(  482): mct_pipeline_process_set: stream_type = 1
E/mm-camera-sensor(  482): sensor_set_resolution:2112 set_fps=30.000000 > max_fps=29.700001, capping to max
E/mm-camera(  482): decide_isp_nums_camif: num_isp = 1
E/mm-camera(  482): decide_isp_nums_camif: num_isp = 1
E/mm-camera(  482): decide_isp_nums_camif: num_isp = 1
E/mm-camera(  482): isp_sink_port_stream_config: E, session_id = 1, stream_id = 1, stream_type = 3
E/mm-camera(  482): isp_sink_port_stream_config: session_id = 1, stream_id = 1, is_split = 0
E/mm-camera(  482): isp_sink_port_stream_config: old vfe_id_mask = 0x0, new vfe_id_mask = 0x1
D/mm-camera(  482): isp_thread_main_loop thread_id is -1
D/mm-camera(  482): isp_sem_thread_main thread_id is -1
D/mm-camera(  482): isp_thread_main_loop thread_id is -1
E/mm-camera(  482): isp_sink_port_stream_config: E, session_id = 1, stream_id = 2, stream_type = 4
E/mm-camera(  482): isp_sink_port_stream_config: session_id = 1, stream_id = 2, is_split = 0
E/mm-camera(  482): isp_sink_port_stream_config: old vfe_id_mask = 0x1, new vfe_id_mask = 0x1
E/mm-camera(  482): isp_sink_port_stream_config: E, session_id = 1, stream_id = 4, stream_type = 1
E/mm-camera(  482): isp_sink_port_stream_config: session_id = 1, stream_id = 4, is_split = 0
E/mm-camera(  482): isp_sink_port_stream_config: old vfe_id_mask = 0x1, new vfe_id_mask = 0x1
E/mm-camera(  482): is_port_handle_stream_config_event: w = 2104, h = 1560, ma = 90, p = 0
D/chromatix_imx214_ofilm_kiw_preview(  482): chromatix ptr 0xf39a9004
D/chromatix_imx214_ofilm_kiw_video(  482): chromatix ptr 0xf399f004
D/chromatix_imx214_ofilm_kiw_common(  482): chromatix ptr 0xf3990004
E/mm-camera-sensor(  482): af_actuator_set_params:405 E
E/mm-camera(  482): is_port_handle_set_is_enable: IS enable = 0
E/mm-camera(  482): isp_tintless_config: tint_correction_strength updated to 4
E/mm-camera(  482): isp_tintless_update_chromatix_params: lib returned config err=0
E/mm-camera-sensor(  482): af_actuator_move_focus:164 calling af_actuator_set_default_focus
E/mm-camera-sensor(  482): af_actuator_move_focus:234 curr_step_pos 0 [curr_lens_pos 0], dest_step_pos 57
E/mm-camera(  482): is_port_handle_set_is_enable: IS enable = 0
E/mm-camera(  482): port_isp_mct_ctrl_cmd: E, identity = 0x10004, STREAMON
E/mm-camera(  482): awb_port_update_awb_data r_gain; 1.624168, g_gain: 1.000000, b_gain: 2.138123, cct: 4100
E/mm-camera-img(  482): Face Album FILE EXISTS
D/mm-camera(  482): c2d_module_handle_streamon_event:1414, identity=0x10004, stream-on done
D/mm-camera(  482): cpp_module_handle_streamon_event:2037, identity=0x10004, stream-on done
E/AEC_PORT(  482): ddd exp 0.016677 iso 113
E/AEC_PORT(  482): #### aec_port_get_aec_data runs
E/AEC_PORT(  482): aec_port_proc_get_aec_data exp 0.016677 iso 113, exp-idx: 240, lc: 1054, gain: 1.133439
E/AEC_PORT(  482): aec_port_send_exif_info_update: exp_index:240, line_count:1054, real_gain:1.133439, target_luma:2, cur_luma:0, settled:0
E/mm-camera(  482): isp_streamon: E, session_id = 1, stream_id = 4, active_count = 0 flash=FALSE
E/mm-camera(  482): isp_proc_streamon: E, session_id = 1, stream_id = 4, stream_type = 1
E/mm-camera(  482): isp_ch_util_sync_stream_cfg_to_channel: cannot find channel, Adding new channel for stream id 1
E/mm-camera(  482): isp_add_meta_channel: no meta data, session_id = 1, stream_id = 1
E/mm-camera(  482): isp_ch_util_sync_stream_cfg_to_channel: cannot find channel, Adding new channel for stream id 2
E/mm-camera(  482): isp_add_meta_channel: no meta data, session_id = 1, stream_id = 2
E/mm-camera(  482): isp_ch_util_sync_stream_cfg_to_channel: cannot find channel, Adding new channel for stream id 4
E/mm-camera(  482): isp_add_meta_channel: no meta data, session_id = 1, stream_id = 4
D/mm-camera(  482): isp_validate_buf_request: total 4 current buffer count 4 for stream 65538
D/mm-camera(  482): isp_fmt_to_pix_pattern: format 30
D/mm-camera(  482): isp_fmt_to_pix_pattern: format 30
E/mm-camera(  482): is_port_event:610 id = 10004, steam_type = 1, w = 1280, h = 960, IS mode = 0
D/mm-camera(  482): isp_hw_action: first start, hw thread for streamon/ack
E/mm-camera(  482): isp_thread_proc_cmd: start/stop, thread_data = 0xf3cdfaf0, action_code = 0
E/mm-camera(  482): isp_ch_util_streamon: session_id = 1, vfe_mask = 0x1, async streamon, rc = 0
D/mm-camera(  482): isp_hw_action: hw_thread for ack
E/mm-camera-sensor(  482): af_actuator_move_focus:247 after move: curr_step_pos 57, curr_lens_pos 177
W/PGApi_client( 3174): recv actoionId = 10007, action = com.huawei.pgmng.PGAction@d9c1b5b actionId =10007 pkg =com.martin.ads.testopencv extend1 =28937 extend2 = flag =1 type =1
W/PGMiddleWare( 3174): in handleAction method, action = 10007
W/PGMiddleWare( 3174): in handleAction, invoke client = com.huawei.pgmng.middleware.AudioEffectLowPowerImpl@a4b263e, action = com.huawei.pgmng.PGAction@d9c1b5b actionId =10007 pkg =com.martin.ads.testopencv extend1 =28937 extend2 = flag =1 type =1
V/AudioManager( 3174): isMusicActive...
D/powergenie_jni( 3174): setCABCMode mode = 3
I/powergenie_jni( 3174): guess platform type = 0
D/mm-camera(  482): WB config ignored as not in manual mode
D/mm-camera(  482): isp_fmt_to_pix_pattern: format 30
E/mm-camera(  482): isp_tintless_config: cfg: 10x13 mesh, 8x8 subgrid, subgrid sz 22x22
E/mm-camera(  482): isp_tintless_mesh_config: lib returned mesh config err=0
D/mm-camera(  482): color_xform_config_601_to_601 for stream Encoder
D/mm-camera(  482): color_xform_config_601_to_601 for stream Viewfinder
E/mm-camera(  482): color_xform_update_s_value path 0 scaling_factor 0.000000 
E/mm-camera(  482): color_xform_update_s_value path 1 scaling_factor 0.000000 
E/mm-camera(  482): linearization_set_params: param_id is not supported in this module
E/mm-camera(  482): mesh_rolloff_set_params: param_id is not supported in this module
E/mm-camera(  482): wb_set_params: param_id is not supported in this module
E/mm-camera(  482): demosaic_set_params: param_id 7, is not supported in this module
E/mm-camera(  482): demux_set_params: param_id 7, is not supported in this module
D/mm-camera(  482): color_correct_set_effect: saturation level = 1.000000, asd_saturae_adjust = 1.000000
E/mm-camera(  482): color_conversion_trigger_update: Ignore AEC settled
E/mm-camera(  482): mce_set_params: param_id is not supported in this module
E/mm-camera(  482): sce_set_params: param_id is not supported in this module
E/mm-camera(  482): color_correct_trigger_update: Ignore AEC settled
E/mm-camera(  482): color_conversion_trigger_update: Ignore AEC settled
E/mm-camera(  482): la_hist_trigger_update: luma target from AEC = 0! use default LA curve
D/mm-camera(  482): isp_tintless_stat_config: stats : camif hxw 1560 x 2104, ele col,row 32, 24, hxw 64 x 64, type 0
E/mm-camera(  482): isp_tintless_stat_config: pointer okay 
E/mm-camera(  482): isp_tintless_config: cfg: camif 2104x1560, elem sz 64x64, elems 24x32
E/mm-camera(  482): isp_tintless_stat_config: lib returned config err=0
D/mm-camera(  482): isp_fmt_to_pix_pattern: format 30
D/ThermalStateManager( 3174): Thermal type: 0 cur_temperature:40
I/ThermalStateManager( 3174): triggerLevel = 2, triggerAction :{cpu=1497600, battery=1000}
I/ThermalStateManager( 3174): sensor name: cpu temperature: 40 , thermal action: battery policy:1000
E/mm-camera(  482): stats_action_buf_config: cfg = 1, stats_mask = 0x7b8
D/mm-camera(  482): isp_validate_buf_request: total 4 current buffer count 4 for stream -2147418109
D/mm-camera(  482): isp_validate_buf_request: total 4 current buffer count 4 for stream -2147418108
D/mm-camera(  482): isp_validate_buf_request: total 4 current buffer count 4 for stream -2147418107
D/mm-camera(  482): isp_validate_buf_request: total 4 current buffer count 4 for stream -2147418105
D/mm-camera(  482): isp_validate_buf_request: total 4 current buffer count 4 for stream -2147418104
D/mm-camera(  482): isp_validate_buf_request: total 4 current buffer count 4 for stream -2147418103
D/mm-camera(  482): isp_validate_buf_request: total 4 current buffer count 4 for stream -2147418102
E/mm-camera(  482): stats_action: stats mask = 0x7b8
E/mm-camera(  482): isp_axi_util_subscribe_v4l2_event: event_type = 0x8000100, is_subscribe = 1
E/mm-camera(  482): isp_thread_proc_cmd: start/stop ack done, thread_data = 0xf3cdfaf0, action_code = 1, rc = 0
E/mm-camera(  482): isp_ch_util_streamon: session_id = 1, sync ack done
D/mm-camera(  482): color_xform_config_601_to_601 for stream Encoder
D/mm-camera(  482): color_xform_config_601_to_601 for stream Viewfinder
E/mm-camera(  482): color_xform_update_s_value path 0 scaling_factor 1.625966 
E/mm-camera(  482): color_xform_update_s_value path 1 scaling_factor 6.534162 
E/mm-camera(  482): isp_streamon: X, session_id = 1, rc = 0
E/mm-camera(  482): port_isp_send_streamon_done_event_downstream: notify stream done downstream
E/mm-camera(  482): port_isp_mct_ctrl_cmd: X, identity = 0x10004, STREAMON, ret = 0
D/mm-camera(  482): ispif_proc_streamon: ispif_hw_reset done
D/mm-camera(  482): stream id 4, stream num_meta 0
D/mm-camera(  482): ispif_streamon: session_id = 1, active_streams = 1
E/mm-camera-sensor(  482): module_sensor_stream_on:2450 refocus_cam_params.is_enable=0
E/mm-camera-sensor(  482): module_sensor_stream_on: Sending start bus message
D/mm-camera(  482): start_sof_check_thread: Starting SOF timeout thread
E/mm-camera(  482): mct_bus_sof_thread_run thread_id is -1
D/mm-camera(  482): mct_bus_sof_thread_run thread_id is -1
D/QCamera2HWI(  590): int qcamera::QCamera2HardwareInterface::startPreview(): X
D/QCamera2HWI(  590): [KPI Perf] static int qcamera::QCamera2HardwareInterface::start_preview(camera_device*): X
D/JavaCameraView( 8178): Starting processing thread
D/vins_parameter( 8178): xxxx foutC = /sdcard/VINS/output_path/vins_result.csv, foutC.close()
D/vins_parameter( 8178): tclog ACC_N:0.200000 , ACC_W:0.000200 ,GYR_N:0.020000 , GYR_W:0.000020 , G.z():9.810070
D/vins_parameter( 8178): tclog  ESTIMATE_EXTRINSIC == 2 
D/vins_parameter( 8178): tclog VOC_FILE: 
D/vins_parameter( 8178): tclog PATTERN_FILE: 
D/PinholeCamera( 8178): xxxxx    640,480
D/tclog JNI_PART( 8178): nativeVinsInitialise
I/phone_sensor( 8178): PhoneSensor StartTrack begin
I/phone_sensor( 8178): PhoneSensor StartTrack : create sensor thread
D/tclog vins_estimator( 8178): tclog thread: visual-inertial odometry
D/tclog vins_estimator( 8178): ==== xxxx getMeasurements.size = 0
I/phone_sensor( 8178): Create Sensor EventQueue
I/phone_sensor( 8178): Enabling acc sensor...
E/Sensors ( 1306): setDelay, 173: handle=4, ns=10000000
E/Sensors ( 1306): setDelay, 855: handle=4, ns=10000000
I/Sensors ( 1306): setDelay, 293: handle=4, delay_ns=10000000
D/OEMINFO_NVM_SERVER(  265): Accept connection from pid 1306 (******), uid: 1000, gid: 1000
D/OEMINFO_NVM_SERVER(  265): Receive: opr = 2, idx = 70, len = 20, name()
I/OEMINFO_NVM_CORE(  265): compat_oeminfo_read: version v6
I/OEMINFO_NVM_CORE(  265): find oeminfo device /dev/block/mmcblk0p9
E/mm-camera(  482): color_correct_trigger_update: Ignore AEC settled
D/mm-camera(  482): cpp_module_handle_stream_crop_event:802 frame id 1 stream_crop.x=0, stream_crop.y=0, stream_crop.dx=1280, stream_crop.dy=960, width 0 height 0 identity=0x10002
E/mm-camera(  482): color_conversion_trigger_update: Ignore AEC settled
E/mm-camera(  482): color_correct_trigger_update: Ignore AEC settled
E/mm-camera(  482): color_conversion_trigger_update: Ignore AEC settled
E/OEMINFO_NVM_CORE(  265): oeminfo data not find !!!!
E/OEMINFO_NVM_SERVER(  265): oeminfo_read_data, fail to read oeminfo
E/OEMINFO_NVM_SERVER(  265): pid 1306, opration oeminfo_read FAIL
E/        ( 1306): rmt_oeminfo_read, get data from server fail
E/Sensors ( 1306): setDelay, 307: load data from oeminfo failed, ret_val=-1
I/Sensors ( 1306): Final value: x_offset=0.000000, y_offset=0.000000, z_offset=1.000000
I/phone_sensor( 8178): Min Acceleration Sensor Delay : 10.00 ms
E/Sensors ( 1306): setDelay, 173: handle=4, ns=40000000
E/Sensors ( 1306): setDelay, 855: handle=4, ns=40000000
I/Sensors ( 1306): setDelay, 293: handle=4, delay_ns=40000000
D/OEMINFO_NVM_SERVER(  265): Accept connection from pid 1306 (******), uid: 1000, gid: 1000
D/OEMINFO_NVM_SERVER(  265): Receive: opr = 2, idx = 70, len = 20, name()
I/OEMINFO_NVM_CORE(  265): compat_oeminfo_read: version v6
I/OEMINFO_NVM_CORE(  265): find oeminfo device /dev/block/mmcblk0p9
I/MQoS    ( 1306): onSignal: mSubId=1,currDataSubID=1
I/MQoS    ( 1306): received cell-signal:5
D/NetworkController.MobileSignalController(1)( 2101): mSimSubId:1 onSignalStrengthsChanged signalStrength=SignalStrength: -1 0 -1 255 -1 255 -1 255 255 25 -96 -18 -52 2147483647 false gw|lte level=4
I/SendBroadcastPermission( 1306): action:android.intent.action.SIG_STR, mPermissionType:0
D/NetworkController.MobileSignalController(1)( 2101):  mDataNetType:13 indexOfkey:11 iconGroup.mName:4G roaming:false
E/OEMINFO_NVM_CORE(  265): oeminfo data not find !!!!
E/OEMINFO_NVM_SERVER(  265): oeminfo_read_data, fail to read oeminfo
E/OEMINFO_NVM_SERVER(  265): pid 1306, opration oeminfo_read FAIL
E/        ( 1306): rmt_oeminfo_read, get data from server fail
E/Sensors ( 1306): setDelay, 307: load data from oeminfo failed, ret_val=-1
I/Sensors ( 1306): Final value: x_offset=0.000000, y_offset=0.000000, z_offset=1.000000
I/ActivityManager( 1306): collectReceiverComponents for intent: Intent { act=android.intent.action.SIG_STR flg=0x20000010 (has extras) }, receivers: null
I/HwCustMobileSignalControllerImpl( 2101): subId:1 phoneType:1 networktype:13 targetClass:3 masterLevel:4 slaveLevel:-1
E/phone_sensor( 8178): Gyroscope is NOT avaiable!
I/phone_sensor( 8178): PhoneSensor StartTrack end
D/tclog JNI_PART( 8178): nativeVinsStartSensor
E/mm-camera(  482): invalid stats mask. Return back
I/Choreographer( 8178): Skipped 36 frames!  The application may be doing too much work on its main thread.
E/mm-camera(  482): color_correct_trigger_update: Ignore AEC settled
D/mm-camera(  482): cpp_module_handle_stream_crop_event:802 frame id 2 stream_crop.x=0, stream_crop.y=0, stream_crop.dx=1280, stream_crop.dy=960, width 0 height 0 identity=0x10002
E/mm-camera(  482): color_conversion_trigger_update: Ignore AEC settled
E/mm-camera(  482): color_correct_trigger_update: Ignore AEC settled
E/mm-camera(  482): color_conversion_trigger_update: Ignore AEC settled
D/mm-camera-intf(  590): mm_stream_read_msm_frame: VIDIOC_DQBUF buf_index 0, frame_idx 1, stream type 7, queued cnt 7
E/QCameraParameters(  590): bool qcamera::QCameraParameters::needProcessHDRData() const KEY_SCENE_MODE:auto
V/QCamera2HWI(  590): static void qcamera::QCamera2HardwareInterface::metadata_stream_cb_routine(mm_camera_super_buf_t*, qcamera::QCameraStream*, void*): iso_value:113, exp_time:0.016677, mean_y:0
V/QCamera2HWI(  590): static void qcamera::QCamera2HardwareInterface::metadata_stream_cb_routine(mm_camera_super_buf_t*, qcamera::QCameraStream*, void*) pMetaData->ae_params.settled = 0
D/mm-camera-intf(  590): mm_stream_qbuf: VIDIOC_QBUF buf_index 0,stream type 7,frame_idx 1,queued cnt 8
E/Sensors ( 1306): AccelSensor: X=-0.34,Y=7.28,Z=6.72
E/mm-camera(  482): invalid stats mask. Return back
W/qdhwcomposer(  356): eglGpuPerfHintQCOM failed for Built in display
D/mm-camera(  482): cpp_hardware_process_frame:1035] stream_status:0xab1ad984, iden:0x10004, cur_frame_id:2
E/AEC_PORT(  482): aec_port_send_exif_info_update: exp_index:240, line_count:1054, real_gain:1.133439, target_luma:50, cur_luma:2, settled:0
E/AEC_PORT(  482): aec_port_save_update:real_gain:1.133439 linecnt:1054 exp_idx:240 cur_luma:2 led_est:0
D/mm-camera-intf(  590): mm_stream_read_msm_frame: VIDIOC_DQBUF buf_index 2, frame_idx 2, stream type 1, queued cnt 4
E/mm-camera(  482): color_correct_trigger_update: Ignore AEC settled
D/mm-camera(  482): cpp_module_handle_stream_crop_event:802 frame id 3 stream_crop.x=0, stream_crop.y=0, stream_crop.dx=1280, stream_crop.dy=960, width 0 height 0 identity=0x10002
E/mm-camera(  482): color_conversion_trigger_update: Ignore AEC settled
E/mm-camera(  482): color_correct_trigger_update: Ignore AEC settled
E/mm-camera(  482): color_conversion_trigger_update: Ignore AEC settled
E/mm-camera(  482): la_hist_trigger_update: luma target from AEC = 0! use default LA curve
E/AEC_PORT(  482): aec_port_send_exif_info_update: exp_index:240, line_count:1054, real_gain:1.133439, target_luma:50, cur_luma:2, settled:0
V/QCamera2HWI(  590): static void qcamera::QCamera2HardwareInterface::preview_stream_cb_routine(mm_camera_super_buf_t*, qcamera::QCameraStream*, void*)  scanline:960, stride:1280, frame_len:1847296, rawSize:1843200
D/QCamera2HWI(  590): isTargetTrackingOn = 0
V/QCamera2HWI(  590): static void qcamera::QCamera2HardwareInterface::preview_stream_cb_routine(mm_camera_super_buf_t*, qcamera::QCameraStream*, void*): mAutoSceneDetect not run!!!
V/QCamera2HWI(  590): static void qcamera::QCamera2HardwareInterface::preview_stream_cb_routine(mm_camera_super_buf_t*, qcamera::QCameraStream*, void*), smartae_enable:true, scene_mode:auto, panorama:(null)
D/QCamera2HWI(  590): static void qcamera::QCamera2HardwareInterface::preview_stream_cb_routine(mm_camera_super_buf_t*, qcamera::QCameraStream*, void*): beauty_mode = (null), beauty_level=-1
D/QCamera2HWI(  590): static void qcamera::QCamera2HardwareInterface::preview_stream_cb_routine(mm_camera_super_buf_t*, qcamera::QCameraStream*, void*): mDocPFBeauty = 0xab28edf8, m_bDocPFBeautyInit=0
D/QCamera2HWI(  590): static void qcamera::QCamera2HardwareInterface::preview_stream_cb_routine(mm_camera_super_buf_t*, qcamera::QCameraStream*, void*): nicefood_mode = (null)
D/mm-camera-intf(  590): mm_stream_read_msm_frame: VIDIOC_DQBUF buf_index 1, frame_idx 2, stream type 7, queued cnt 7
D/QCamera2HWI(  590): [KPI Perf] static void qcamera::QCamera2HardwareInterface::preview_stream_cb_routine(mm_camera_super_buf_t*, qcamera::QCameraStream*, void*) : PROFILE_FIRST_PREVIEW_FRAME
V/QCamera2HWI(  590): static void qcamera::QCamera2HardwareInterface::metadata_stream_cb_routine(mm_camera_super_buf_t*, qcamera::QCameraStream*, void*): iso_value:113, exp_time:0.000000, mean_y:2
V/QCamera2HWI(  590): static void qcamera::QCamera2HardwareInterface::metadata_stream_cb_routine(mm_camera_super_buf_t*, qcamera::QCameraStream*, void*) pMetaData->ae_params.settled = 0
E/mm-camera-sensor(  482): port_sensor_handle_aec_update:1014 g 1.133439 lux idx 77.898460
D/mm-camera-intf(  590): mm_stream_qbuf: VIDIOC_QBUF buf_index 1,stream type 7,frame_idx 2,queued cnt 8
D/mm-camera-intf(  590): mm_stream_qbuf: VIDIOC_QBUF buf_index 1,stream type 1,frame_idx 0,queued cnt 5
D/QCamera2HWI(  590): int qcamera::QCamera2HardwareInterface::disableMsgType(int32_t) (0x10) : mMsgEnabled = 0xb30c0d
E/Sensors ( 1306): AccelSensor: X=-0.23,Y=7.29,Z=6.74
E/mm-camera(  482): invalid stats mask. Return back
D/mm-camera(  482): cpp_hardware_process_frame:1035] stream_status:0xab1ad984, iden:0x10004, cur_frame_id:3
E/mm-camera(  482): q3a_port_send_event_downstream: AEC event handler returned failure!
D/mm-camera-intf(  590): mm_stream_read_msm_frame: VIDIOC_DQBUF buf_index 3, frame_idx 3, stream type 1, queued cnt 4
V/QCamera2HWI(  590): static void qcamera::QCamera2HardwareInterface::preview_stream_cb_routine(mm_camera_super_buf_t*, qcamera::QCameraStream*, void*)  scanline:960, stride:1280, frame_len:1847296, rawSize:1843200
D/QCamera2HWI(  590): isTargetTrackingOn = 0
V/QCamera2HWI(  590): static void qcamera::QCamera2HardwareInterface::preview_stream_cb_routine(mm_camera_super_buf_t*, qcamera::QCameraStream*, void*): mAutoSceneDetect not run!!!
V/QCamera2HWI(  590): static void qcamera::QCamera2HardwareInterface::preview_stream_cb_routine(mm_camera_super_buf_t*, qcamera::QCameraStream*, void*), smartae_enable:true, scene_mode:auto, panorama:(null)
D/QCamera2HWI(  590): static void qcamera::QCamera2HardwareInterface::preview_stream_cb_routine(mm_camera_super_buf_t*, qcamera::QCameraStream*, void*): beauty_mode = (null), beauty_level=-1
D/QCamera2HWI(  590): static void qcamera::QCamera2HardwareInterface::preview_stream_cb_routine(mm_camera_super_buf_t*, qcamera::QCameraStream*, void*): mDocPFBeauty = 0xab28edf8, m_bDocPFBeautyInit=0
D/QCamera2HWI(  590): static void qcamera::QCamera2HardwareInterface::preview_stream_cb_routine(mm_camera_super_buf_t*, qcamera::QCameraStream*, void*): nicefood_mode = (null)
D/mm-camera(  482): cpp_module_handle_stream_crop_event:802 frame id 4 stream_crop.x=0, stream_crop.y=0, stream_crop.dx=1280, stream_crop.dy=960, width 0 height 0 identity=0x10002
D/mm-camera-intf(  590): mm_stream_read_msm_frame: VIDIOC_DQBUF buf_index 2, frame_idx 3, stream type 7, queued cnt 7
E/QCameraParameters(  590): bool qcamera::QCameraParameters::needProcessHDRData() const KEY_SCENE_MODE:auto
D/mm-camera-intf(  590): mm_stream_qbuf: VIDIOC_QBUF buf_index 2,stream type 7,frame_idx 3,queued cnt 8
D/mm-camera-intf(  590): mm_stream_qbuf: VIDIOC_QBUF buf_index 2,stream type 1,frame_idx 2,queued cnt 5
E/mm-camera(  482): invalid stats mask. Return back
V/WindowManager( 1306): Layouts looping: On entry to LockedInner, mPendingLayoutChanges = 0x1
V/WindowManager( 1306): Layouts looping: after finishPostLayoutPolicyLw, mPendingLayoutChanges = 0x0
V/WindowManager( 1306): Layouts looping: mLayoutNeeded, mPendingLayoutChanges = 0x1
V/WindowManager( 1306): Layouts looping: On entry to LockedInner, mPendingLayoutChanges = 0x1
V/WindowManager( 1306): Layouts looping: after finishPostLayoutPolicyLw, mPendingLayoutChanges = 0x0
V/WindowManager( 1306): Layouts looping: mLayoutNeeded, mPendingLayoutChanges = 0x1
E/WindowManager( 1306): Performed 6 layouts in a row. Skipping
W/qdhwcomposer(  356): eglGpuPerfHintQCOM failed for Built in display
D/JavaCameraView( 8178): Preview Frame received. Frame size: 1843200
E/Sensors ( 1306): AccelSensor: X=-0.24,Y=7.28,Z=6.79
D/mm-camera(  482): cpp_hardware_process_frame:1035] stream_status:0xab1ad984, iden:0x10004, cur_frame_id:4
E/AEC_PORT(  482): aec_port_send_exif_info_update: exp_index:254, line_count:1581, real_gain:1.136285, target_luma:47, cur_luma:3, settled:0
E/AEC_PORT(  482): aec_port_save_update:real_gain:1.136285 linecnt:1581 exp_idx:254 cur_luma:3 led_est:0
D/QCamera2HWI(  590): int qcamera::QCamera2HardwareInterface::enableMsgType(int32_t) (0x10) : mMsgEnabled = 0xb30c1d
D/mm-camera(  482): cpp_module_handle_stream_crop_event:802 frame id 5 stream_crop.x=0, stream_crop.y=0, stream_crop.dx=1280, stream_crop.dy=960, width 0 height 0 identity=0x10002
E/AEC_PORT(  482): aec_port_send_exif_info_update: exp_index:254, line_count:1581, real_gain:1.136285, target_luma:47, cur_luma:3, settled:0
D/mm-camera-intf(  590): mm_stream_read_msm_frame: VIDIOC_DQBUF buf_index 4, frame_idx 4, stream type 1, queued cnt 4
D/mm-camera-intf(  590): mm_stream_read_msm_frame: VIDIOC_DQBUF buf_index 3, frame_idx 4, stream type 7, queued cnt 7
V/QCamera2HWI(  590): static void qcamera::QCamera2HardwareInterface::preview_stream_cb_routine(mm_camera_super_buf_t*, qcamera::QCameraStream*, void*)  scanline:960, stride:1280, frame_len:1847296, rawSize:1843200
D/QCamera2HWI(  590): isTargetTrackingOn = 0
V/QCamera2HWI(  590): static void qcamera::QCamera2HardwareInterface::preview_stream_cb_routine(mm_camera_super_buf_t*, qcamera::QCameraStream*, void*): mAutoSceneDetect not run!!!
E/mm-camera-sensor(  482): port_sensor_handle_aec_update:1014 g 1.136285 lux idx 61.997826
V/QCamera2HWI(  590): static void qcamera::QCamera2HardwareInterface::preview_stream_cb_routine(mm_camera_super_buf_t*, qcamera::QCameraStream*, void*), smartae_enable:true, scene_mode:auto, panorama:(null)
D/QCamera2HWI(  590): static void qcamera::QCamera2HardwareInterface::preview_stream_cb_routine(mm_camera_super_buf_t*, qcamera::QCameraStream*, void*): beauty_mode = (null), beauty_level=-1
D/QCamera2HWI(  590): static void qcamera::QCamera2HardwareInterface::preview_stream_cb_routine(mm_camera_super_buf_t*, qcamera::QCameraStream*, void*): mDocPFBeauty = 0xab28edf8, m_bDocPFBeautyInit=0
D/QCamera2HWI(  590): static void qcamera::QCamera2HardwareInterface::preview_stream_cb_routine(mm_camera_super_buf_t*, qcamera::QCameraStream*, void*): nicefood_mode = (null)
V/QCamera2HWI(  590): static void qcamera::QCamera2HardwareInterface::metadata_stream_cb_routine(mm_camera_super_buf_t*, qcamera::QCameraStream*, void*): iso_value:113, exp_time:0.025016, mean_y:3
V/QCamera2HWI(  590): static void qcamera::QCamera2HardwareInterface::metadata_stream_cb_routine(mm_camera_super_buf_t*, qcamera::QCameraStream*, void*) pMetaData->ae_params.settled = 0
D/mm-camera-intf(  590): mm_stream_qbuf: VIDIOC_QBUF buf_index 3,stream type 7,frame_idx 4,queued cnt 8
W/qdhwcomposer(  356): eglGpuPerfHintQCOM failed for Built in display
D/mm-camera-intf(  590): mm_stream_qbuf: VIDIOC_QBUF buf_index 3,stream type 1,frame_idx 3,queued cnt 5
D/QCamera2HWI(  590): int qcamera::QCamera2HardwareInterface::disableMsgType(int32_t) (0x10) : mMsgEnabled = 0xb30c0d
E/mm-camera(  482): invalid stats mask. Return back
W/qdhwcomposer(  356): eglGpuPerfHintQCOM failed for Built in display
D/JavaCameraView( 8178): Preview Frame received. Frame size: 1843200
D/mm-camera(  482): cpp_hardware_process_frame:1035] stream_status:0xab1ad984, iden:0x10004, cur_frame_id:5
E/Sensors ( 1306): AccelSensor: X=-0.23,Y=7.29,Z=6.85
D/QCamera2HWI(  590): int qcamera::QCamera2HardwareInterface::enableMsgType(int32_t) (0x10) : mMsgEnabled = 0xb30c1d
E/AEC_PORT(  482): aec_port_send_exif_info_update: exp_index:254, line_count:1581, real_gain:1.136285, target_luma:46, cur_luma:3, settled:0
E/AEC_PORT(  482): aec_port_save_update:real_gain:1.136285 linecnt:1581 exp_idx:254 cur_luma:3 led_est:0
D/mm-camera-intf(  590): mm_stream_read_msm_frame: VIDIOC_DQBUF buf_index 5, frame_idx 5, stream type 1, queued cnt 4
D/mm-camera(  482): cpp_module_handle_stream_crop_event:802 frame id 6 stream_crop.x=0, stream_crop.y=0, stream_crop.dx=1280, stream_crop.dy=960, width 0 height 0 identity=0x10002
E/AEC_PORT(  482): aec_port_send_exif_info_update: exp_index:254, line_count:1581, real_gain:1.136285, target_luma:46, cur_luma:3, settled:0
D/mm-camera-intf(  590): mm_stream_read_msm_frame: VIDIOC_DQBUF buf_index 4, frame_idx 5, stream type 7, queued cnt 7
V/QCamera2HWI(  590): static void qcamera::QCamera2HardwareInterface::preview_stream_cb_routine(mm_camera_super_buf_t*, qcamera::QCameraStream*, void*)  scanline:960, stride:1280, frame_len:1847296, rawSize:1843200
D/QCamera2HWI(  590): isTargetTrackingOn = 0
V/QCamera2HWI(  590): static void qcamera::QCamera2HardwareInterface::preview_stream_cb_routine(mm_camera_super_buf_t*, qcamera::QCameraStream*, void*): mAutoSceneDetect not run!!!
V/QCamera2HWI(  590): static void qcamera::QCamera2HardwareInterface::preview_stream_cb_routine(mm_camera_super_buf_t*, qcamera::QCameraStream*, void*), smartae_enable:true, scene_mode:auto, panorama:(null)
D/QCamera2HWI(  590): static void qcamera::QCamera2HardwareInterface::preview_stream_cb_routine(mm_camera_super_buf_t*, qcamera::QCameraStream*, void*): beauty_mode = (null), beauty_level=-1
D/QCamera2HWI(  590): static void qcamera::QCamera2HardwareInterface::preview_stream_cb_routine(mm_camera_super_buf_t*, qcamera::QCameraStream*, void*): mDocPFBeauty = 0xab28edf8, m_bDocPFBeautyInit=0
D/QCamera2HWI(  590): static void qcamera::QCamera2HardwareInterface::preview_stream_cb_routine(mm_camera_super_buf_t*, qcamera::QCameraStream*, void*): nicefood_mode = (null)
E/mm-camera-sensor(  482): port_sensor_handle_aec_update:1014 g 1.136285 lux idx 301.997833
E/QCameraParameters(  590): bool qcamera::QCameraParameters::needProcessHDRData() const KEY_SCENE_MODE:auto
V/QCamera2HWI(  590): static void qcamera::QCamera2HardwareInterface::metadata_stream_cb_routine(mm_camera_super_buf_t*, qcamera::QCameraStream*, void*): iso_value:113, exp_time:0.025016, mean_y:3
V/QCamera2HWI(  590): static void qcamera::QCamera2HardwareInterface::metadata_stream_cb_routine(mm_camera_super_buf_t*, qcamera::QCameraStream*, void*) pMetaData->ae_params.settled = 0
D/mm-camera-intf(  590): mm_stream_qbuf: VIDIOC_QBUF buf_index 4,stream type 7,frame_idx 5,queued cnt 8
D/mm-camera-intf(  590): mm_stream_qbuf: VIDIOC_QBUF buf_index 4,stream type 1,frame_idx 4,queued cnt 5
D/QCamera2HWI(  590): int qcamera::QCamera2HardwareInterface::disableMsgType(int32_t) (0x10) : mMsgEnabled = 0xb30c0d
D/JavaCameraView( 8178): Preview Frame received. Frame size: 1843200
I/ActivityManager( 1306): Displayed com.martin.ads.testopencv/.MainActivity: +1s131ms (total +2s254ms)
D/QCamera2HWI(  590): int qcamera::QCamera2HardwareInterface::enableMsgType(int32_t) (0x10) : mMsgEnabled = 0xb30c1d
I/HwLauncher(18159): Launcher mUnlockScreenRunnbale  getOrientationEnabled false 
I/HwLauncher(18159): Launcher onStop()
E/mm-camera(  482): invalid stats mask. Return back
W/qdhwcomposer(  356): eglGpuPerfHintQCOM failed for Built in display
I/HwMtmBroadcastResourceManager( 1306): removeReceiver mtm Broadcast
I/HwMtmBroadcastResourceManager( 1306): removeReceiver mtm Broadcast
D/mm-camera(  482): cpp_hardware_process_frame:1035] stream_status:0xab1ad984, iden:0x10004, cur_frame_id:6
E/AEC_PORT(  482): aec_port_send_exif_info_update: exp_index:268, line_count:2109, real_gain:1.286946, target_luma:46, cur_luma:3, settled:0
E/AEC_PORT(  482): aec_port_save_update:real_gain:1.286946 linecnt:2109 exp_idx:268 cur_luma:3 led_est:0
D/mm-camera-intf(  590): mm_stream_read_msm_frame: VIDIOC_DQBUF buf_index 6, frame_idx 6, stream type 1, queued cnt 4
E/Sensors ( 1306): AccelSensor: X=-0.26,Y=7.30,Z=6.83
V/QCamera2HWI(  590): static void qcamera::QCamera2HardwareInterface::preview_stream_cb_routine(mm_camera_super_buf_t*, qcamera::QCameraStream*, void*)  scanline:960, stride:1280, frame_len:1847296, rawSize:1843200
D/QCamera2HWI(  590): isTargetTrackingOn = 0
V/QCamera2HWI(  590): static void qcamera::QCamera2HardwareInterface::preview_stream_cb_routine(mm_camera_super_buf_t*, qcamera::QCameraStream*, void*): mAutoSceneDetect not run!!!
V/QCamera2HWI(  590): static void qcamera::QCamera2HardwareInterface::preview_stream_cb_routine(mm_camera_super_buf_t*, qcamera::QCameraStream*, void*), smartae_enable:true, scene_mode:auto, panorama:(null)
D/QCamera2HWI(  590): static void qcamera::QCamera2HardwareInterface::preview_stream_cb_routine(mm_camera_super_buf_t*, qcamera::QCameraStream*, void*): beauty_mode = (null), beauty_level=-1
D/QCamera2HWI(  590): static void qcamera::QCamera2HardwareInterface::preview_stream_cb_routine(mm_camera_super_buf_t*, qcamera::QCameraStream*, void*): mDocPFBeauty = 0xab28edf8, m_bDocPFBeautyInit=0
D/QCamera2HWI(  590): static void qcamera::QCamera2HardwareInterface::preview_stream_cb_routine(mm_camera_super_buf_t*, qcamera::QCameraStream*, void*): nicefood_mode = (null)
D/mm-camera-intf(  590): mm_stream_qbuf: VIDIOC_QBUF buf_index 5,stream type 1,frame_idx 5,queued cnt 5
