I/InstantRun( 8178): starting instant run server: is main process
V/HwPolicyFactory( 8178): : success to get AllImpl object and return....
V/HwWidgetFactory( 8178): : successes to get AllImpl object and return....
V/ActivityThread( 8178): ActivityThread,callActivityOnCreate
W/art     ( 8178): Before Android 4.1, method android.graphics.PorterDuffColorFilter android.support.graphics.drawable.VectorDrawableCompat.updateTintFilter(android.graphics.PorterDuffColorFilter, android.content.res.ColorStateList, android.graphics.PorterDuff$Mode) would have incorrectly overridden the package-private method in android.graphics.drawable.Drawable
I/ActivityManager( 1306): resolve info: ResolveInfo{71a5113 com.martin.ads.testopencv/.MainActivity m=0x0 euid=0}, euid: 0
I/ActivityManager( 1306): START u0 {cmp=com.martin.ads.testopencv/.MainActivity} from uid 10167 on display 0
I/ActivityManager( 1306): ActivityRecord info: ActivityInfo{2c9a35d com.martin.ads.testopencv.MainActivity}, euid=0
V/HwWindowManagerService( 1306): moveTaskToTop mTaskChanged:true
V/HwWindowManagerService( 1306): moveTaskToTop mTaskChanged:true
I/HwWindowManagerService( 1306): setFocusedApp token: Token{672c549 ActivityRecord{29a7f50 u0 com.martin.ads.testopencv/.MainActivity t20538}} requestedOrientation: 0
V/HwWindowManagerService( 1306): setFocusedApp update app ops, mTaskChanged set to:false
E/Parcel  (  474): Reading a NULL string not supported here.
E/Parcel  (  474): Reading a NULL string not supported here.
W/qdhwcomposer(  356): eglGpuPerfHintQCOM failed for Built in display
I/InputReader( 1306): Reconfiguring input devices.  changes=0x00000004
I/InputReader( 1306): Device reconfigured: id=0, name='fingerprint', size 1080x1920, orientation 1, mode 1, display id 0
I/InputReader( 1306): Device reconfigured: id=13, name='cyttsp5_mt', size 1080x1920, orientation 1, mode 1, display id 0
I/ActivityManager( 1306): Config changes=480 {1.0 460mcc1mnc zh_CN ldltr sw360dp w598dp h336dp 480dpi nrml land finger -keyb/v/h -nav/h suim:1 s.134}
V/HwWindowManagerService( 1306): setNewConfiguration notify window callback
W/HwWindowManagerService( 1306): mIHwWindowCallback handleConfigurationChanged
W/HwWindowManagerService( 1306): android.os.DeadObjectException
W/HwWindowManagerService( 1306): 	at android.os.BinderProxy.transactNative(Native Method)
W/HwWindowManagerService( 1306): 	at android.os.BinderProxy.transact(Binder.java:505)
W/HwWindowManagerService( 1306): 	at huawei.android.app.IHwWindowCallback$Stub$Proxy.handleConfigurationChanged(IHwWindowCallback.java:107)
W/HwWindowManagerService( 1306): 	at com.android.server.wm.HwWindowManagerService.setNewConfiguration(HwWindowManagerService.java:523)
W/HwWindowManagerService( 1306): 	at com.android.server.am.ActivityManagerService.updateConfigurationLocked(ActivityManagerService.java:18544)
W/HwWindowManagerService( 1306): 	at com.android.server.am.ActivityStackSupervisor.realStartActivityLocked(ActivityStackSupervisor.java:1324)
W/HwWindowManagerService( 1306): 	at com.android.server.am.ActivityStackSupervisor.startSpecificActivityLocked(ActivityStackSupervisor.java:1525)
W/HwWindowManagerService( 1306): 	at com.android.server.am.ActivityStack.resumeTopActivityInnerLocked(ActivityStack.java:2722)
W/HwWindowManagerService( 1306): 	at com.android.server.am.ActivityStack.resumeTopActivityLocked(ActivityStack.java:2127)
W/HwWindowManagerService( 1306): 	at com.android.server.am.ActivityStackSupervisor.resumeTopActivitiesLocked(ActivityStackSupervisor.java:3340)
W/HwWindowManagerService( 1306): 	at com.android.server.am.ActivityStack.completePauseLocked(ActivityStack.java:1355)
W/HwWindowManagerService( 1306): 	at com.android.server.am.ActivityStack.activityPausedLocked(ActivityStack.java:1173)
W/HwWindowManagerService( 1306): 	at com.android.server.am.ActivityManagerService.activityPaused(ActivityManagerService.java:7018)
W/HwWindowManagerService( 1306): 	at android.app.ActivityManagerNative.onTransact(ActivityManagerNative.java:539)
W/HwWindowManagerService( 1306): 	at com.android.server.am.ActivityManagerService.onTransact(ActivityManagerService.java:2707)
W/HwWindowManagerService( 1306): 	at com.android.server.am.HwActivityManagerService.onTransact(HwActivityManagerService.java:393)
W/HwWindowManagerService( 1306): 	at android.os.Binder.execTransact(Binder.java:453)
I/HwSystemManager( 2205): HsmPackageManager:onConfigureChanged: zh_CN
W/qdhwcomposer(  356): eglGpuPerfHintQCOM failed for Built in display
I/HwSystemManager(23304): HsmPackageManager:onConfigureChanged: zh_CN
D/CubicBezierInterpolator( 2101): CubicBezierInterpolator  mControlPoint1x = 0.15, mControlPoint1y = 0.7, mControlPoint2x = 0.2, mControlPoint2y = 0.98
D/CubicBezierInterpolator( 2101): CubicBezierInterpolator  mControlPoint1x = 0.6, mControlPoint1y = 0.9, mControlPoint2x = 0.8, mControlPoint2y = 1.0
W/Settings( 3186): Setting airplane_mode_on has moved from android.provider.Settings.System to android.provider.Settings.Global, returning read-only value.
D/STK App ( 3186): isStkLauncherAvailable() slotId = 0, mUiccCardAvailableArray[slotId]false, isAirplaneModeOn = false
V/BoostFramework( 2101): BoostFramework() : mPerf = com.qualcomm.qti.Performance@5fdded6
D/CubicBezierInterpolator( 2101): CubicBezierInterpolator  mControlPoint1x = 0.15, mControlPoint1y = 0.7, mControlPoint2x = 0.2, mControlPoint2y = 0.98
D/CubicBezierInterpolator( 2101): CubicBezierInterpolator  mControlPoint1x = 0.6, mControlPoint1y = 0.9, mControlPoint2x = 0.8, mControlPoint2y = 1.0
V/BoostFramework( 2101): BoostFramework() : mPerf = com.qualcomm.qti.Performance@6814557
D/STK App ( 3186): slotId = 0, showMode = ALWAYS_SHOW, install
W/Settings( 3186): Setting airplane_mode_on has moved from android.provider.Settings.System to android.provider.Settings.Global, returning read-only value.
D/STK App ( 3186): isStkLauncherAvailable() slotId = 1, mUiccCardAvailableArray[slotId]true, isAirplaneModeOn = false
D/STK App ( 3186): slotId = 1, showMode = ALWAYS_SHOW, install
V/SMCSAMSHelper( 1306): SMCSAMSHelper.addSTPEvent: cost 0 ms end.
V/SMCSAMSHelper( 1306): SMCSAMSHelper.smartTrimProcessPackageResume: cost time 0 ms end.
D/Tethering( 1306): StateReceiver onReceive action:android.intent.action.CONFIGURATION_CHANGED
D/Tethering( 1306): upstreamIfaceTypes.add:0
D/Tethering( 1306): upstreamIfaceTypes.add:1
D/Tethering( 1306): upstreamIfaceTypes.add:4
D/Tethering( 1306): upstreamIfaceTypes.add:5
D/Tethering( 1306): upstreamIfaceTypes.add:7
I/HwLauncher(18159): Model  onReceive intent=Intent { act=android.intent.action.CONFIGURATION_CHANGED flg=0x70000010 }
I/HwLauncher(18159): Model  onReceive user=UserHandle{0}
I/HwLauncher(18159): Launcher.Utilities updateOrientToPortrait original orientation = 2
D/        ( 1306): isSystemBootComplete =true
I/HwLauncher(18159): Launcher.Utilities updateOrientToPortrait: update configuration to portrait
I/HwLauncher(18159): Launcher.Settings  updateIconTitleSize fontSize = 10.5
D/HwLauncher(18159): Launcher.Settings  updateIconTitleSize before fontSize: 10.5
D/HwLauncher(18159): Launcher.Settings  updateIconTitleSize after fontSize: 31.5
D/SoundRecordApplication( 2467): onReceive, action = android.intent.action.CONFIGURATION_CHANGED
I/ActivityManager( 1306): launch r: ActivityRecord{29a7f50 u0 com.martin.ads.testopencv/.MainActivity t20538}, uid = 10167, r.info.applicationInfo.euid  = 0
D/HwWindowManagerService( 1306): setFocuedApp r: ActivityRecord{29a7f50 u0 com.martin.ads.testopencv/.MainActivity t20538},pkgName=com.martin.ads.testopencv
D/HwWindowManagerService( 1306): setFocuedApp focusedAppChanged
W/HwWindowManagerService( 1306): mIHwWindowCallback focusedAppChanged
W/HwWindowManagerService( 1306): android.os.DeadObjectException
W/HwWindowManagerService( 1306): 	at android.os.BinderProxy.transactNative(Native Method)
W/HwWindowManagerService( 1306): 	at android.os.BinderProxy.transact(Binder.java:505)
W/HwWindowManagerService( 1306): 	at huawei.android.app.IHwWindowCallback$Stub$Proxy.focusedAppChanged(IHwWindowCallback.java:160)
W/HwWindowManagerService( 1306): 	at com.android.server.wm.HwWindowManagerService.setFocusedAppForNavi(HwWindowManagerService.java:495)
W/HwWindowManagerService( 1306): 	at com.android.server.am.HwActivityManagerService.setFocusedActivityLockedForNavi(HwActivityManagerService.java:938)
W/HwWindowManagerService( 1306): 	at com.android.server.am.ActivityStack.completeResumeLocked(ActivityStack.java:1439)
W/HwWindowManagerService( 1306): 	at com.android.server.am.ActivityStack.minimalResumeActivityLocked(ActivityStack.java:873)
W/HwWindowManagerService( 1306): 	at com.android.server.am.ActivityStackSupervisor.realStartActivityLocked(ActivityStackSupervisor.java:1477)
W/HwWindowManagerService( 1306): 	at com.android.server.am.ActivityStackSupervisor.startSpecificActivityLocked(ActivityStackSupervisor.java:1525)
W/HwWindowManagerService( 1306): 	at com.android.server.am.ActivityStack.resumeTopActivityInnerLocked(ActivityStack.java:2722)
W/HwWindowManagerService( 1306): 	at com.android.server.am.ActivityStack.resumeTopActivityLocked(ActivityStack.java:2127)
W/HwWindowManagerService( 1306): 	at com.android.server.am.ActivityStackSupervisor.resumeTopActivitiesLocked(ActivityStackSupervisor.java:3340)
W/HwWindowManagerService( 1306): 	at com.android.server.am.ActivityStack.completePauseLocked(ActivityStack.java:1355)
W/HwWindowManagerService( 1306): 	at com.android.server.am.ActivityStack.activityPausedLocked(ActivityStack.java:1173)
W/HwWindowManagerService( 1306): 	at com.android.server.am.ActivityManagerService.activityPaused(ActivityManagerService.java:7018)
W/HwWindowManagerService( 1306): 	at android.app.ActivityManagerNative.onTransact(ActivityManagerNative.java:539)
W/HwWindowManagerService( 1306): 	at com.android.server.am.ActivityManagerService.onTransact(ActivityManagerService.java:2707)
W/HwWindowManagerService( 1306): 	at com.android.server.am.HwActivityManagerService.onTransact(HwActivityManagerService.java:393)
W/HwWindowManagerService( 1306): 	at android.os.Binder.execTransact(Binder.java:453)
D/        ( 1306):  type:1 subId = 1
D/PhoneStatusBar/NavigationBarView( 2101): layoutId: 4, containsKey: true
D/        ( 1306):  operator:46001
D/BarTransitions.NavigationBarView( 2101): MODE_TRANSPARENT -> MODE_TRANSPARENT animate=false
D/BarTransitions.NavigationBarView( 2101): applyModeBackground MODE_TRANSPARENT animate=false,mGradientBackground=true
D/PhoneStatusBar/NavigationBarView( 2101): setDisabledFlags home button, disableHome:false,disableSearch:false
D/PhoneStatusBar/NavigationBarView( 2101): setDisabledFlags home button, disableHome:false,disableSearch:false
D/TintManager( 2101): updateBarTint
W/qdhwcomposer(  356): eglGpuPerfHintQCOM failed for Built in display
D/PhoneStatusBar( 2101): mode=default, land=true, topMargin=726, leftMargin=75, height=621
D/PhoneStatusBar( 2101): mode=default, land=true, height=906
I/PanelView( 2101): Configuration orientation changed
D/NetworkController.MobileSignalController(1)( 2101):  mDataNetType:13 indexOfkey:11 iconGroup.mName:4G roaming:false
D/PhoneStatusBar( 2101): mSettingsPanelGravity = 55
D/ToolboxContentView( 2101): update ToolBox when the Configuration is changed.
D/PhoneStatusBar/NavigationBarView( 2101): layoutId: 4, containsKey: true
D/BarTransitions.NavigationBarView( 2101): MODE_TRANSPARENT -> MODE_TRANSPARENT animate=false
D/BarTransitions.NavigationBarView( 2101): applyModeBackground MODE_TRANSPARENT animate=false,mGradientBackground=true
D/PhoneStatusBar/NavigationBarView( 2101): setDisabledFlags home button, disableHome:false,disableSearch:false
D/PhoneStatusBar/NavigationBarView( 2101): setDisabledFlags home button, disableHome:false,disableSearch:false
D/TintManager( 2101): updateBarTint
V/ActivityThread( 8178): ActivityThread,callActivityOnCreate
I/TimeManager( 2101): receiver action = android.intent.action.CONFIGURATION_CHANGED
D/PhoneStatusBar/NavigationBarView( 2101): layoutId: 4, containsKey: true
D/BarTransitions.NavigationBarView( 2101): MODE_TRANSPARENT -> MODE_VERTICAL animate=false
D/BarTransitions.NavigationBarView( 2101): applyModeBackground MODE_VERTICAL animate=false,mGradientBackground=true
D/BarTransitions.NavigationBarView( 2101): setColor = ff000000
D/BarTransitions.NavigationBarView( 2101): applyModeBackground MODE_VERTICAL animate=false,mGradientBackground=true
D/PhoneStatusBar/NavigationBarView( 2101): setDisabledFlags home button, disableHome:false,disableSearch:false
D/PhoneStatusBar/NavigationBarView( 2101): setDisabledFlags home button, disableHome:false,disableSearch:false
D/TintManager( 2101): updateBarTint
W/View    ( 2101): requestLayout() improperly called by com.android.systemui.statusbar.phone.IconMerger{b765e36 V.E...... ......ID 0,0-54,72 #7f1000c3 app:id/notificationIcons} during layout: running second layout pass
W/qdhwcomposer(  356): eglGpuPerfHintQCOM failed for Built in display
D/CameraBridge( 8178): Attr count: 3
W/qdhwcomposer(  356): eglGpuPerfHintQCOM failed for Built in display
D/OpenCV/StaticHelper( 8178): Trying to get library list
E/OpenCV/StaticHelper( 8178): OpenCV error: Cannot load info library for OpenCV
D/OpenCV/StaticHelper( 8178): Library list: ""
D/OpenCV/StaticHelper( 8178): First attempt to load libs
D/OpenCV/StaticHelper( 8178): Trying to init OpenCV libs
D/OpenCV/StaticHelper( 8178): Trying to load library opencv_java3
D/OpenCV/StaticHelper( 8178): Library opencv_java3 loaded
D/OpenCV/StaticHelper( 8178): First attempt to load libs is OK
W/qdhwcomposer(  356): eglGpuPerfHintQCOM failed for Built in display
V/AudioManager( 2101): getStreamVolume  treamType: 2
V/AudioManager( 2101): isStreamMute   streamType: 2
V/AudioManager( 2101): getRingerMode...
V/AudioManager( 2101): getStreamVolume  treamType: 3
V/AudioManager( 2101): isStreamMute   streamType: 3
V/AudioManager( 2101): getStreamVolume  treamType: 4
V/AudioManager( 2101): isStreamMute   streamType: 4
V/AudioManager( 2101): getStreamVolume  treamType: 0
V/AudioManager( 2101): isStreamMute   streamType: 0
I/OpenCV/StaticHelper( 8178):   videoio: Removing WinRT API headers by default
I/OpenCV/StaticHelper( 8178): General configuration for OpenCV 3.0.0 =====================================
I/OpenCV/StaticHelper( 8178):   Version control:               3.0.0-6-gc1f114b
I/OpenCV/StaticHelper( 8178):   Platform:
I/OpenCV/StaticHelper( 8178):     Host:                        Darwin 13.2.0 i386
I/OpenCV/StaticHelper( 8178):     Target:                      Linux 1 aarch64
I/OpenCV/StaticHelper( 8178):     CMake:                       2.8.12.2
I/OpenCV/StaticHelper( 8178):     CMake generator:             Ninja
I/OpenCV/StaticHelper( 8178):     CMake build tool:            /usr/local/bin/ninja
I/OpenCV/StaticHelper( 8178):     Configuration:               Release
I/OpenCV/StaticHelper( 8178):   C/C++:
I/OpenCV/StaticHelper( 8178):     Built as dynamic libs?:      NO
I/OpenCV/StaticHelper( 8178):     C++ Compiler:                /usr/local/bin/ccache /opt/android/android-ndk-r10e/toolchains/aarch64-linux-android-4.9/prebuilt/darwin-x86_64/bin/aarch64-linux-android-g++ (ver 4.9)
I/OpenCV/StaticHelper( 8178):     C++ flags (Release):         -fexceptions -frtti -Wno-psabi --sysroot=/opt/android/android-ndk-r10e/platforms/android-21/arch-arm64 -funwind-tables -fsigned-char -no-canonical-prefixes -fdata-sections -ffunction-sections -Wa,--noexecstack    -fsigned-char -W -Wall -Werror=return-type -Werror=non-virtual-dtor -Werror=address -Werror=sequence-point -Wformat -Werror=format-security -Wmissing-declarations -Wundef -Winit-self -Wpointer-arith -Wshadow -Wsign-promo -Wno-narrowing -Wno-delete-non-virtual-dtor -fdiagnostics-show-option -fomit-frame-pointer -fvisibility=hidden -fvisibility-inlines-hidden -fomit-frame-pointer -fstrict-aliasing -funswitch-loops -finline-limit=300 -O3 -DNDEBUG  -DNDEBUG
I/OpenCV/StaticHelper( 8178):     C++ flags (Debug):           -fexceptions -frtti -Wno-psabi --sysroot=/opt/android/android-ndk-r10e/platforms/android-21/arch-arm64 -funwind-tables -fsigned-char -no-canonical-prefixes -fdata-sections -ffunction-sections -Wa,--noexecstack    -fsigned-char -W -Wall -Werror=return-type -Werror=non-virtual-dtor -Werror=address -Werror=sequence-point -Wformat -Werror=format-security -Wmissing-declarations -Wundef -Winit-self -Wpointer-arith -Wshadow -Wsign-promo -Wno-narrowing -Wno-delete-non-virtual-dtor -fdiagnostics-show-option -fomit-frame-pointer -fvisibility=hidden -fvisibility-inlines-hidden -fno-omit-frame-pointer -fno-strict-aliasing -O0 -g -DDEBUG -D_DEBUG  -O0 -DDEBUG -D_DEBUG
I/OpenCV/StaticHelper( 8178):     C Compiler:                  /usr/local/bin/ccache /opt/android/android-ndk-r10e/toolchains/aarch64-linux-android-4.9/prebuilt/darwin-x86_64/bin/aarch64-linux-android-gcc
I/OpenCV/StaticHelper( 8178):     C flags (Release):           -fexceptions -Wno-psabi --sysroot=/opt/android/android-ndk-r10e/platforms/android-21/arch-arm64 -funwind-tables -fsigned-char -no-canonical-prefixes -fdata-sections -ffunction-sections -Wa,--noexecstack    -fsigned-char -W -Wall -Werror=return-type -Werror=non-virtual-dtor -Werror=address -Werror=sequence-point -Wformat -Werror=format-security -Wmissing-declarations -Wmissing-prototypes -Wstrict-prototypes -Wundef -Winit-self -Wpointer-arith -Wshadow -Wno-narrowing -fdiagnostics-show-option -fomit-frame-pointer -fvisibility=hidden -fomit-frame-pointer -fstrict-aliasing -funswitch-loops -finline-limit=300 -O3 -DNDEBUG  -DNDEBUG
I/OpenCV/StaticHelper( 8178):     C flags (Debug):             -fexceptions -Wno-psabi --sysroot=/opt/android/android-ndk-r10e/platforms/android-21/arch-arm64 -funwind-tables -fsigned-char -no-canonical-prefixes -fdata-sections -ffunction-sections -Wa,--noexecstack    -fsigned-char -W -Wall -Werror=return-type -Werror=non-virtual-dtor -Werror=address -Werror=sequence-point -Wformat -Werror=format-security -Wmissing-declarations -Wmissing-prototypes -Wstrict-prototypes -Wundef -Winit-self -Wpointer-arith -Wshadow -Wno-narrowing -fdiagnostics-show-option -fomit-frame-pointer -fvisibility=hidden -fno-omit-frame-pointer -fno-strict-aliasing -O0 -g -DDEBUG -D_DEBUG  -O0 -DDEBUG -D_DEBUG
I/OpenCV/StaticHelper( 8178):     Linker flags (Release):      -Wl,--no-undefined -Wl,--gc-sections -Wl,-z,noexecstack -Wl,-z,relro -Wl,-z,now 
I/OpenCV/StaticHelper( 8178):     Linker flags (Debug):        -Wl,--no-undefined -Wl,--gc-sections -Wl,-z,noexecstack -Wl,-z,relro -Wl,-z,now 
I/OpenCV/StaticHelper( 8178):     Precompiled headers:         NO
I/OpenCV/StaticHelper( 8178):     Extra dependencies:          z dl m log
I/OpenCV/StaticHelper( 8178):     3rdparty dependencies:       libjpeg libwebp libpng libtiff libjasper IlmImf tbb
I/OpenCV/StaticHelper( 8178):   OpenCV modules:
I/OpenCV/StaticHelper( 8178):     To be built:                 hal core flann imgproc ml photo video imgcodecs shape videoio highgui objdetect superres ts features2d calib3d java stitching videostab
I/OpenCV/StaticHelper( 8178):     Disabled:                    world
I/OpenCV/StaticHelper( 8178):     Disabled by dependency:      -
I/OpenCV/StaticHelper( 8178):     Unavailable:                 cudaarithm cudabgsegm cudacodec cudafeatures2d cudafilters cudaimgproc cudalegacy cudaobjdetect cudaoptflow cudastereo cudawarping cudev python2 viz
I/OpenCV/StaticHelper( 8178):   Android: 
I/OpenCV/StaticHelper( 8178):     Android ABI:                 arm64-v8a
I/OpenCV/StaticHelper( 8178):     STL type:                    gnustl_static
I/OpenCV/StaticHelper( 8178):     Native API level:            android-21
I/OpenCV/StaticHelper( 8178):     SDK target:                  android-22
I/OpenCV/StaticHelper( 8178):     Android NDK:                 /opt/android/android-ndk-r10e (toolchain: aarch64-linux-android-4.9)
I/OpenCV/StaticHelper( 8178):     android tool:                /opt/android/android-sdk-macosx/tools/android (Android SDK Tools, revision 24.1.2.)
I/OpenCV/StaticHelper( 8178):     Google Play manager:         NO
I/OpenCV/StaticHelper( 8178):     Android examples:            YES
I/OpenCV/StaticHelper( 8178):   GUI: 
I/OpenCV/StaticHelper( 8178):     GTK+:                        NO
I/OpenCV/StaticHelper( 8178):     GThread :                    NO
I/OpenCV/StaticHelper( 8178):     GtkGlExt:                    NO
I/OpenCV/StaticHelper( 8178):     OpenGL support:              NO
I/OpenCV/StaticHelper( 8178):     VTK support:                 NO
I/OpenCV/StaticHelper( 8178):   Media I/O: 
I/OpenCV/StaticHelper( 8178):     ZLib:                        z (ver 1.2.3)
I/OpenCV/StaticHelper( 8178):     JPEG:                        build (ver 90)
I/OpenCV/StaticHelper( 8178):     WEBP:                        build (ver 0.3.1)
I/OpenCV/StaticHelper( 8178):     PNG:                         build (ver 1.5.12)
I/OpenCV/StaticHelper( 8178):     TIFF:                        build (ver 42 - 4.0.2)
I/OpenCV/StaticHelper( 8178):     JPEG 2000:                   build (ver 1.900.1)
I/OpenCV/StaticHelper( 8178):     OpenEXR:                     build (ver 1.7.1)
I/OpenCV/StaticHelper( 8178):     GDAL:                        NO
I/OpenCV/StaticHelper( 8178):   Video I/O:
I/OpenCV/StaticHelper( 8178):   Other third-party libraries:
I/OpenCV/StaticHelper( 8178):     Use IPP:                     NO
I/OpenCV/StaticHelper( 8178):     Use Eigen:                   NO
I/OpenCV/StaticHelper( 8178):     Use TBB:                     YES (ver 4.1 interface 6102)
I/OpenCV/StaticHelper( 8178):     Use OpenMP:                  NO
I/OpenCV/StaticHelper( 8178):     Use GCD                      NO
I/OpenCV/StaticHelper( 8178):     Use Concurrency              NO
I/OpenCV/StaticHelper( 8178):     Use C=:                      NO
I/OpenCV/StaticHelper( 8178):     Use pthreads for parallel for:
I/OpenCV/StaticHelper( 8178):                                  NO
I/OpenCV/StaticHelper( 8178):     Use Cuda:                    NO
I/OpenCV/StaticHelper( 8178):     Use OpenCL:                  NO
I/OpenCV/StaticHelper( 8178):   Python 2:
I/OpenCV/StaticHelper( 8178):     Interpreter:                 /usr/bin/python2.7 (ver 2.7.5)
I/OpenCV/StaticHelper( 8178):   Python 3:
I/OpenCV/StaticHelper( 8178):     Interpreter:                 NO
I/OpenCV/StaticHelper( 8178):   Python (for build):            /usr/bin/python2.7
I/OpenCV/StaticHelper( 8178):   Java:
I/OpenCV/StaticHelper( 8178):     ant:                         /usr/local/bin/ant (ver 1.9.4)
I/OpenCV/StaticHelper( 8178):     Java wrappers:               YES
I/OpenCV/StaticHelper( 8178):     Java tests:                  NO
I/OpenCV/StaticHelper( 8178):   Matlab:
I/OpenCV/StaticHelper( 8178):     mex:                         NO
I/OpenCV/StaticHelper( 8178):   Documentation:
I/OpenCV/StaticHelper( 8178):     Doxygen:                     NO
I/OpenCV/StaticHelper( 8178):     PlantUML:                    NO
I/OpenCV/StaticHelper( 8178):   Tests and samples:
I/OpenCV/StaticHelper( 8178):     Tests:                       NO
I/OpenCV/StaticHelper( 8178):     Performance tests:           NO
I/OpenCV/StaticHelper( 8178):     C/C++ Examples:              NO
I/OpenCV/StaticHelper( 8178):   Install path:                  /builds/master_pack-android/build/o4a/install
I/OpenCV/StaticHelper( 8178):   cvconfig.h is in:              /builds/master_pack-android/build/o4a
I/OpenCV/StaticHelper( 8178): -----------------------------------------------------------------
D/MainActivity( 8178): OpenCV library found inside package. Using it!
D/CameraBridge( 8178): call checkCurrentState
D/tclog JNI_PART( 8178): nativeVinsStartSensor
D/NetworkController.MobileSignalController(1)( 2101): origin typeIcon:2130838281 icons.mName:4G isSuspend:false
D/HwCustMobileSignalControllerImpl( 2101): sub =1,strMccMnc =null,hashMccMnc =[],strPlmn =hw_customized_networkType_entry
D/HwCustMobileSignalControllerImpl( 2101): isCurrentBySim()=false
D/HwCustMobileSignalControllerImpl( 2101): sub =1,strMccMnc =null,hashMccMnc =[],strPlmn =hw_mcc_mnc
D/HwCustMobileSignalControllerImpl( 2101): isCurrentBySim()=false
D/HwCustMobileSignalControllerImpl( 2101): sub =1,strMccMnc =null,hashMccMnc =[],strPlmn =hw_show_4g
D/HwCustMobileSignalControllerImpl( 2101): isCurrentBySim()=false
D/HwCustMobileSignalControllerImpl( 2101): sub =1,strMccMnc =null,hashMccMnc =[],strPlmn =hw_show_lte
D/HwCustMobileSignalControllerImpl( 2101): isCurrentBySim()=false
D/HwCustMobileSignalControllerImpl( 2101): sub =1,strMccMnc =null,hashMccMnc =[],strPlmn =hw_hspap_show_4g
D/HwCustMobileSignalControllerImpl( 2101): isCurrentBySim()=false
W/View    ( 2101): requestLayout() improperly called by com.android.systemui.statusbar.phone.IconMerger{b765e36 V.E...... ........ 0,0-54,72 #7f1000c3 app:id/notificationIcons} during second layout pass: posting in next frame
W/qdhwcomposer(  356): eglGpuPerfHintQCOM failed for Built in display
I/SendBroadcastPermission( 4142): action:com.uc.base.rism.ACTION_RECEIVE_MESSAGE, mPermissionType:0
D/HwActivityManagerService( 1306): handleANRFilterFIFO,uid = 10100cmd = 0
D/HwActivityManagerService( 1306): handleANRFilterFIFO,uid = 10100cmd = 1
I/ActivityManager( 1306): collectReceiverComponents for intent: Intent { act=com.uc.base.rism.ACTION_RECEIVE_MESSAGE flg=0x10 pkg=com.UCMobile (has extras) }, receivers: [ResolveInfo{f30b17b com.UCMobile/com.uc.business.rism.RismReceiver m=0x108000 euid=0}]
D/OpenGLRenderer( 8178): Use EGL_SWAP_BEHAVIOR_PRESERVED: true
D/HwPhoneWindowManager( 1306): Transact:setSystemUIColor to status bar service
D/TintManager( 2101): isEmuiStyle=0, statusBarColor=ff000000, navigationColor=ff000000
D/TintManager( 2101): updateBarBgColor:emuiStyle=0,statusBarColor=#FF000000,navigationBarColor=#FF000000
D/BarTransitions.PhoneStatusBarView( 2101): setUseGradientBackground: true
D/BarTransitions.NavigationBarView( 2101): setUseGradientBackground: true
D/TintManager( 2101): statusBarIconTint=#FFFFFFFF,navigationBarIconTint=#FF000000
D/TintManager( 2101): updateBarTint
V/HwPhoneWindowManager( 1306): updateSystemUiColorLw window=Window{f6edff1 u0 com.martin.ads.testopencv/com.martin.ads.testopencv.MainActivity},EmuiStyle=0,StatusBarColor=0xff000000,NavigationBarColor=0xff000000
D/CommandQueue( 2101): CommandQueue, onTransaction
D/CommandQueue( 2101): CommandQueue, setBarBackgroundColor
W/qdhwcomposer(  356): eglGpuPerfHintQCOM failed for Built in display
D/PhoneStatusBar( 2101): setSystemUiVisibility vis=8000 mask=ffffffff oldVal=8600 newVal=8000 diff=600
D/PhoneStatusBar( 2101): sbMode=-1, nbMode=-1mStatusBarMode=5, mNavigationBarMode=5
D/BarTransitions.PhoneStatusBarView( 2101): MODE_TRANSPARENT -> MODE_TRANSPARENT animate=false
D/BarTransitions.NavigationBarView( 2101): MODE_VERTICAL -> MODE_VERTICAL animate=false
D/TintManager( 2101): updateBarTint
I/Adreno  ( 8178): QUALCOMM build                   : d28da0e, Iec24cdb30f
I/Adreno  ( 8178): Build Date                       : 03/10/16
I/Adreno  ( 8178): OpenGL ES Shader Compiler Version: XE031.06.00.05
I/Adreno  ( 8178): Local Branch                     : 
I/Adreno  ( 8178): Remote Branch                    : refs/tags/AU_LINUX_ANDROID_LA.BR.1.2.6_RB1.06.00.01.179.013
I/Adreno  ( 8178): Remote Branch                    : NONE
I/Adreno  ( 8178): Reconstruct Branch               : NOTHING
I/OpenGLRenderer( 8178): Initialized EGL, version 1.4
W/qdhwcomposer(  356): eglGpuPerfHintQCOM failed for Built in display
W/qdhwcomposer(  356): eglGpuPerfHintQCOM failed for Built in display
W/qdhwcomposer(  356): eglGpuPerfHintQCOM failed for Built in display
D/CameraBridge( 8178): call surfaceChanged event
D/CameraBridge( 8178): call checkCurrentState
D/CameraBridge( 8178): call processExitState: 0
D/CameraBridge( 8178): call processEnterState: 1
D/CameraBridge( 8178): call onEnterStartedState
D/JavaCameraView( 8178): Connecting to camera
D/JavaCameraView( 8178): Initialize java camera
D/JavaCameraView( 8178): Trying to open camera with old open()
V/QCamera2HWI(  590): static int qcamera::QCamera2HardwareInterface::getCapabilities(uint32_t, camera_info*)  cameraId:0
W/qdhwcomposer(  356): eglGpuPerfHintQCOM failed for Built in display
W/qdhwcomposer(  356): eglGpuPerfHintQCOM failed for Built in display
D/HwActivityManagerService( 1306): handleANRFilterFIFO,uid = 10167cmd = 0
D/HwActivityManagerService( 1306): handleANRFilterFIFO,uid = 10167cmd = 1
I/CameraService(  590): CameraService::connect E (pid 8178 "com.martin.ads.testopencv", id 0)
I/CameraService(  590): CameraService::connect call (PID 8178 "com.martin.ads.testopencv", camera ID 0) for HAL version default and Camera API version 1
I/CameraService(  590): onTorchStatusChangedLocked: Torch status changed for cameraId=0, newStatus=0
V/QCamera2HWI(  590): static int qcamera::QCamera2HardwareInterface::getCapabilities(uint32_t, camera_info*)  cameraId:0
I/CameraClient(  590): Opening camera 0
V/QCamera2HWI(  590): static int qcamera::QCamera2HardwareInterface::getCapabilities(uint32_t, camera_info*)  cameraId:0
I/PermissionManager( 8178): camera remind result:true
D/QCameraStateMachine(  590): static void* qcamera::QCameraStateMachine::smEvtProcRoutine(void*): E
V/QCameraPostProc(  590): qcamera::QCameraPostProcessor::QCameraPostProcessor(qcamera::QCamera2HardwareInterface*): mZoom0 = 1.040000, mZoom1 = 1.030000, mZoom2 = 1.015000, mZoom3 = 1.010000
E/[HWCamera] PostProcessCore(  590): qcamera::PostProcessCore::PostProcessCore(qcamera::QCamera2HardwareInterface*) mDavinciEnable = 1 ,mBeautyEnable = 1, mMultiDenoiseEnable= 1, mHDREnable = 1,mBestShotEnable = 1 mRefocusEnable = 1 mDocFaceBeautyEnable = 1
I/QCamera2HWI(  590): static void qcamera::QCamera2HardwareInterface::getLogLevel() gCamHalLogLevel=1
W/CameraUtils(  590): raiseCpuFrequency E
W/CameraUtils(  590): cpuBoost_init E
W/CameraUtils(  590): cpuBoost_init X
W/CameraUtils(  590): raiseCpuFrequency X ret = 15501
D/QCamera2HWI(  590): void qcamera::QCamera2HardwareInterface::initAlgo_internal(): E
D/QCamera2HWI(  590): void qcamera::QCamera2HardwareInterface::initAlgo_internal(): ro.config.camera_target_track=true
E/QCamera2HWI(  590): entity id 1
D/QCamera2HWI(  590): entity name video0 type 65537 group id 2
E/QCamera2HWI(  590): entity id 2
D/QCamera2HWI(  590): entity name msm_cci type 131072 group id 0
E/QCamera2HWI(  590): entity id 3
D/QCamera2HWI(  590): entity name v4l-subdev0 type 131072 group id 0
E/QCamera2HWI(  590): entity id 4
D/QCamera2HWI(  590): entity name v4l-subdev1 type 131072 group id 0
E/QCamera2HWI(  590): entity id 5
D/QCamera2HWI(  590): entity name v4l-subdev2 type 131072 group id 1
E/QCamera2HWI(  590): entity id 6
D/QCamera2HWI(  590): entity name v4l-subdev3 type 131072 group id 1
E/QCamera2HWI(  590): entity id 7
D/QCamera2HWI(  590): entity name v4l-subdev4 type 131072 group id 1
E/QCamera2HWI(  590): entity id 8
D/QCamera2HWI(  590): entity name v4l-subdev5 type 131072 group id 7
E/QCamera2HWI(  590): entity id 9
D/QCamera2HWI(  590): entity name v4l-subdev6 type 131072 group id 11
E/QCamera2HWI(  590): entity id 10
D/QCamera2HWI(  590): static void* qcamera::QCamera2HardwareInterface::defferedWorkRoutine(void*): start data proc
D/QCamera2HWI(  590): entity name v4l-subdev7 type 131072 group id 14
E/QCamera2HWI(  590): entity id 11
D/QCamera2HWI(  590): entity name v4l-subdev8 type 131072 group id 9
E/QCamera2HWI(  590): entity id 12
D/QCamera2HWI(  590): entity name v4l-subdev9 type 131072 group id 3
D/QCamera2HWI(  590): calling package is com.martin.ads.testopencv
E/QCamera2HWI(  590): entity id 13
D/QCamera2HWI(  590): entity name v4l-subdev10 type 131072 group id 2
D/QCamera2HWI(  590): [KPI Perf] int qcamera::QCamera2HardwareInterface::openCamera(hw_device_t**): E PROFILE_OPEN_CAMERA camera id 0
E/QCamera2HWI(  590): entity id 14
D/QCamera2HWI(  590): entity name v4l-subdev11 type 131072 group id 13
E/QCamera2HWI(  590): entity id 15
D/QCamera2HWI(  590): entity name v4l-subdev12 type 131072 group id 6
E/mm-camera-intf(  590): mm_camera_open: dev name = /dev/video1, cam_idx = 1
D/QCamera2HWI(  590): modes supported 0, position 0, sensor mount angle 90
D/QCamera2HWI(  590): getCamSensorInfo  cameraId=0, name=imx214_ofilm_kiw
D/QCamera2HWI(  590): void qcamera::QCamera2HardwareInterface::initAlgo_internal(): getSensorNamer return name=imx214_ofilm_kiw
D/QCamera2HWI(  590): void qcamera::QCamera2HardwareInterface::initAlgo_internal(): DocFaceBeauty used
D/QCamera2HWI(  590): void qcamera::QCamera2HardwareInterface::initAlgo_internal(): ro.config.hw_camera_omron=true
D/QCamera2HWI(  590): void qcamera::QCamera2HardwareInterface::initAlgo_internal(): omron face smooth not created, because doc beauty is in use
D/QCamera2HWI(  590): void qcamera::QCamera2HardwareInterface::initAlgo_internal(): ro.config.hw_face_detection=false
D/QCamera2HWI(  590): void qcamera::QCamera2HardwareInterface::initAlgo_internal(): X
D/mm-camera(  482): mct_pipeline_start_session_thread thread_id is -1
D/mm-camera(  482): mct_pipeline_start_session_thread thread_id is -1
D/mm-camera(  482): mct_pipeline_start_session_thread thread_id is -1
D/mm-camera(  482): mct_pipeline_start_session_thread thread_id is -1
D/mm-camera(  482): isp_tintless_open: E: f72fb021
D/mm-camera(  482): mct_pipeline_start_session_thread thread_id is -1
D/mm-camera(  482): cpp_module_start_session:427, info: starting session 1
D/mm-camera(  482): mct_pipeline_start_session_thread thread_id is -1
E/mm-camera-img(  482): module_imglib_start_session:1446 ###Img_Loglevel 0
E/mm-camera(  482): isp_tintless_get_version: lib returned version 3.61 err=0
D/mm-camera(  482): isp_tintless_main_loop thread_id is -1
D/mm-camera(  482): isp_thread_session_task thread_id is -1
D/mm-camera(  482): cpp_thread_func:63: cpp_thread entering the polling loop...thread_id is -1
D/mm-camera(  482): cpp_module_start_session:489, info: session 1 started.
D/mm-camera(  482): c2d_module_start_session:345, info: starting session 1
D/mm-camera(  482): c2d_thread_func:45: c2d_thread entering the polling loop... thread_id is -1
D/mm-camera(  482): c2d_module_start_session:419, info: session 1 started.
E/mm-camera-sensor(  482): sensor_set_otp_info:342 sensor_set_otp_info mmi_otp_check_flag = 0x0
E/mm-camera-sensor(  482): 
E/mm-camera-sensor(  482): actuator_load_lib:553 name=imx214_ofilm_kiw, mode=camera
E/mm-camera-sensor(  482): actuator_load_lib:553 name=imx214_ofilm_kiw, mode=camcorder
E/mm-camera-sensor(  482): module_sensor_actuator_init_calibrate:641 No eeprom device ,try huawei solution!
E/mm-camera-sensor(  482): 
E/mm-camera-sensor(  482): sensor_get_afc_otp_info:3624 starting_dac=120,infinity_dac=120,macro_dac=0x360
E/mm-camera-sensor(  482): 
D/mm-camera(  482): mct_controller_thread_run thread_id is -1
E/mm-camera-intf(  590): mm_camera_open:  opened, break out while loop
V/QCamera2HWI(  590): int qcamera::QCamera2HardwareInterface::openCamera()  l_curr_width:4160, l_curr_height:3120
V/QCamera2HWI(  590): int qcamera::QCamera2HardwareInterface::openCamera()  l_curr_width:4160, l_curr_height:2336
V/QCamera2HWI(  590): int qcamera::QCamera2HardwareInterface::openCamera()  l_curr_width:4000, l_curr_height:3000
V/QCamera2HWI(  590): int qcamera::QCamera2HardwareInterface::openCamera()  l_curr_width:3104, l_curr_height:3104
V/QCamera2HWI(  590): int qcamera::QCamera2HardwareInterface::openCamera()  l_curr_width:4096, l_curr_height:2160
V/QCamera2HWI(  590): int qcamera::QCamera2HardwareInterface::openCamera()  l_curr_width:3264, l_curr_height:2448
V/QCamera2HWI(  590): int qcamera::QCamera2HardwareInterface::openCamera()  l_curr_width:3200, l_curr_height:2400
V/QCamera2HWI(  590): int qcamera::QCamera2HardwareInterface::openCamera()  l_curr_width:3264, l_curr_height:1836
V/QCamera2HWI(  590): int qcamera::QCamera2HardwareInterface::openCamera()  l_curr_width:2592, l_curr_height:1944
V/QCamera2HWI(  590): int qcamera::QCamera2HardwareInterface::openCamera()  l_curr_width:2592, l_curr_height:1456
V/QCamera2HWI(  590): int qcamera::QCamera2HardwareInterface::openCamera()  l_curr_width:1944, l_curr_height:1944
V/QCamera2HWI(  590): int qcamera::QCamera2HardwareInterface::openCamera()  l_curr_width:2048, l_curr_height:1536
V/QCamera2HWI(  590): int qcamera::QCamera2HardwareInterface::openCamera()  l_curr_width:1920, l_curr_height:1080
V/QCamera2HWI(  590): int qcamera::QCamera2HardwareInterface::openCamera()  l_curr_width:1600, l_curr_height:1200
V/QCamera2HWI(  590): int qcamera::QCamera2HardwareInterface::openCamera()  l_curr_width:1280, l_curr_height:960
V/QCamera2HWI(  590): int qcamera::QCamera2HardwareInterface::openCamera()  l_curr_width:1280, l_curr_height:768
V/QCamera2HWI(  590): int qcamera::QCamera2HardwareInterface::openCamera()  l_curr_width:1280, l_curr_height:720
V/QCamera2HWI(  590): int qcamera::QCamera2HardwareInterface::openCamera()  l_curr_width:1024, l_curr_height:768
V/QCamera2HWI(  590): int qcamera::QCamera2HardwareInterface::openCamera()  l_curr_width:800, l_curr_height:600
V/QCamera2HWI(  590): int qcamera::QCamera2HardwareInterface::openCamera()  l_curr_width:800, l_curr_height:480
V/QCamera2HWI(  590): int qcamera::QCamera2HardwareInterface::openCamera()  l_curr_width:720, l_curr_height:480
V/QCamera2HWI(  590): int qcamera::QCamera2HardwareInterface::openCamera()  l_curr_width:640, l_curr_height:480
V/QCamera2HWI(  590): int qcamera::QCamera2HardwareInterface::openCamera()  l_curr_width:352, l_curr_height:288
D/QCamera2HWI(  590): int qcamera::QCamera2HardwareInterface::openCamera(): enable_4k2k is 0
V/QCamera2HWI(  590): int qcamera::QCamera2HardwareInterface::openCamera()  mCameraId:0, picture_sizes_tbl_cnt:24
V/QCamera2HWI(  590): int qcamera::QCamera2HardwareInterface::openCamera()  m_max_pic_width:4160, m_max_pic_height:3120
D/mm-jpeg-intf(  590): jpeg_open gMmCameraJpegLogLevel=1
I/WindowBlurViewManager( 2101): allowChangeBlurBackground
I/WindowBlurViewManager( 2101): setBlurBackground()
E/qomx_image_core(  590): OMX_Init:94] Complete 2
D/QCameraHWI_Mem(  590): void qcamera::QCameraMemory::traceLogAllocStart(size_t, int, const char*) : alloc E count=1 size=1048576
E/QCameraHWI_Mem(  590): void qcamera::QCameraMemory::traceLogAllocStart(size_t, int, const char*):HeapMemsize 1048576
D/QCameraHWI_Mem(  590): void qcamera::QCameraMemory::traceLogAllocStart(size_t, int, const char*) : alloc E count=1 size=1048576
E/QCameraHWI_Mem(  590): void qcamera::QCameraMemory::traceLogAllocStart(size_t, int, const char*):Memsize 1048576
D/QCameraHWI_Mem(  590): int qcamera::QCameraMemory::alloc(int, size_t, unsigned int) : No memory pool available and So allocate new buffer
D/QCameraHWI_Mem(  590): static int qcamera::QCameraMemory::allocOneBuffer(qcamera::QCameraMemory::QCameraMemInfo&, unsigned int, size_t, bool) : ION buffer 1 with size 1048576 allocated
D/QCameraHWI_Mem(  590):  void qcamera::QCameraMemory::traceLogAllocEnd(size_t) : X
E/QCameraHWI_Mem(  590): void qcamera::QCameraMemory::traceLogAllocEnd(size_t) 1048576
D/QCameraHWI_Mem(  590):  void qcamera::QCameraMemory::traceLogAllocEnd(size_t) : X
E/QCameraHWI_Mem(  590): void qcamera::QCameraMemory::traceLogAllocEnd(size_t) 1048576
D/QCameraParameters(  590): int32_t qcamera::QCameraParameters::initDefaultParameters(): supported preview sizes: 1920x1080,1280x960,1280x720,960x720,720x720,960x540,864x480,800x480,768x432,720x540,720x480,640x480,576x432,480x320,384x288,352x288,320x240,240x160,208x144,176x144,160x120,144x176
D/QCameraParameters(  590): int32_t qcamera::QCameraParameters::initDefaultParameters(): supported video sizes: 1920x1080,1280x960,1280x720,864x480,800x480,720x480,640x480,480x320,352x288,320x240,208x144,176x144,160x120
D/QCameraParameters(  590): int32_t qcamera::QCameraParameters::initDefaultParameters(): supported pic sizes: 4160x3120,4160x2336,4000x3000,3104x3104,4096x2160,3264x2448,3200x2400,3264x1836,2592x1944,2592x1456,1944x1944,2048x1536,1920x1080,1600x1200,1280x960,1280x768,1280x720,1024x768,800x600,800x480,720x480,640x480,352x288,320x240
D/QCameraParameters(  590): int32_t qcamera::QCameraParameters::initDefaultParameters(): supported fps ranges: (15000,15000),(24000,24000),(7500,30000),(30000,30000)
D/QCameraParameters(  590): int32_t qcamera::QCameraParameters::setPreviewFpsRange(int, int, int, int): Updated: minFps = 7500, maxFps = 30000 , vid minFps = 7500, vid maxFps = 30000
D/QCamera2HWI(  590): int qcamera::QCamera2HardwareInterface::calcThermalLevel(qcamera::qcamera_thermal_level_enum_t, int, int, cam_fps_range_t&, msm_vfe_frame_skip_pattern&): level: 0, preview minfps 7500.000000, preview maxfpS 30000.000000, video minfps 7500.000000, video maxfpS 30000.000000
D/QCamera2HWI(  590): int qcamera::QCamera2HardwareInterface::calcThermalLevel(qcamera::qcamera_thermal_level_enum_t, int, int, cam_fps_range_t&, msm_vfe_frame_skip_pattern&): Thermal level 0, FPS [7.50,30.00, 7.50,30.00], frameskip 0
D/QCameraParameters(  590): int32_t qcamera::QCameraParameters::setPreviewFpsRange(int, int, int, int): Thermal adjusted Preview fps range 7.50,30.00, 7.50, 30.00
D/QCameraParameters(  590): int32_t qcamera::QCameraParameters::initDefaultParameters(): supported fps rates: 8,9,10,11,12,13,14,15,16,17,18,19,20,21,22,23,24,25,26,27,28,29,30
D/QCameraParameters(  590): int32_t qcamera::QCameraParameters::setFocusMode(const char*): Setting focus mode auto
D/QCameraParameters(  590): int32_t qcamera::QCameraParameters::setFocusAreas(const char*): BestShot: FocusArea reset 0
D/QCameraParameters(  590): HAL init parameters hw-manual-focus-supported=true
D/QCameraParameters(  590): int32_t qcamera::QCameraParameters::setWhiteBalance(const char*): Setting WhiteBalance value auto
D/QCameraParameters(  590): int32_t qcamera::QCameraParameters::setFlash(const char*): Setting Flash value off
D/QCameraParameters(  590): int32_t qcamera::QCameraParameters::setSceneMode(const char*): Setting SceneMode auto
D/QCameraParameters(  590): int32_t qcamera::QCameraParameters::setISOValue(const char*): Setting ISO value auto
D/QCameraParameters(  590): int32_t qcamera::QCameraParameters::setISOValue(const char*): Setting ISO value auto
D/QCameraParameters(  590): int32_t qcamera::QCameraParameters::AddSetParmEntryToBatch(void*, cam_intf_parm_type_t, size_t, void*):Batch parameter overwrite for param: 20
D/QCameraParameters(  590): [procam_mode]: int32_t qcamera::QCameraParameters::initDefaultParameters() the exposure range is (0.000010, 86.000000)
D/QCameraParameters(  590): int32_t qcamera::QCameraParameters::initDefaultParameters(), Exposure time min 0.010322 ms, max 86000.000000 ms
D/QCameraParameters(  590): int32_t qcamera::QCameraParameters::initDefaultParameters(), ISO min 100, max 1600
D/QCameraParameters(  590): int32_t qcamera::QCameraParameters::setAEBracket(const char*), EXP_BRACKETING_OFF
D/QCameraParameters(  590): int32_t qcamera::QCameraParameters::setDISValue(const char*): Setting DIS value disable
D/QCameraParameters(  590): HAL init parameters zsl-mode-supported=true, hw-burst-support-count=20
D/QCameraParameters(  590): HAL init parameters hw-k3-burst-supported true
D/QCameraParameters(  590): HAL init parameters hw-best-photo=true
D/QCameraParameters(  590): HAL init parameters hw_beauty_mode_support true
D/QCameraParameters(  590): HAL init parameters hw-video-beauty-supported true
D/QCameraParameters(  590): HAL init parameters face beauty leve 0-10
D/QCameraParameters(  590): HAL init parameters target-tracking-supported true
D/QCameraParameters(  590): HAL init parameters hw-smile-face-shotmode-supported true
D/QCameraParameters(  590): HAL init parameters hw-image-denoise-supported false
D/QCameraParameters(  590): HAL init parameters hw-post-process-supported true
D/QCameraParameters(  590): HAL init parameters hw-scope-supported false
D/QCameraParameters(  590): HAL init parameters hw-refocus-supported true
D/QCameraParameters(  590): int32_t qcamera::QCameraParameters::initDefaultParameters(): totalram = -1363185664, freeram = 176320512 
D/QCameraParameters(  590): HAL init parameters hw-nice-food-supported true
D/QCameraParameters(  590): hw-otp-check: 0x0
D/QCameraParameters(  590): [procam_mode]: hw-professional-mode-supported: true
D/QCameraParameters(  590): [procam_mode]: iso:100,1600
D/QCameraParameters(  590): [procam_mode]: int32_t qcamera::QCameraParameters::initDefaultParameters() the iso range is (100,1600)
D/QCameraParameters(  590): [procam_mode]: wb_cct:2000,8000
D/mm-camera(  482): mct_pipeline_process_set:command=800000e
D/QCameraParameters(  590): int32_t qcamera::QCameraParameters::setNumOfSnapshot(): nBurstNum = 1, nExpnum = 1
I/MyFilterAlgo(  590): myFilter: myFilterEngine loaded. Ver 1.06
I/MyFilterAlgo(  590): myFilter: myFilterEngine loaded. Ver 1.06
V/QCamera2HWI(  590): static int qcamera::QCamera2HardwareInterface::getCapabilities(uint32_t, camera_info*)  cameraId:0
I/ProjectName(  590): Tornado Version 2.11
D/QCameraParameters(  590): int qcamera::QCameraParameters::getSystemDefAETarget(void*, int*, int*) const :default_luma_normal:50 default_luma_outdoor:50
V/QCamera2HWI(  590): int qcamera::QCamera2HardwareInterface::openCamera(): ro.config.hw_auto_scene=true
D/QCamera2HWI(  590): int qcamera::QCamera2HardwareInterface::openCamera():ro.config.hw_camera_smartae=false
I/QCamera2HWI(  590): smartae: SmartAE is NOT supported!
E/QCamera2HWI(  590): int qcamera::QCamera2HardwareInterface::openCamera(): nicefood_prop = true
V/QCamera2HWI(  590): int qcamera::QCamera2HardwareInterface::openCamera(): nicefood used
I/NiceFoodAlgo(  590): mrc_cg_NiceFood_ippInitialize , v1.09
E/[HWCamera] NiceFoodDLibLoader(  590): getConfigPath Can't Open config pathResult file!use default pathResult: /system/etc/camera/nicefood/device.config
W/[HWCamera] NiceFoodDLibLoader(  590): failed to get NiceFood ConfigPath, will use the default para path : /system/etc/camera/nicefood/config/default/niceFood.dat
I/NiceFoodAlgo(  590): setConfigPath: /system/etc/camera/nicefood/config/default/niceFood.dat
I/Thermal-Lib(  590): Thermal-Lib-Client: Registraion successful for camera with handle:1
I/Thermal-Lib(  590): Thermal-Lib-Client: Registraion successful for camcorder with handle:2
D/QCamera2HWI(  590): int qcamera::QCamera2HardwareInterface::enableMsgType(int32_t) (0xc0d) : mMsgEnabled = 0xc0d
D/QCamera2HWI(  590): int qcamera::QCamera2HardwareInterface::enableMsgType(int32_t) (0x10000) : mMsgEnabled = 0x10c0d
I/ThermalEngine(  418): Thermal-Server: Adding thermal event listener on fd 52
I/Thermal-Lib(  590): Thermal-Lib-Client: Client received msg camera 0
D/QCamera2HWI(  590): int qcamera::QCamera2HardwareInterface::enableMsgType(int32_t) (0x20000) : mMsgEnabled = 0x30c0d
I/Thermal-Lib(  590): Thermal-Lib-Client: Client received msg camcorder 0
E/Camera  ( 8178): Camera new cameraInitNormal:0
D/JavaCameraView( 8178): getSupportedPreviewSizes()
D/JavaCameraView( 8178): Set preview size to 1280x960
E/QCameraParameters(  590): int32_t qcamera::QCameraParameters::updateParameters(qcamera::QCameraParameters&, bool&)  hw_panorama:(null)
D/QCameraParameters(  590): void qcamera::QCameraParameters::setSlowMotionMode(qcamera::QCameraParameters&):strSlowMotion = (null)
D/QCameraParameters(  590): int32_t qcamera::QCameraParameters::setRefocusMode(qcamera::QCameraParameters&), E  str:(null)  prev_str:(null)
D/QCameraParameters(  590): int32_t qcamera::QCameraParameters::setRefocusMode(qcamera::QCameraParameters&), refocus mode is already off, return
D/QCameraParameters(  590): int32_t qcamera::QCameraParameters::setRefocusMode(qcamera::QCameraParameters&),  refocus_cam_params  is_enable:0  max_snapshot_num:0
D/QCameraParameters(  590): int32_t qcamera::QCameraParameters::setRefocusMode(qcamera::QCameraParameters&),  rc:0
D/QCameraParameters(  590): int32_t qcamera::QCameraParameters::setPreviewSize(const qcamera::QCameraParameters&): Requested preview size 1280 x 960
D/QCameraParameters(  590): No Record Size requested, use the preview dimensions[1280 x 960]
D/QCameraParameters(  590): int32_t qcamera::QCameraParameters::setVideoSize(const qcamera::QCameraParameters&): Requested video size 1280 x 960
D/QCameraParameters(  590): int32_t qcamera::QCameraParameters::setPictureSize(const qcamera::QCameraParameters&): Requested picture size 320 x 240
D/QCameraParameters(  590): Param m_bNoDisplayMode = 0
D/QCameraParameters(  590): int32_t qcamera::QCameraParameters::setPreviewFpsRange(const qcamera::QCameraParameters&): FpsRange Values:(7500, 30000)
D/QCameraParameters(  590): int32_t qcamera::QCameraParameters::setPreviewFpsRange(const qcamera::QCameraParameters&): Requested FpsRange Values:(7500, 30000)
D/QCameraParameters(  590): HFR mode is OFF
D/QCameraParameters(  590): int32_t qcamera::QCameraParameters::setFocusMode(const qcamera::QCameraParameters&):    scene mode = auto 
D/QCameraParameters(  590): int32_t qcamera::QCameraParameters::setFocusMode(const char*): Setting focus mode continuous-video
D/QCameraParameters(  590): int32_t qcamera::QCameraParameters::setSceneMode(const qcamera::QCameraParameters&): do not change the setHDRNeed1x on EMUI3
D/QCameraParameters(  590): int32_t qcamera::QCameraParameters::setFocusPosition(const qcamera::QCameraParameters&), manul focus off 
D/QCameraParameters(  590): int32_t qcamera::QCameraParameters::setAEBracket(const qcamera::QCameraParameters&) sceneMode=auto
D/QCameraParameters(  590): int32_t qcamera::QCameraParameters::setAEBracket(const char*), EXP_BRACKETING_OFF
V/QCameraParameters(  590): int32_t qcamera::QCameraParameters::setJpegThumbnailSize(const qcamera::QCameraParameters&): ThumbnailSize (512 x 384)
V/QCameraParameters(  590): int32_t qcamera::QCameraParameters::setISPDebugMask(): ctrl mask :0
V/QCameraParameters(  590): int32_t qcamera::QCameraParameters::setAlgoOptimizationsMask(): algo opt ctrl mask :0
D/QCameraParameters(  590): int32_t qcamera::QCameraParameters::setFssr(const qcamera::QCameraParameters&): FSSR is not supported
D/QCameraParameters(  590): int32_t qcamera::QCameraParameters::setMultiTouchFocus(const qcamera::QCameraParameters&): multi-touch focus is not supported
